[ 12.023676 0:2 ax_runtime:315] runtime console active: serial0, ttyS0
Boot at 1970-01-01 00:00:12.023712040 UTC

[ 12.024154 0:9 sdmmc_protocol::sdio::init::state_machine:102] sdio: submit bus op ResetAll
[ 12.024444 0:9 ax_fs_ng::block::runtime::hctx:237] prepared block hctx 0 on CPU 0 with hardware depth 1
[ 12.024616 0:9 ax_fs_ng::block::runtime::lifecycle::device:325] block device cvsd IRQ source 0 (IrqId { domain: IrqDomainId(7), hwirq: HwIrq(36) }) fixed to CPU 0 for queue mask 0x1
[ 12.025571 0:10 sdmmc_protocol::sdio::init::state_machine:102] sdio: submit bus op PowerOn
[ 12.035798 0:10 sdmmc_protocol::sdio::init::state_machine:102] sdio: submit bus op SwitchVoltage(V330)
[ 12.037524 0:10 sdmmc_protocol::sdio::init::state_machine:63] sdio: submit bus op SetBusWidth(Bit1)
[ 12.037618 0:10 sdmmc_protocol::sdio::init::state_machine:63] sdio: submit bus op SetClock(Identification)
[ 12.060859 0:10 sdmmc_protocol::sdio::init::state_machine::identify:175] sdio: detected Sd ocr=0xc1ff8000
[ 12.062734 0:10 sdmmc_protocol::sdio::init::state_machine::identify:340] sdio: CSD capacity_blocks=Some(124735488)
[ 12.063187 0:10 sdmmc_protocol::sdio::init::state_machine::identify:354] sdio: switch SD bus width to 4-bit
[ 12.064093 0:10 sdmmc_protocol::sdio::init::state_machine:63] sdio: submit bus op SetBusWidth(Bit4)
[ 12.064557 0:10 sdmmc_protocol::sdio::init::state_machine:63] sdio: submit bus op SetClock(Default)
[ 12.068934 0:10 sdmmc_protocol::sdio::init::state_machine::sd:185] sdio: SD speed selected HighSpeed
[ 12.069411 0:10 sdmmc_protocol::sdio::init::state_machine:237] sdio: init done kind=Sd sd_v2=true high_capacity=true rca=0xaaaa ocr=0xc1ff8000 host_bus_width=Bit4 ext_csd_bus_width=None ext_csd_timing=None
[ 12.069453 0:10 sdmmc_protocol::rdif::queue:173] sdmmc block init complete: kind=Sd high_capacity=true rca=43690 capacity_blocks=124735488 cache_enabled=false
[ 12.072145 0:2 ax_fs_ng::root:349]     partition 1 name=None fs=None lba 2048..133120
[ 12.073054 0:2 ax_fs_ng::root:349]     partition 2 name=None fs=Some(Ext4) lba 133120..4331520
[ 12.073104 0:2 ax_fs_ng::root:365]   block device 0 (cvsd) has Mbr partition table with 2 partitions
[ 12.073739 0:2 ax_fs_ng::root:475]   matched root by device path on disk0 partition 2 (<unnamed>, fs=ext4, lba 133120..4331520)
[ 12.073802 0:2 ax_fs_ng:95] Initialize filesystem subsystem...
[ 12.073825 0:2 ax_fs_ng:96]   selected root device: disk0 partition 2 (<unnamed>, fs=ext4, lba 133120..4331520)
[ 12.252727 0:2 ax_fs_ng:108]   filesystem type: "ext4"
[ 12.253139 0:2 ax_runtime:346] Primary CPU 0 init OK.
[ 12.253514 0:2 ax_fs_ng::block::runtime::lifecycle::device:418] block device cvsd online with 1 hctxs across 1 CPUs
[ 12.255248 0:2 ax_runtime::irq:193] registered wlan0-g0-s0 IRQ IrqId { domain: IrqDomainId(7), hwirq: HwIrq(38) } on fixed CPU 0
[ 12.255436 0:11 aic8800::rdif::device::endpoints::startup:90] [wifi] AIC owner startup timeout armed for 60s
[ 12.255496 0:11 aic8800::rdif::device::endpoints::startup:98] [wifi] AIC owner startup waiting 1ms for SDIO1 reset settle
[ 12.256569 0:11 aic8800::rdif::device::endpoints::startup:157] [wifi] AIC owner reset settle complete; starting SDIO card enumeration
[ 12.256625 0:11 aic8800::rdif::owner::progress:99] [wifi] SDIO completion IRQ enabled; submitting IO-card initialization
[ 12.295286 0:11 aic8800::rdif::owner::progress:398] [wifi] detected supported AIC SDIO variant Aic8800D80
panicked at os/arceos/modules/axruntime/src/devices.rs:97:29:
failed to initialize network queue runtime: secure Wi-Fi startup entropy failed: trusted wireless connection entropy is unavailable
BACKTRACE_BEGIN kind=panic arch=riscv64 alloc=false dwarf=false
BT_ERROR requires_alloc
BACKTRACE_END
