root@starry:/root # iperf3 -s 1
[ 22.991926 0:21 starry_kernel::syscall::task::wait:360] sys_waitpid <= pid: -1, options: WaitPidOptions(WUNTRACED)
[ 22.992317 0:38 starry_kernel::task::user:71] Enter user space: ip=0x6013d7ae, sp=0x3fffff570
-----------------------------------------------------------
Server listening on 5201 (test #1)
-----------------------------------------------------------
Accepted connection from 192.168.137.1, port 58443
[  5] local 192.168.137.239 port 5201 connected to 192.168.137.1 port 58444
[ 44.366560 0:39 starry_kernel::task::user:71] Enter user space: ip=0x601524d0, sp=0x428af0
[ ID] Interval           Transfer     Bitrate
[  5]   0.00-1.00   sec  3.38 MBytes  28.2 Mbits/sec
[  5]   1.00-2.00   sec  3.50 MBytes  29.4 Mbits/sec
[  5]   2.00-3.00   sec  3.38 MBytes  28.3 Mbits/sec
[  5]   3.00-4.00   sec  3.62 MBytes  30.3 Mbits/sec
[  5]   4.00-5.00   sec  3.50 MBytes  29.4 Mbits/sec
[  5]   5.00-6.00   sec  3.38 MBytes  28.3 Mbits/sec
[  5]   6.00-7.00   sec  3.50 MBytes  29.4 Mbits/sec
[  5]   7.00-8.00   sec  3.50 MBytes  29.3 Mbits/sec
[  5]   8.00-9.00   sec  3.50 MBytes  29.4 Mbits/sec
[  5]   9.00-9.64   sec  2.25 MBytes  29.5 Mbits/sec
[ 54.012535 0:39 starry_kernel::task::ops:348] Task(39, "iperf3") exit with code: 0
- - - - - - - - - - - - - - - - - - - - - - - - -
[ ID] Interval           Transfer     Bitrate
[  5]   0.00-9.64   sec  33.5 MBytes  29.1 Mbits/sec                  receiver
-----------------------------------------------------------
Server listening on 5201 (test #2)
-----------------------------------------------------------
Accepted connection from 192.168.137.1, port 58452
[  5] local 192.168.137.239 port 5201 connected to 192.168.137.1 port 58453
[ 59.753087 0:40 starry_kernel::task::user:71] Enter user space: ip=0x601524d0, sp=0x428af0
[ ID] Interval           Transfer     Bitrate         Retr  Cwnd
[  5]   0.00-1.00   sec  2.00 MBytes  16.7 Mbits/sec    0   0.00 Bytes
[  5]   1.00-2.00   sec  2.00 MBytes  16.8 Mbits/sec    0   0.00 Bytes
[  5]   2.00-3.00   sec  2.00 MBytes  16.8 Mbits/sec    0   0.00 Bytes
[  5]   3.00-4.00   sec  2.12 MBytes  17.8 Mbits/sec    0   0.00 Bytes
[  5]   4.00-5.00   sec  2.12 MBytes  17.8 Mbits/sec    0   0.00 Bytes
[  5]   5.00-6.00   sec  2.00 MBytes  16.8 Mbits/sec    0   0.00 Bytes
[  5]   6.00-7.00   sec  2.12 MBytes  17.8 Mbits/sec    0   0.00 Bytes
[  5]   7.00-8.00   sec  2.12 MBytes  17.8 Mbits/sec    0   0.00 Bytes
[  5]   8.00-9.00   sec  2.12 MBytes  17.8 Mbits/sec    0   0.00 Bytes
[  5]   9.00-9.64   sec  1.38 MBytes  17.9 Mbits/sec    0   0.00 Bytes
- - - - - - - - - - - - - - - - - - - - - - - - -
[ 69.441245 0:40 starry_kernel::task::ops:348] Task(40, "iperf3") exit with code: 0
[ ID] Interval           Transfer     Bitrate         Retr
[  5]   0.00-9.64   sec  20.0 MBytes  17.4 Mbits/sec    0            sender
-----------------------------------------------------------
Server listening on 5201 (test #3)
-----------------------------------------------------------
Accepted connection from 192.168.137.1, port 52387
[  5] local 192.168.137.239 port 5201 connected to 192.168.137.1 port 52388
[ 77.499678 0:41 starry_kernel::task::user:71] Enter user space: ip=0x601524d0, sp=0x448af0
[  8] local 192.168.137.239 port 5201 connected to 192.168.137.1 port 52389
[ 77.500221 0:42 starry_kernel::task::user:71] Enter user space: ip=0x601524d0, sp=0x46baf0
[ ID][Role] Interval           Transfer     Bitrate         Retr  Cwnd
[  5][RX-S]   0.00-1.00   sec   896 KBytes  7.33 Mbits/sec
[  8][TX-S]   0.00-1.00   sec  1.25 MBytes  10.5 Mbits/sec    0   0.00 Bytes
[  5][RX-S]   1.00-2.00   sec  1.38 MBytes  11.5 Mbits/sec
[  8][TX-S]   1.00-2.00   sec  1.50 MBytes  12.6 Mbits/sec    0   0.00 Bytes
[  5][RX-S]   2.00-3.05   sec  1.12 MBytes  9.03 Mbits/sec
[  8][TX-S]   2.00-3.05   sec  1.25 MBytes  10.0 Mbits/sec    0   0.00 Bytes
[  5][RX-S]   3.05-4.00   sec  1.12 MBytes  9.85 Mbits/sec
[  8][TX-S]   3.05-4.00   sec  1.25 MBytes  11.0 Mbits/sec    0   0.00 Bytes
[  5][RX-S]   4.00-5.00   sec  1.00 MBytes  8.40 Mbits/sec
[  8][TX-S]   4.00-5.00   sec  1.00 MBytes  8.40 Mbits/sec    0   0.00 Bytes
[  5][RX-S]   5.00-6.01   sec  1.00 MBytes  8.36 Mbits/sec
[  8][TX-S]   5.00-6.01   sec  1.25 MBytes  10.4 Mbits/sec    0   0.00 Bytes
[  5][RX-S]   6.01-7.00   sec  1.00 MBytes  8.43 Mbits/sec
[  8][TX-S]   6.01-7.00   sec  1.25 MBytes  10.5 Mbits/sec    0   0.00 Bytes
[  5][RX-S]   7.00-8.00   sec  1.38 MBytes  11.5 Mbits/sec
[  8][TX-S]   7.00-8.00   sec  1.38 MBytes  11.5 Mbits/sec    0   0.00 Bytes
[  5][RX-S]   8.00-9.00   sec  1.12 MBytes  9.42 Mbits/sec
[  8][TX-S]   8.00-9.00   sec  1.25 MBytes  10.5 Mbits/sec    0   0.00 Bytes
[  5][RX-S]   9.00-9.63   sec   512 KBytes  6.65 Mbits/sec
[  8][TX-S]   9.00-9.63   sec   640 KBytes  8.32 Mbits/sec    0   0.00 Bytes
[ 87.171293 0:41 starry_kernel::task::ops:348] Task(41, "iperf3") exit with code: 0
- - - - - - - - - - - - - - - - - - - - - - - - -
[ 87.221525 0:42 starry_kernel::task::ops:348] Task(42, "iperf3") exit with code: 0
[ ID][Role] Interval           Transfer     Bitrate         Retr
[  5][RX-S]   0.00-9.63   sec  10.5 MBytes  9.14 Mbits/sec                  receiver
[  8][TX-S]   0.00-9.63   sec  12.0 MBytes  10.4 Mbits/sec    0            sender
-----------------------------------------------------------
Server listening on 5201 (test #4)
-----------------------------------------------------------
[115.091910 0:12 ax_net::orphan:156] Reaped expired orphan socket #2
[157.080751 0:12 ax_net::orphan:156] Reaped expired orphan socket #3
Accepted connection from 192.168.137.1, port 51337
[  5] local 192.168.137.239 port 5201 connected to 192.168.137.1 port 51338
[178.289153 0:43 starry_kernel::task::user:71] Enter user space: ip=0x601524d0, sp=0x468af0
[  8] local 192.168.137.239 port 5201 connected to 192.168.137.1 port 51339
[178.289647 0:44 starry_kernel::task::user:71] Enter user space: ip=0x601524d0, sp=0x48baf0
[ 10] local 192.168.137.239 port 5201 connected to 192.168.137.1 port 51340
[178.290171 0:45 starry_kernel::task::user:71] Enter user space: ip=0x601524d0, sp=0x4aeaf0
[ ID] Interval           Transfer     Bitrate
[  5]   0.00-1.00   sec  1.50 MBytes  12.5 Mbits/sec
[  8]   0.00-1.00   sec  1.38 MBytes  11.5 Mbits/sec
[ 10]   0.00-1.00   sec  1.50 MBytes  12.5 Mbits/sec
[SUM]   0.00-1.00   sec  4.38 MBytes  36.6 Mbits/sec
- - - - - - - - - - - - - - - - - - - - - - - - -
[  5]   1.00-2.00   sec  1.38 MBytes  11.5 Mbits/sec
[  8]   1.00-2.00   sec  1.50 MBytes  12.6 Mbits/sec
[ 10]   1.00-2.00   sec  1.50 MBytes  12.6 Mbits/sec
[SUM]   1.00-2.00   sec  4.38 MBytes  36.7 Mbits/sec
- - - - - - - - - - - - - - - - - - - - - - - - -
[  5]   2.00-3.00   sec  1.50 MBytes  12.6 Mbits/sec
[  8]   2.00-3.00   sec  1.62 MBytes  13.6 Mbits/sec
[ 10]   2.00-3.00   sec  1.38 MBytes  11.5 Mbits/sec
[SUM]   2.00-3.00   sec  4.50 MBytes  37.8 Mbits/sec
- - - - - - - - - - - - - - - - - - - - - - - - -
[  5]   3.00-4.00   sec  1.62 MBytes  13.6 Mbits/sec
[  8]   3.00-4.00   sec  1.50 MBytes  12.6 Mbits/sec
[ 10]   3.00-4.00   sec  1.62 MBytes  13.6 Mbits/sec
[SUM]   3.00-4.00   sec  4.75 MBytes  39.8 Mbits/sec
- - - - - - - - - - - - - - - - - - - - - - - - -
[  5]   4.00-5.00   sec  1.50 MBytes  12.6 Mbits/sec
[  8]   4.00-5.00   sec  1.50 MBytes  12.6 Mbits/sec
[ 10]   4.00-5.00   sec  1.50 MBytes  12.6 Mbits/sec
[SUM]   4.00-5.00   sec  4.50 MBytes  37.7 Mbits/sec
- - - - - - - - - - - - - - - - - - - - - - - - -
[  5]   5.00-6.00   sec  1.50 MBytes  12.6 Mbits/sec
[  8]   5.00-6.00   sec  1.50 MBytes  12.6 Mbits/sec
[ 10]   5.00-6.00   sec  1.50 MBytes  12.6 Mbits/sec
[SUM]   5.00-6.00   sec  4.50 MBytes  37.8 Mbits/sec
- - - - - - - - - - - - - - - - - - - - - - - - -
[  5]   6.00-7.00   sec  1.62 MBytes  13.6 Mbits/sec
[  8]   6.00-7.00   sec  1.38 MBytes  11.5 Mbits/sec
[ 10]   6.00-7.00   sec  1.50 MBytes  12.6 Mbits/sec
[SUM]   6.00-7.00   sec  4.50 MBytes  37.8 Mbits/sec
- - - - - - - - - - - - - - - - - - - - - - - - -
[  5]   7.00-8.00   sec  1.50 MBytes  12.6 Mbits/sec
[  8]   7.00-8.00   sec  1.50 MBytes  12.6 Mbits/sec
[ 10]   7.00-8.00   sec  1.50 MBytes  12.6 Mbits/sec
[SUM]   7.00-8.00   sec  4.50 MBytes  37.7 Mbits/sec
- - - - - - - - - - - - - - - - - - - - - - - - -
[  5]   8.00-9.00   sec  1.50 MBytes  12.6 Mbits/sec
[  8]   8.00-9.00   sec  1.62 MBytes  13.6 Mbits/sec
[ 10]   8.00-9.00   sec  1.50 MBytes  12.6 Mbits/sec
[SUM]   8.00-9.00   sec  4.62 MBytes  38.8 Mbits/sec
- - - - - - - - - - - - - - - - - - - - - - - - -
[188.284150 0:43 starry_kernel::task::ops:348] Task(43, "iperf3") exit with code: 0
[  5]   9.00-9.99   sec  1.50 MBytes  12.8 Mbits/sec
[188.287919 0:44 starry_kernel::task::ops:348] Task(44, "iperf3") exit with code: 0
[  8]   9.00-9.99   sec  1.50 MBytes  12.8 Mbits/sec
[188.291100 0:45 starry_kernel::task::ops:348] Task(45, "iperf3") exit with code: 0
[ 10]   9.00-9.99   sec  1.50 MBytes  12.8 Mbits/sec
[SUM]   9.00-9.99   sec  4.50 MBytes  38.3 Mbits/sec
- - - - - - - - - - - - - - - - - - - - - - - - -
[ ID] Interval           Transfer     Bitrate
[  5]   0.00-9.99   sec  15.1 MBytes  12.7 Mbits/sec                  receiver
[  8]   0.00-9.99   sec  15.0 MBytes  12.6 Mbits/sec                  receiver
[ 10]   0.00-9.99   sec  15.0 MBytes  12.6 Mbits/sec                  receiver
[SUM]   0.00-9.99   sec  45.1 MBytes  37.9 Mbits/sec                  receiver
-----------------------------------------------------------
Server listening on 5201 (test #5)
-----------------------------------------------------------
Accepted connection from 192.168.137.1, port 61352
[  5] local 192.168.137.239 port 5201 connected to 192.168.137.1 port 61353
[198.247275 0:46 starry_kernel::task::user:71] Enter user space: ip=0x601524d0, sp=0x468af0
[  8] local 192.168.137.239 port 5201 connected to 192.168.137.1 port 61354
[198.248080 0:47 starry_kernel::task::user:71] Enter user space: ip=0x601524d0, sp=0x48baf0
[ 10] local 192.168.137.239 port 5201 connected to 192.168.137.1 port 61355
[198.256075 0:12 ax_net::device::ethernet:172] wlan0: transmit failed: Again
[198.256135 0:12 ax_net::device::ethernet:172] wlan0: transmit failed: Again
[198.690484 0:12 ax_net::device::ethernet:172] wlan0: transmit failed: Again
[198.690542 0:12 ax_net::device::ethernet:172] wlan0: transmit failed: Again
[198.809635 0:12 ax_net::device::ethernet:172] wlan0: transmit failed: Again
[198.809694 0:12 ax_net::device::ethernet:172] wlan0: transmit failed: Again
[198.976729 0:12 ax_net::device::ethernet:172] wlan0: transmit failed: Again
[198.976787 0:12 ax_net::device::ethernet:172] wlan0: transmit failed: Again
[198.977903 0:12 ax_net::device::ethernet:172] wlan0: transmit failed: Again
[198.977961 0:12 ax_net::device::ethernet:172] wlan0: transmit failed: Again
[198.978021 0:12 ax_net::device::ethernet:172] wlan0: transmit failed: Again
[ ID] Interval           Transfer     Bitrate         Retr  Cwnd
[199.147299 0:12 ax_net::device::ethernet:172] wlan0: transmit failed: Again
[  5]   0.00-1.06   sec   256 KBytes  1.98 Mbits/sec    0   0.00 Bytes
[199.310752 0:12 ax_net::device::ethernet:172] wlan0: transmit failed: Again
[  8]   0.00-1.06   sec   256 KBytes  1.98 Mbits/sec    0   0.00 Bytes
[199.476084 0:12 ax_net::device::ethernet:172] wlan0: transmit failed: Again
[ 10]   0.00-1.06   sec   128 KBytes   990 Kbits/sec    0   0.00 Bytes
[199.635107 0:12 ax_net::device::ethernet:172] wlan0: transmit failed: Again
[SUM]   0.00-1.06   sec   640 KBytes  4.95 Mbits/sec    0
[199.797245 0:12 ax_net::device::ethernet:172] wlan0: transmit failed: Again
[199.797300 0:12 ax_net::device::ethernet:172] wlan0: transmit failed: Again
[199.955209 0:12 ax_net::device::ethernet:172] wlan0: transmit failed: Again
[199.955267 0:12 ax_net::device::ethernet:172] wlan0: transmit failed: Again
- - - - - - - - - - - - - - - - - - - - - - - - -
[200.116059 0:12 ax_net::device::ethernet:172] wlan0: transmit failed: Again
[  5]   1.06-2.03   sec   128 KBytes  1.08 Mbits/sec    0   0.00 Bytes
[200.279910 0:12 ax_net::device::ethernet:172] wlan0: transmit failed: Again
[  8]   1.06-2.03   sec   128 KBytes  1.08 Mbits/sec    0   0.00 Bytes
[200.284976 0:12 ax_net::device::ethernet:172] wlan0: transmit failed: Again
[ 10]   1.06-2.03   sec  0.00 Bytes  0.00 bits/sec    0   0.00 Bytes
[200.445888 0:12 ax_net::device::ethernet:172] wlan0: transmit failed: Again
[SUM]   1.06-2.03   sec   256 KBytes  2.15 Mbits/sec    0
[200.604681 0:12 ax_net::device::ethernet:172] wlan0: transmit failed: Again
[200.766019 0:12 ax_net::device::ethernet:172] wlan0: transmit failed: Again
[200.921245 0:12 ax_net::device::ethernet:172] wlan0: transmit failed: Again
[200.925163 0:12 ax_net::device::ethernet:172] wlan0: transmit failed: Again
[200.925220 0:12 ax_net::device::ethernet:172] wlan0: transmit failed: Again
- - - - - - - - - - - - - - - - - - - - - - - - -
[201.251271 0:12 ax_net::device::ethernet:172] wlan0: transmit failed: Again
[  5]   2.03-3.01   sec   256 KBytes  2.14 Mbits/sec    0   0.00 Bytes
[201.260001 0:12 ax_net::device::ethernet:172] wlan0: transmit failed: Again
[  8]   2.03-3.01   sec   256 KBytes  2.14 Mbits/sec    0   0.00 Bytes
[201.260473 0:12 ax_net::device::ethernet:172] wlan0: transmit failed: Again
[ 10]   2.03-3.01   sec  0.00 Bytes  0.00 bits/sec    0   0.00 Bytes
[201.581322 0:12 ax_net::device::ethernet:172] wlan0: transmit failed: Again
[SUM]   2.03-3.01   sec   512 KBytes  4.28 Mbits/sec    0
[201.586034 0:12 ax_net::device::ethernet:172] wlan0: transmit failed: Again
[201.911373 0:12 ax_net::device::ethernet:172] wlan0: transmit failed: Again
[201.911430 0:12 ax_net::device::ethernet:172] wlan0: transmit failed: Again
[201.915305 0:12 ax_net::device::ethernet:172] wlan0: transmit failed: Again
[201.915361 0:12 ax_net::device::ethernet:172] wlan0: transmit failed: Again
[202.075817 0:12 ax_net::device::ethernet:172] wlan0: transmit failed: Again
- - - - - - - - - - - - - - - - - - - - - - - - -
[202.231458 0:12 ax_net::device::ethernet:172] wlan0: transmit failed: Again
[  5]   3.01-4.00   sec   256 KBytes  2.12 Mbits/sec    0   0.00 Bytes
[202.235459 0:12 ax_net::device::ethernet:172] wlan0: transmit failed: Again
[  8]   3.01-4.00   sec   256 KBytes  2.12 Mbits/sec    0   0.00 Bytes
[202.236783 0:12 ax_net::device::ethernet:172] wlan0: transmit failed: Again
[ 10]   3.01-4.00   sec  0.00 Bytes  0.00 bits/sec    0   0.00 Bytes
[202.241195 0:12 ax_net::device::ethernet:172] wlan0: transmit failed: Again
[SUM]   3.01-4.00   sec   512 KBytes  4.24 Mbits/sec    0
[202.568006 0:12 ax_net::device::ethernet:172] wlan0: transmit failed: Again
[202.568076 0:12 ax_net::device::ethernet:172] wlan0: transmit failed: Again
[202.888878 0:12 ax_net::device::ethernet:172] wlan0: transmit failed: Again
[202.888935 0:12 ax_net::device::ethernet:172] wlan0: transmit failed: Again
[203.043725 0:12 ax_net::device::ethernet:172] wlan0: transmit failed: Again
- - - - - - - - - - - - - - - - - - - - - - - - -
[203.047577 0:12 ax_net::device::ethernet:172] wlan0: transmit failed: Again
[  5]   4.00-5.00   sec   128 KBytes  1.05 Mbits/sec    0   0.00 Bytes
[203.219117 0:12 ax_net::device::ethernet:172] wlan0: transmit failed: Again
[  8]   4.00-5.00   sec   128 KBytes  1.05 Mbits/sec    0   0.00 Bytes
[203.387222 0:12 ax_net::device::ethernet:172] wlan0: transmit failed: Again
[ 10]   4.00-5.00   sec  0.00 Bytes  0.00 bits/sec    0   0.00 Bytes
[203.390133 0:12 ax_net::device::ethernet:172] wlan0: transmit failed: Again
[SUM]   4.00-5.00   sec   256 KBytes  2.10 Mbits/sec    0
[203.556900 0:12 ax_net::device::ethernet:172] wlan0: transmit failed: Again
[203.556958 0:12 ax_net::device::ethernet:172] wlan0: transmit failed: Again
[203.716087 0:12 ax_net::device::ethernet:172] wlan0: transmit failed: Again
[203.716144 0:12 ax_net::device::ethernet:172] wlan0: transmit failed: Again
[203.874411 0:12 ax_net::device::ethernet:172] wlan0: transmit failed: Again
[203.874466 0:12 ax_net::device::ethernet:172] wlan0: transmit failed: Again
- - - - - - - - - - - - - - - - - - - - - - - - -
[204.036439 0:12 ax_net::device::ethernet:172] wlan0: transmit failed: Again
[  5]   5.00-6.07   sec   384 KBytes  2.95 Mbits/sec    0   0.00 Bytes
[204.151431 0:12 ax_net::device::ethernet:172] wlan0: transmit failed: Again
[  8]   5.00-6.07   sec   256 KBytes  1.97 Mbits/sec    0   0.00 Bytes
[204.152750 0:12 ax_net::device::ethernet:172] wlan0: transmit failed: Again
[ 10]   5.00-6.07   sec  0.00 Bytes  0.00 bits/sec    0   0.00 Bytes
[204.321410 0:12 ax_net::device::ethernet:172] wlan0: transmit failed: Again
[SUM]   5.00-6.07   sec   640 KBytes  4.92 Mbits/sec    0
[204.323788 0:12 ax_net::device::ethernet:172] wlan0: transmit failed: Again
[204.490398 0:12 ax_net::device::ethernet:172] wlan0: transmit failed: Again
[204.490456 0:12 ax_net::device::ethernet:172] wlan0: transmit failed: Again
[204.603139 0:12 ax_net::device::ethernet:172] wlan0: transmit failed: Again
[204.603197 0:12 ax_net::device::ethernet:172] wlan0: transmit failed: Again
[204.766666 0:12 ax_net::device::ethernet:172] wlan0: transmit failed: Again
[204.766734 0:12 ax_net::device::ethernet:172] wlan0: transmit failed: Again
- - - - - - - - - - - - - - - - - - - - - - - - -
[205.086185 0:12 ax_net::device::ethernet:172] wlan0: transmit failed: Again
[  5]   6.07-7.00   sec   256 KBytes  2.25 Mbits/sec    0   0.00 Bytes
[205.087121 0:12 ax_net::device::ethernet:172] wlan0: transmit failed: Again
[  8]   6.07-7.00   sec   256 KBytes  2.25 Mbits/sec    0   0.00 Bytes
[205.088401 0:12 ax_net::device::ethernet:172] wlan0: transmit failed: Again
[ 10]   6.07-7.00   sec  0.00 Bytes  0.00 bits/sec    0   0.00 Bytes
[205.366194 0:12 ax_net::device::ethernet:172] wlan0: transmit failed: Again
[SUM]   6.07-7.00   sec   512 KBytes  4.49 Mbits/sec    0
[205.525943 0:12 ax_net::device::ethernet:172] wlan0: transmit failed: Again
[205.687378 0:12 ax_net::device::ethernet:172] wlan0: transmit failed: Again
[205.687434 0:12 ax_net::device::ethernet:172] wlan0: transmit failed: Again
[205.846338 0:12 ax_net::device::ethernet:172] wlan0: transmit failed: Again
[205.846396 0:12 ax_net::device::ethernet:172] wlan0: transmit failed: Again
- - - - - - - - - - - - - - - - - - - - - - - - -
[205.849013 0:12 ax_net::device::ethernet:172] wlan0: transmit failed: Again
[  5]   7.00-8.09   sec   128 KBytes   965 Kbits/sec    0   0.00 Bytes
[206.008966 0:12 ax_net::device::ethernet:172] wlan0: transmit failed: Again
[  8]   7.00-8.09   sec   256 KBytes  1.93 Mbits/sec    0   0.00 Bytes
[206.170257 0:12 ax_net::device::ethernet:172] wlan0: transmit failed: Again
[ 10]   7.00-8.09   sec  0.00 Bytes  0.00 bits/sec    0   0.00 Bytes
[206.170314 0:12 ax_net::device::ethernet:172] wlan0: transmit failed: Again
[SUM]   7.00-8.09   sec   384 KBytes  2.90 Mbits/sec    0
[206.339545 0:12 ax_net::device::ethernet:172] wlan0: transmit failed: Again
[206.508392 0:12 ax_net::device::ethernet:172] wlan0: transmit failed: Again
[206.508449 0:12 ax_net::device::ethernet:172] wlan0: transmit failed: Again
[206.909076 0:12 ax_net::device::ethernet:172] wlan0: transmit failed: Again
[206.909132 0:12 ax_net::device::ethernet:172] wlan0: transmit failed: Again
[207.069875 0:12 ax_net::device::ethernet:172] wlan0: transmit failed: Again
[207.069940 0:12 ax_net::device::ethernet:172] wlan0: transmit failed: Again
- - - - - - - - - - - - - - - - - - - - - - - - -
[207.071855 0:12 ax_net::device::ethernet:172] wlan0: transmit failed: Again
[  5]   8.09-9.00   sec   384 KBytes  3.44 Mbits/sec    0   0.00 Bytes
[207.192986 0:12 ax_net::device::ethernet:172] wlan0: transmit failed: Again
[  8]   8.09-9.00   sec   256 KBytes  2.29 Mbits/sec    0   0.00 Bytes
[207.356948 0:12 ax_net::device::ethernet:172] wlan0: transmit failed: Again
[ 10]   8.09-9.00   sec  0.00 Bytes  0.00 bits/sec    0   0.00 Bytes
[207.357006 0:12 ax_net::device::ethernet:172] wlan0: transmit failed: Again
[SUM]   8.09-9.00   sec   640 KBytes  5.74 Mbits/sec    0
[207.359444 0:12 ax_net::device::ethernet:172] wlan0: transmit failed: Again
[207.518981 0:12 ax_net::device::ethernet:172] wlan0: transmit failed: Again
[207.519038 0:12 ax_net::device::ethernet:172] wlan0: transmit failed: Again
- - - - - - - - - - - - - - - - - - - - - - - - -
[207.682338 0:12 ax_net::device::ethernet:172] wlan0: transmit failed: Again
[  5]   9.00-9.93   sec   256 KBytes  2.27 Mbits/sec    0   0.00 Bytes
[207.845269 0:12 ax_net::device::ethernet:172] wlan0: transmit failed: Again
[  8]   9.00-9.93   sec   256 KBytes  2.27 Mbits/sec    0   0.00 Bytes
[208.167166 0:12 ax_net::device::ethernet:172] wlan0: transmit failed: Again
[ 10]   9.00-9.93   sec  0.00 Bytes  0.00 bits/sec    0   0.00 Bytes
[208.167223 0:12 ax_net::device::ethernet:172] wlan0: transmit failed: Again
[SUM]   9.00-9.93   sec   512 KBytes  4.53 Mbits/sec    0
[208.167280 0:12 ax_net::device::ethernet:172] wlan0: transmit failed: Again
- - - - - - - - - - - - - - - - - - - - - - - - -
[208.167337 0:12 ax_net::device::ethernet:172] wlan0: transmit failed: Again
[ ID] Interval           Transfer     Bitrate         Retr
[208.167395 0:12 ax_net::device::ethernet:172] wlan0: transmit failed: Again
[  5]   0.00-9.93   sec  2.38 MBytes  2.01 Mbits/sec    0            sender
[208.167452 0:12 ax_net::device::ethernet:172] wlan0: transmit failed: Again
[  8]   0.00-9.93   sec  2.25 MBytes  1.90 Mbits/sec    0            sender
[208.167509 0:12 ax_net::device::ethernet:172] wlan0: transmit failed: Again
[ 10]   0.00-9.93   sec   128 KBytes   106 Kbits/sec    0            sender
[208.167567 0:12 ax_net::device::ethernet:172] wlan0: transmit failed: Again
[SUM]   0.00-9.93   sec  4.75 MBytes  4.01 Mbits/sec    0             sender
[208.167625 0:12 ax_net::device::ethernet:172] wlan0: transmit failed: Again
-----------------------------------------------------------
[208.177082 0:12 ax_net::device::ethernet:172] wlan0: transmit failed: Again
Server listening on 5201 (test #6)
[208.177152 0:12 ax_net::device::ethernet:172] wlan0: transmit failed: Again
-----------------------------------------------------------
[208.177209 0:12 ax_net::device::ethernet:172] wlan0: transmit failed: Again
[208.177267 0:12 ax_net::device::ethernet:172] wlan0: transmit failed: Again
[208.177323 0:12 ax_net::device::ethernet:172] wlan0: transmit failed: Again
[208.177380 0:12 ax_net::device::ethernet:172] wlan0: transmit failed: Again
[208.177437 0:12 ax_net::device::ethernet:172] wlan0: transmit failed: Again
[208.177494 0:12 ax_net::device::ethernet:172] wlan0: transmit failed: Again
[208.291039 0:12 ax_net::device::ethernet:172] wlan0: transmit failed: Again
[208.291109 0:12 ax_net::device::ethernet:172] wlan0: transmit failed: Again
[208.291168 0:12 ax_net::device::ethernet:172] wlan0: transmit failed: Again
[208.291224 0:12 ax_net::device::ethernet:172] wlan0: transmit failed: Again
[208.291282 0:12 ax_net::device::ethernet:172] wlan0: transmit failed: Again
[208.291339 0:12 ax_net::device::ethernet:172] wlan0: transmit failed: Again
[208.291396 0:12 ax_net::device::ethernet:172] wlan0: transmit failed: Again
[208.291454 0:12 ax_net::device::ethernet:172] wlan0: transmit failed: Again
[208.291512 0:12 ax_net::device::ethernet:172] wlan0: transmit failed: Again
[208.291570 0:12 ax_net::device::ethernet:172] wlan0: transmit failed: Again
[208.291627 0:12 ax_net::device::ethernet:172] wlan0: transmit failed: Again
[208.296728 0:12 ax_net::device::ethernet:172] wlan0: transmit failed: Again
[208.296799 0:12 ax_net::device::ethernet:172] wlan0: transmit failed: Again
[208.296856 0:12 ax_net::device::ethernet:172] wlan0: transmit failed: Again
[208.296912 0:12 ax_net::device::ethernet:172] wlan0: transmit failed: Again
[208.296969 0:12 ax_net::device::ethernet:172] wlan0: transmit failed: Again
[208.455757 0:12 ax_net::device::ethernet:172] wlan0: transmit failed: Again
[208.455826 0:12 ax_net::device::ethernet:172] wlan0: transmit failed: Again
[208.455884 0:12 ax_net::device::ethernet:172] wlan0: transmit failed: Again
[208.455941 0:12 ax_net::device::ethernet:172] wlan0: transmit failed: Again
[208.455999 0:12 ax_net::device::ethernet:172] wlan0: transmit failed: Again
[208.456056 0:12 ax_net::device::ethernet:172] wlan0: transmit failed: Again
[208.456114 0:12 ax_net::device::ethernet:172] wlan0: transmit failed: Again
[208.456171 0:12 ax_net::device::ethernet:172] wlan0: transmit failed: Again
[208.456230 0:12 ax_net::device::ethernet:172] wlan0: transmit failed: Again
[208.456288 0:12 ax_net::device::ethernet:172] wlan0: transmit failed: Again
[208.456346 0:12 ax_net::device::ethernet:172] wlan0: transmit failed: Again
[208.456404 0:12 ax_net::device::ethernet:172] wlan0: transmit failed: Again
[208.456462 0:12 ax_net::device::ethernet:172] wlan0: transmit failed: Again
[208.456519 0:12 ax_net::device::ethernet:172] wlan0: transmit failed: Again
[208.458853 0:12 ax_net::device::ethernet:172] wlan0: transmit failed: Again
[208.458924 0:12 ax_net::device::ethernet:172] wlan0: transmit failed: Again
[208.458980 0:12 ax_net::device::ethernet:172] wlan0: transmit failed: Again
[208.459037 0:12 ax_net::device::ethernet:172] wlan0: transmit failed: Again
[208.459093 0:12 ax_net::device::ethernet:172] wlan0: transmit failed: Again
[208.459149 0:12 ax_net::device::ethernet:172] wlan0: transmit failed: Again
[208.459205 0:12 ax_net::device::ethernet:172] wlan0: transmit failed: Again
[208.459261 0:12 ax_net::device::ethernet:172] wlan0: transmit failed: Again
[208.459317 0:12 ax_net::device::ethernet:172] wlan0: transmit failed: Again
[208.459373 0:12 ax_net::device::ethernet:172] wlan0: transmit failed: Again
[208.459428 0:12 ax_net::device::ethernet:172] wlan0: transmit failed: Again
[208.459484 0:12 ax_net::device::ethernet:172] wlan0: transmit failed: Again
[208.460679 0:47 starry_kernel::task::ops:348] Task(47, "iperf3") exit with code: 0
[208.461454 0:38 starry_kernel::task::signal:584] Send signal SIGRT1 to thread 3
[208.463883 0:46 starry_kernel::task::ops:348] Task(46, "iperf3") exit with code: 0
[208.465776 0:38 starry_kernel::task::signal:584] Send signal SIGRT1 to thread 5
[208.469005 0:48 starry_kernel::task::ops:348] Task(48, "iperf3") exit with code: 0
Accepted connection from 192.168.137.1, port 52067
[  5] local 192.168.137.239 port 5201 connected to 192.168.137.1 port 52068
[235.159061 0:49 starry_kernel::task::user:71] Enter user space: ip=0x601524d0, sp=0x428af0
[ ID] Interval           Transfer     Bitrate         Retr  Cwnd
[  5]   0.00-1.00   sec  2.12 MBytes  17.8 Mbits/sec    0   0.00 Bytes
[  5]   1.00-2.00   sec  1.88 MBytes  15.7 Mbits/sec    0   0.00 Bytes
[  5]   2.00-3.00   sec  2.12 MBytes  17.8 Mbits/sec    0   0.00 Bytes
[  5]   3.00-4.00   sec  2.00 MBytes  16.7 Mbits/sec    0   0.00 Bytes
[  5]   4.00-5.00   sec  2.12 MBytes  17.8 Mbits/sec    0   0.00 Bytes
[  5]   5.00-6.00   sec  2.12 MBytes  17.9 Mbits/sec    0   0.00 Bytes
[  5]   6.00-7.00   sec  2.00 MBytes  16.8 Mbits/sec    0   0.00 Bytes
[  5]   7.00-8.00   sec  2.12 MBytes  17.8 Mbits/sec    0   0.00 Bytes
[  5]   8.00-9.00   sec  2.00 MBytes  16.8 Mbits/sec    0   0.00 Bytes
[  5]   9.00-9.96   sec  2.00 MBytes  17.5 Mbits/sec    0   0.00 Bytes
- - - - - - - - - - - - - - - - - - - - - - - - -
[245.160299 0:49 starry_kernel::task::ops:348] Task(49, "iperf3") exit with code: 0
[ ID] Interval           Transfer     Bitrate         Retr
[  5]   0.00-9.96   sec  20.5 MBytes  17.3 Mbits/sec    0            sender
-----------------------------------------------------------
Server listening on 5201 (test #7)
-----------------------------------------------------------
c^H[250.034707 0:14 starry_kernel::task::signal:732] Send signal SIGINT to process group 2
^C[250.034768 0:14 starry_kernel::task::signal:647] Send signal SIGINT to process 2
iperf3: interrupt - the server has terminated by signal Interrupt(2)
[250.036199 0:38 starry_kernel::task::ops:348] Task(38, "iperf3") exit with code: 0
root@starry:/root # [250.036480 0:12 ax_net::orphan:156] Reaped expired orphan socket #2
[250.036524 0:12 ax_net::orphan:156] Reaped expired orphan socket #3
[250.036553 0:12 ax_net::orphan:156] Reaped expired orphan socket #4
[250.059155 0:38 starry_kernel::task::signal:647] Send signal SIGCHLD to process 1
[250.059927 0:21 starry_kernel::syscall::task::wait:360] sys_waitpid <= pid: -1, options: WaitPidOptions(WUNTRACED)
[250.060282 0:21 starry_kernel::syscall::task::wait:360] sys_waitpid <= pid: -1, options: WaitPidOptions(WNOHANG | WUNTRACED)
^C
[250.233434 0:21 starry_kernel::task::signal:584] Send signal SIGINT to thread 1

root@starry:/root # [250.484830 0:21 starry_kernel::task::signal:584] Send signal SIGINT to thread 1
^C

root@starry:/root #
