C:\Users\Asta>iperf3 -c 192.168.137.107 -t 30
Connecting to host 192.168.137.107, port 5201
[  5] local 192.168.137.1 port 50105 connected to 192.168.137.107 port 5201
[ ID] Interval           Transfer     Bitrate
[  5]   0.00-1.01   sec  2.00 MBytes  16.5 Mbits/sec
[  5]   1.01-2.01   sec  2.75 MBytes  23.1 Mbits/sec
[  5]   2.01-3.01   sec  3.25 MBytes  27.2 Mbits/sec
[  5]   3.01-4.01   sec  3.75 MBytes  31.5 Mbits/sec
[  5]   4.01-5.01   sec  3.62 MBytes  30.4 Mbits/sec
[  5]   5.01-6.01   sec  4.00 MBytes  33.5 Mbits/sec
[  5]   6.01-7.01   sec  4.00 MBytes  33.6 Mbits/sec
[  5]   7.01-8.01   sec  3.75 MBytes  31.5 Mbits/sec
[  5]   8.01-9.01   sec  3.88 MBytes  32.5 Mbits/sec
[  5]   9.01-10.01  sec  3.88 MBytes  32.5 Mbits/sec
[  5]  10.01-11.01  sec  4.00 MBytes  33.5 Mbits/sec
[  5]  11.01-12.01  sec  4.00 MBytes  33.6 Mbits/sec
[  5]  12.01-13.01  sec  3.75 MBytes  31.5 Mbits/sec
[  5]  13.01-14.01  sec  3.62 MBytes  30.4 Mbits/sec
[  5]  14.01-15.00  sec  3.88 MBytes  32.9 Mbits/sec
[  5]  15.00-16.01  sec  4.12 MBytes  34.2 Mbits/sec
[  5]  16.01-17.01  sec  3.88 MBytes  32.6 Mbits/sec
[  5]  17.01-18.01  sec  4.00 MBytes  33.5 Mbits/sec
[  5]  18.01-19.01  sec  3.88 MBytes  32.4 Mbits/sec
[  5]  19.01-20.01  sec  3.88 MBytes  32.5 Mbits/sec
[  5]  20.01-21.01  sec  2.88 MBytes  24.2 Mbits/sec
[  5]  21.01-22.01  sec  4.00 MBytes  33.7 Mbits/sec
[  5]  22.01-23.01  sec  2.75 MBytes  23.1 Mbits/sec
[  5]  23.01-24.01  sec  3.12 MBytes  26.2 Mbits/sec
[  5]  24.01-25.00  sec  3.12 MBytes  26.3 Mbits/sec
[  5]  25.00-26.00  sec  3.50 MBytes  29.4 Mbits/sec
[  5]  26.00-27.00  sec  3.25 MBytes  27.4 Mbits/sec
[  5]  27.00-28.00  sec  3.25 MBytes  27.3 Mbits/sec
[  5]  28.00-29.00  sec  3.62 MBytes  30.3 Mbits/sec
[  5]  29.00-30.00  sec  3.62 MBytes  30.4 Mbits/sec
- - - - - - - - - - - - - - - - - - - - - - - - -
[ ID] Interval           Transfer     Bitrate
[  5]   0.00-30.00  sec   107 MBytes  29.9 Mbits/sec                  sender
[  5]   0.00-30.07  sec   107 MBytes  29.9 Mbits/sec                  receiver

iperf Done.

C:\Users\Asta>iperf3 -c 192.168.137.107 -R -t 30
Connecting to host 192.168.137.107, port 5201
Reverse mode, remote host 192.168.137.107 is sending
[  5] local 192.168.137.1 port 56123 connected to 192.168.137.107 port 5201
[ ID] Interval           Transfer     Bitrate
[  5]   0.00-1.00   sec  1.38 MBytes  11.5 Mbits/sec
[  5]   1.00-2.01   sec  1.50 MBytes  12.4 Mbits/sec
[  5]   2.01-3.01   sec  1.38 MBytes  11.5 Mbits/sec
[  5]   3.01-4.01   sec  1.50 MBytes  12.6 Mbits/sec
[  5]   4.01-5.01   sec  2.38 MBytes  19.9 Mbits/sec
[  5]   5.01-6.01   sec  2.38 MBytes  20.0 Mbits/sec
[  5]   6.01-7.01   sec  2.62 MBytes  22.0 Mbits/sec
[  5]   7.01-8.01   sec  2.62 MBytes  22.0 Mbits/sec
[  5]   8.01-9.01   sec  2.62 MBytes  22.0 Mbits/sec
[  5]   9.01-10.00  sec  2.38 MBytes  20.0 Mbits/sec
[  5]  10.00-11.01  sec  2.38 MBytes  19.9 Mbits/sec
[  5]  11.01-12.00  sec  3.00 MBytes  25.2 Mbits/sec
[  5]  12.00-13.01  sec  2.62 MBytes  21.8 Mbits/sec
[  5]  13.01-14.01  sec  2.62 MBytes  22.1 Mbits/sec
[  5]  14.01-15.01  sec  2.38 MBytes  20.0 Mbits/sec
[  5]  15.01-16.00  sec  2.50 MBytes  21.1 Mbits/sec
[  5]  16.00-17.00  sec  2.50 MBytes  21.0 Mbits/sec
[  5]  17.00-18.01  sec  2.12 MBytes  17.6 Mbits/sec
[  5]  18.01-19.01  sec  2.38 MBytes  20.0 Mbits/sec
[  5]  19.01-20.01  sec  2.62 MBytes  22.1 Mbits/sec
[  5]  20.01-21.01  sec  2.38 MBytes  20.0 Mbits/sec
[  5]  21.01-22.01  sec  2.75 MBytes  23.1 Mbits/sec
[  5]  22.01-23.00  sec  2.50 MBytes  21.0 Mbits/sec
[  5]  23.00-24.00  sec  3.00 MBytes  25.2 Mbits/sec
[  5]  24.00-25.00  sec  3.00 MBytes  25.1 Mbits/sec
[  5]  25.00-26.00  sec  2.75 MBytes  23.0 Mbits/sec
[  5]  26.00-27.00  sec  2.88 MBytes  24.1 Mbits/sec
[  5]  27.00-28.01  sec  2.88 MBytes  24.0 Mbits/sec
[  5]  28.01-29.01  sec  3.12 MBytes  26.2 Mbits/sec
[  5]  29.01-30.01  sec  2.38 MBytes  19.9 Mbits/sec
- - - - - - - - - - - - - - - - - - - - - - - - -
[ ID] Interval           Transfer     Bitrate         Retr
[  5]   0.00-30.01  sec  73.9 MBytes  20.6 Mbits/sec    0            sender
[  5]   0.00-30.01  sec  73.5 MBytes  20.5 Mbits/sec                  receiver

iperf Done.

C:\Users\Asta>iperf3 -c 192.168.137.107 --bidir -t 30
Connecting to host 192.168.137.107, port 5201
[  5] local 192.168.137.1 port 50598 connected to 192.168.137.107 port 5201
[  7] local 192.168.137.1 port 50599 connected to 192.168.137.107 port 5201
[ ID][Role] Interval           Transfer     Bitrate
[  5][TX-C]   0.00-1.01   sec   896 KBytes  7.25 Mbits/sec
[  7][RX-C]   0.00-1.01   sec  1.25 MBytes  10.4 Mbits/sec
[  5][TX-C]   1.01-2.01   sec  1.62 MBytes  13.6 Mbits/sec
[  7][RX-C]   1.01-2.01   sec  1.62 MBytes  13.6 Mbits/sec
[  5][TX-C]   2.01-3.01   sec  1.62 MBytes  13.6 Mbits/sec
[  7][RX-C]   2.01-3.01   sec  1.62 MBytes  13.6 Mbits/sec
[  5][TX-C]   3.01-4.01   sec  1.50 MBytes  12.6 Mbits/sec
[  7][RX-C]   3.01-4.01   sec  1.62 MBytes  13.6 Mbits/sec
[  5][TX-C]   4.01-5.00   sec  1.62 MBytes  13.8 Mbits/sec
[  7][RX-C]   4.01-5.00   sec  1.62 MBytes  13.8 Mbits/sec
[  5][TX-C]   5.00-6.00   sec  1.38 MBytes  11.5 Mbits/sec
[  7][RX-C]   5.00-6.00   sec  1.62 MBytes  13.6 Mbits/sec
[  5][TX-C]   6.00-7.00   sec  1.75 MBytes  14.7 Mbits/sec
[  7][RX-C]   6.00-7.00   sec  1.62 MBytes  13.6 Mbits/sec
[  5][TX-C]   7.00-8.02   sec  1.62 MBytes  13.4 Mbits/sec
[  7][RX-C]   7.00-8.02   sec  1.75 MBytes  14.5 Mbits/sec
[  5][TX-C]   8.02-9.00   sec  1.75 MBytes  14.9 Mbits/sec
[  7][RX-C]   8.02-9.00   sec  1.88 MBytes  16.0 Mbits/sec
[  5][TX-C]   9.00-10.00  sec  1.62 MBytes  13.6 Mbits/sec
[  7][RX-C]   9.00-10.00  sec  1.62 MBytes  13.6 Mbits/sec
[  5][TX-C]  10.00-11.00  sec  1.75 MBytes  14.7 Mbits/sec
[  7][RX-C]  10.00-11.00  sec  1.88 MBytes  15.7 Mbits/sec
[  5][TX-C]  11.00-12.00  sec  1.75 MBytes  14.7 Mbits/sec
[  7][RX-C]  11.00-12.00  sec  1.88 MBytes  15.7 Mbits/sec
[  5][TX-C]  12.00-13.01  sec  1.62 MBytes  13.5 Mbits/sec
[  7][RX-C]  12.00-13.01  sec  1.62 MBytes  13.5 Mbits/sec
[  5][TX-C]  13.01-14.00  sec  1.75 MBytes  14.9 Mbits/sec
[  7][RX-C]  13.01-14.00  sec  1.88 MBytes  15.9 Mbits/sec
[  5][TX-C]  14.00-15.01  sec  1.75 MBytes  14.5 Mbits/sec
[  7][RX-C]  14.00-15.01  sec  1.75 MBytes  14.5 Mbits/sec
[  5][TX-C]  15.01-16.00  sec  1.50 MBytes  12.7 Mbits/sec
[  7][RX-C]  15.01-16.00  sec  1.88 MBytes  15.9 Mbits/sec
[  5][TX-C]  16.00-17.01  sec  1.38 MBytes  11.4 Mbits/sec
[  7][RX-C]  16.00-17.01  sec  1.75 MBytes  14.5 Mbits/sec
[  5][TX-C]  17.01-18.00  sec  1.50 MBytes  12.7 Mbits/sec
[  7][RX-C]  17.01-18.00  sec  1.75 MBytes  14.9 Mbits/sec
[  5][TX-C]  18.00-19.01  sec  1.38 MBytes  11.4 Mbits/sec
[  7][RX-C]  18.00-19.01  sec  1.75 MBytes  14.5 Mbits/sec
[  5][TX-C]  19.01-20.00  sec  1.62 MBytes  13.8 Mbits/sec
[  7][RX-C]  19.01-20.00  sec  1.62 MBytes  13.8 Mbits/sec
[  5][TX-C]  20.00-21.00  sec  1.00 MBytes  8.38 Mbits/sec
[  7][RX-C]  20.00-21.00  sec  1.00 MBytes  8.38 Mbits/sec
[  5][TX-C]  21.00-22.00  sec  1.50 MBytes  12.6 Mbits/sec
[  7][RX-C]  21.00-22.00  sec  1.62 MBytes  13.6 Mbits/sec
[  5][TX-C]  22.00-23.00  sec  1.62 MBytes  13.6 Mbits/sec
[  7][RX-C]  22.00-23.00  sec  1.75 MBytes  14.7 Mbits/sec
[  5][TX-C]  23.00-24.00  sec  1.25 MBytes  10.5 Mbits/sec
[  7][RX-C]  23.00-24.00  sec  1.25 MBytes  10.5 Mbits/sec
[  5][TX-C]  24.00-25.00  sec  1.25 MBytes  10.5 Mbits/sec
[  7][RX-C]  24.00-25.00  sec  1.50 MBytes  12.6 Mbits/sec
[  5][TX-C]  25.00-26.00  sec  1.50 MBytes  12.6 Mbits/sec
[  7][RX-C]  25.00-26.00  sec  1.38 MBytes  11.5 Mbits/sec
[  5][TX-C]  26.00-27.00  sec  1.25 MBytes  10.5 Mbits/sec
[  7][RX-C]  26.00-27.00  sec  1.38 MBytes  11.5 Mbits/sec
[  5][TX-C]  27.00-28.00  sec  1.50 MBytes  12.6 Mbits/sec
[  7][RX-C]  27.00-28.00  sec  1.50 MBytes  12.6 Mbits/sec
[  5][TX-C]  28.00-29.00  sec  1.38 MBytes  11.6 Mbits/sec
[  7][RX-C]  28.00-29.00  sec  1.50 MBytes  12.6 Mbits/sec
[  5][TX-C]  29.00-30.00  sec  1.38 MBytes  11.5 Mbits/sec
[  7][RX-C]  29.00-30.00  sec  1.50 MBytes  12.6 Mbits/sec
- - - - - - - - - - - - - - - - - - - - - - - - -
[ ID][Role] Interval           Transfer     Bitrate         Retr
[  5][TX-C]   0.00-30.00  sec  45.0 MBytes  12.6 Mbits/sec                  sender
[  5][TX-C]   0.00-30.02  sec  44.8 MBytes  12.5 Mbits/sec                  receiver
[  7][RX-C]   0.00-30.00  sec  48.6 MBytes  13.6 Mbits/sec    0            sender
[  7][RX-C]   0.00-30.02  sec  48.4 MBytes  13.5 Mbits/sec                  receiver

iperf Done.