=== clippy --since dev ===
    Finished `dev` profile [unoptimized + debuginfo] target(s) in 0.58s
     Running `target/debug/tg-xtask clippy --since dev`
clippy started at: 2026-10-02 06:55:40 +0000
using input ref `dev` (`d93f125cc5a97588ae3f83396e622be7c69e268d`) as incremental diff base
incremental clippy since `dev` selected 3 changed package(s) and 2 affected OS root package(s)
running clippy for 5 package(s) with 140 check(s) from /home/asta/tgoskits/wt-feat-net-observe
[1/140] ax-net (base, target: aarch64-unknown-none-softfloat)
          cd /home/asta/tgoskits/wt-feat-net-observe && CARGO_UNSTABLE_JSON_TARGET_SPEC=true cargo clippy --no-deps -p ax-net --target scripts/targets/bare/aarch64-unknown-none-softfloat.json -Z json-target-spec -Z build-std=core,alloc -- -Cllvm-args=--max-store-memcpy=16 -D warnings
   Compiling ax-cpu v0.10.3 (/home/asta/tgoskits/wt-feat-net-observe/components/axcpu)
   Compiling cpu-local v0.4.3 (/home/asta/tgoskits/wt-feat-net-observe/components/cpu-local)
   Compiling ax-percpu v0.4.24 (/home/asta/tgoskits/wt-feat-net-observe/components/percpu/percpu)
   Compiling ax-alloc v0.9.2 (/home/asta/tgoskits/wt-feat-net-observe/memory/ax-alloc)
   Compiling ax-driver v0.18.1 (/home/asta/tgoskits/wt-feat-net-observe/drivers/ax-driver)
   Compiling somehal v0.11.3 (/home/asta/tgoskits/wt-feat-net-observe/platforms/somehal)
   Compiling axplat-dyn v0.10.4 (/home/asta/tgoskits/wt-feat-net-observe/platforms/axplat-dyn)
   Compiling ax-hal v0.8.4 (/home/asta/tgoskits/wt-feat-net-observe/os/arceos/modules/axhal)
   Compiling ax-crate-interface v0.5.8 (/home/asta/tgoskits/wt-feat-net-observe/components/crate_interface)
   Compiling trait-ffi-macros v0.4.0 (/home/asta/tgoskits/wt-feat-net-observe/components/trait-ffi/trait-ffi-macros)
   Compiling rdrive-macros v0.4.3 (/home/asta/tgoskits/wt-feat-net-observe/drivers/rdrive-macros)
   Compiling ax-percpu-macros v0.4.12 (/home/asta/tgoskits/wt-feat-net-observe/components/percpu/percpu_macros)
   Compiling ax-plat-macros v0.3.10 (/home/asta/tgoskits/wt-feat-net-observe/platforms/ax-plat-macros)
   Compiling someboot v0.7.2 (/home/asta/tgoskits/wt-feat-net-observe/platforms/someboot)
   Compiling somehal-macros v0.1.7 (/home/asta/tgoskits/wt-feat-net-observe/platforms/somehal-macros)
    Checking ax-sync v0.6.0 (/home/asta/tgoskits/wt-feat-net-observe/os/arceos/modules/axsync)
    Checking rdrive v0.25.0 (/home/asta/tgoskits/wt-feat-net-observe/drivers/rdrive)
    Checking dma-api v0.10.2 (/home/asta/tgoskits/wt-feat-net-observe/memory/dma-api)
    Checking buddy-slab-allocator v0.6.1 (/home/asta/tgoskits/wt-feat-net-observe/memory/buddy-slab-allocator)
    Checking axpoll-set v0.1.1 (/home/asta/tgoskits/wt-feat-net-observe/components/axpoll-set)
    Checking trait-ffi v0.3.1 (/home/asta/tgoskits/wt-feat-net-observe/components/trait-ffi/trait-ffi)
    Checking rdif-eth v0.6.0 (/home/asta/tgoskits/wt-feat-net-observe/drivers/interface/rdif-eth)
    Checking ax-task v0.8.4 (/home/asta/tgoskits/wt-feat-net-observe/components/ax-task)
    Checking rd-net v0.3.3 (/home/asta/tgoskits/wt-feat-net-observe/drivers/net/rd-net)
    Checking ax-plat v0.15.0 (/home/asta/tgoskits/wt-feat-net-observe/platforms/ax-plat)
    Checking axklib v0.9.1 (/home/asta/tgoskits/wt-feat-net-observe/components/axklib)
    Checking ax-net v0.13.6 (/home/asta/tgoskits/wt-feat-net-observe/net/ax-net)
    Finished `dev` profile [unoptimized + debuginfo] target(s) in 2.20s
warning: the following packages contain code that will be rejected by a future version of Rust: core v0.0.0 (/opt/rustup/toolchains/nightly-2026-09-04-x86_64-unknown-linux-gnu/lib/rustlib/src/rust/library/core), memchr v2.8.3
note: to see what the problems were, use the option `--future-incompat-report`, or run `cargo report future-incompatibilities --id 1`
[axbuild] accepted known upstream Rust #134375 future-incompatibility for core@0.0.0, memchr@2.8.3
ok: ax-net (base, target: aarch64-unknown-none-softfloat)
[2/140] ax-net (feature: vsock, target: aarch64-unknown-none-softfloat)
          cd /home/asta/tgoskits/wt-feat-net-observe && CARGO_UNSTABLE_JSON_TARGET_SPEC=true cargo clippy --no-deps -p ax-net --no-default-features --features vsock --target scripts/targets/bare/aarch64-unknown-none-softfloat.json -Z json-target-spec -Z build-std=core,alloc -- -Cllvm-args=--max-store-memcpy=16 -D warnings
    Checking ax-net v0.13.6 (/home/asta/tgoskits/wt-feat-net-observe/net/ax-net)
    Finished `dev` profile [unoptimized + debuginfo] target(s) in 1.14s
warning: the following packages contain code that will be rejected by a future version of Rust: core v0.0.0 (/opt/rustup/toolchains/nightly-2026-09-04-x86_64-unknown-linux-gnu/lib/rustlib/src/rust/library/core), memchr v2.8.3
note: to see what the problems were, use the option `--future-incompat-report`, or run `cargo report future-incompatibilities --id 1`
[axbuild] accepted known upstream Rust #134375 future-incompatibility for core@0.0.0, memchr@2.8.3
ok: ax-net (feature: vsock, target: aarch64-unknown-none-softfloat)
[3/140] ax-net (base, target: loongarch64-unknown-none-softfloat)
          cd /home/asta/tgoskits/wt-feat-net-observe && CARGO_UNSTABLE_JSON_TARGET_SPEC=true cargo clippy --no-deps -p ax-net --target scripts/targets/bare/loongarch64-unknown-none-softfloat.json -Z json-target-spec -Z build-std=core,alloc -- -D warnings
   Compiling ax-cpu v0.10.3 (/home/asta/tgoskits/wt-feat-net-observe/components/axcpu)
   Compiling cpu-local v0.4.3 (/home/asta/tgoskits/wt-feat-net-observe/components/cpu-local)
   Compiling ax-percpu v0.4.24 (/home/asta/tgoskits/wt-feat-net-observe/components/percpu/percpu)
   Compiling ax-alloc v0.9.2 (/home/asta/tgoskits/wt-feat-net-observe/memory/ax-alloc)
   Compiling somehal v0.11.3 (/home/asta/tgoskits/wt-feat-net-observe/platforms/somehal)
   Compiling ax-driver v0.18.1 (/home/asta/tgoskits/wt-feat-net-observe/drivers/ax-driver)
   Compiling axplat-dyn v0.10.4 (/home/asta/tgoskits/wt-feat-net-observe/platforms/axplat-dyn)
   Compiling ax-hal v0.8.4 (/home/asta/tgoskits/wt-feat-net-observe/os/arceos/modules/axhal)
   Compiling ax-crate-interface v0.5.8 (/home/asta/tgoskits/wt-feat-net-observe/components/crate_interface)
   Compiling trait-ffi-macros v0.4.0 (/home/asta/tgoskits/wt-feat-net-observe/components/trait-ffi/trait-ffi-macros)
   Compiling rdrive-macros v0.4.3 (/home/asta/tgoskits/wt-feat-net-observe/drivers/rdrive-macros)
   Compiling ax-percpu-macros v0.4.12 (/home/asta/tgoskits/wt-feat-net-observe/components/percpu/percpu_macros)
   Compiling ax-plat-macros v0.3.10 (/home/asta/tgoskits/wt-feat-net-observe/platforms/ax-plat-macros)
   Compiling someboot v0.7.2 (/home/asta/tgoskits/wt-feat-net-observe/platforms/someboot)
   Compiling somehal-macros v0.1.7 (/home/asta/tgoskits/wt-feat-net-observe/platforms/somehal-macros)
    Checking ax-sync v0.6.0 (/home/asta/tgoskits/wt-feat-net-observe/os/arceos/modules/axsync)
    Checking rdrive v0.25.0 (/home/asta/tgoskits/wt-feat-net-observe/drivers/rdrive)
    Checking dma-api v0.10.2 (/home/asta/tgoskits/wt-feat-net-observe/memory/dma-api)
    Checking buddy-slab-allocator v0.6.1 (/home/asta/tgoskits/wt-feat-net-observe/memory/buddy-slab-allocator)
    Checking axpoll-set v0.1.1 (/home/asta/tgoskits/wt-feat-net-observe/components/axpoll-set)
    Checking trait-ffi v0.3.1 (/home/asta/tgoskits/wt-feat-net-observe/components/trait-ffi/trait-ffi)
    Checking ax-task v0.8.4 (/home/asta/tgoskits/wt-feat-net-observe/components/ax-task)
    Checking rdif-eth v0.6.0 (/home/asta/tgoskits/wt-feat-net-observe/drivers/interface/rdif-eth)
    Checking rd-net v0.3.3 (/home/asta/tgoskits/wt-feat-net-observe/drivers/net/rd-net)
    Checking ax-plat v0.15.0 (/home/asta/tgoskits/wt-feat-net-observe/platforms/ax-plat)
    Checking axklib v0.9.1 (/home/asta/tgoskits/wt-feat-net-observe/components/axklib)
    Checking ax-net v0.13.6 (/home/asta/tgoskits/wt-feat-net-observe/net/ax-net)
    Finished `dev` profile [unoptimized + debuginfo] target(s) in 1.96s
ok: ax-net (base, target: loongarch64-unknown-none-softfloat)
[4/140] ax-net (feature: vsock, target: loongarch64-unknown-none-softfloat)
          cd /home/asta/tgoskits/wt-feat-net-observe && CARGO_UNSTABLE_JSON_TARGET_SPEC=true cargo clippy --no-deps -p ax-net --no-default-features --features vsock --target scripts/targets/bare/loongarch64-unknown-none-softfloat.json -Z json-target-spec -Z build-std=core,alloc -- -D warnings
    Checking ax-net v0.13.6 (/home/asta/tgoskits/wt-feat-net-observe/net/ax-net)
    Finished `dev` profile [unoptimized + debuginfo] target(s) in 1.12s
ok: ax-net (feature: vsock, target: loongarch64-unknown-none-softfloat)
[5/140] ax-net (base, target: riscv64gc-unknown-none-elf)
          cd /home/asta/tgoskits/wt-feat-net-observe && CARGO_UNSTABLE_JSON_TARGET_SPEC=true cargo clippy --no-deps -p ax-net --target scripts/targets/bare/riscv64gc-unknown-none-elf.json -Z json-target-spec -Z build-std=core,alloc -- -D warnings
   Compiling ax-cpu v0.10.3 (/home/asta/tgoskits/wt-feat-net-observe/components/axcpu)
   Compiling cpu-local v0.4.3 (/home/asta/tgoskits/wt-feat-net-observe/components/cpu-local)
   Compiling ax-percpu v0.4.24 (/home/asta/tgoskits/wt-feat-net-observe/components/percpu/percpu)
   Compiling ax-alloc v0.9.2 (/home/asta/tgoskits/wt-feat-net-observe/memory/ax-alloc)
   Compiling somehal v0.11.3 (/home/asta/tgoskits/wt-feat-net-observe/platforms/somehal)
   Compiling ax-driver v0.18.1 (/home/asta/tgoskits/wt-feat-net-observe/drivers/ax-driver)
   Compiling axplat-dyn v0.10.4 (/home/asta/tgoskits/wt-feat-net-observe/platforms/axplat-dyn)
   Compiling ax-hal v0.8.4 (/home/asta/tgoskits/wt-feat-net-observe/os/arceos/modules/axhal)
    Checking ax-sync v0.6.0 (/home/asta/tgoskits/wt-feat-net-observe/os/arceos/modules/axsync)
    Checking trait-ffi v0.3.1 (/home/asta/tgoskits/wt-feat-net-observe/components/trait-ffi/trait-ffi)
   Compiling someboot v0.7.2 (/home/asta/tgoskits/wt-feat-net-observe/platforms/someboot)
    Checking ax-task v0.8.4 (/home/asta/tgoskits/wt-feat-net-observe/components/ax-task)
    Checking rdrive v0.25.0 (/home/asta/tgoskits/wt-feat-net-observe/drivers/rdrive)
    Checking dma-api v0.10.2 (/home/asta/tgoskits/wt-feat-net-observe/memory/dma-api)
    Checking buddy-slab-allocator v0.6.1 (/home/asta/tgoskits/wt-feat-net-observe/memory/buddy-slab-allocator)
    Checking axpoll-set v0.1.1 (/home/asta/tgoskits/wt-feat-net-observe/components/axpoll-set)
    Checking rdif-eth v0.6.0 (/home/asta/tgoskits/wt-feat-net-observe/drivers/interface/rdif-eth)
    Checking rd-net v0.3.3 (/home/asta/tgoskits/wt-feat-net-observe/drivers/net/rd-net)
    Checking ax-plat v0.15.0 (/home/asta/tgoskits/wt-feat-net-observe/platforms/ax-plat)
    Checking axklib v0.9.1 (/home/asta/tgoskits/wt-feat-net-observe/components/axklib)
    Checking ax-net v0.13.6 (/home/asta/tgoskits/wt-feat-net-observe/net/ax-net)
    Finished `dev` profile [unoptimized + debuginfo] target(s) in 1.70s
ok: ax-net (base, target: riscv64gc-unknown-none-elf)
[6/140] ax-net (feature: vsock, target: riscv64gc-unknown-none-elf)
          cd /home/asta/tgoskits/wt-feat-net-observe && CARGO_UNSTABLE_JSON_TARGET_SPEC=true cargo clippy --no-deps -p ax-net --no-default-features --features vsock --target scripts/targets/bare/riscv64gc-unknown-none-elf.json -Z json-target-spec -Z build-std=core,alloc -- -D warnings
    Checking ax-net v0.13.6 (/home/asta/tgoskits/wt-feat-net-observe/net/ax-net)
    Finished `dev` profile [unoptimized + debuginfo] target(s) in 1.11s
ok: ax-net (feature: vsock, target: riscv64gc-unknown-none-elf)
[7/140] ax-net (base, target: x86_64-unknown-none)
          cd /home/asta/tgoskits/wt-feat-net-observe && CARGO_UNSTABLE_JSON_TARGET_SPEC=true cargo clippy --no-deps -p ax-net --target scripts/targets/bare/x86_64-unknown-none.json -Z json-target-spec -Z build-std=core,alloc -- -D warnings
   Compiling ax-cpu v0.10.3 (/home/asta/tgoskits/wt-feat-net-observe/components/axcpu)
   Compiling cpu-local v0.4.3 (/home/asta/tgoskits/wt-feat-net-observe/components/cpu-local)
   Compiling ax-percpu v0.4.24 (/home/asta/tgoskits/wt-feat-net-observe/components/percpu/percpu)
   Compiling ax-alloc v0.9.2 (/home/asta/tgoskits/wt-feat-net-observe/memory/ax-alloc)
   Compiling ax-driver v0.18.1 (/home/asta/tgoskits/wt-feat-net-observe/drivers/ax-driver)
   Compiling somehal v0.11.3 (/home/asta/tgoskits/wt-feat-net-observe/platforms/somehal)
   Compiling axplat-dyn v0.10.4 (/home/asta/tgoskits/wt-feat-net-observe/platforms/axplat-dyn)
   Compiling ax-hal v0.8.4 (/home/asta/tgoskits/wt-feat-net-observe/os/arceos/modules/axhal)
    Checking ax-sync v0.6.0 (/home/asta/tgoskits/wt-feat-net-observe/os/arceos/modules/axsync)
    Checking trait-ffi v0.3.1 (/home/asta/tgoskits/wt-feat-net-observe/components/trait-ffi/trait-ffi)
   Compiling someboot v0.7.2 (/home/asta/tgoskits/wt-feat-net-observe/platforms/someboot)
    Checking ax-task v0.8.4 (/home/asta/tgoskits/wt-feat-net-observe/components/ax-task)
    Checking rdrive v0.25.0 (/home/asta/tgoskits/wt-feat-net-observe/drivers/rdrive)
    Checking dma-api v0.10.2 (/home/asta/tgoskits/wt-feat-net-observe/memory/dma-api)
    Checking buddy-slab-allocator v0.6.1 (/home/asta/tgoskits/wt-feat-net-observe/memory/buddy-slab-allocator)
    Checking axpoll-set v0.1.1 (/home/asta/tgoskits/wt-feat-net-observe/components/axpoll-set)
    Checking rdif-eth v0.6.0 (/home/asta/tgoskits/wt-feat-net-observe/drivers/interface/rdif-eth)
    Checking rd-net v0.3.3 (/home/asta/tgoskits/wt-feat-net-observe/drivers/net/rd-net)
    Checking ax-plat v0.15.0 (/home/asta/tgoskits/wt-feat-net-observe/platforms/ax-plat)
    Checking axklib v0.9.1 (/home/asta/tgoskits/wt-feat-net-observe/components/axklib)
    Checking ax-net v0.13.6 (/home/asta/tgoskits/wt-feat-net-observe/net/ax-net)
    Finished `dev` profile [unoptimized + debuginfo] target(s) in 1.75s
warning: the following packages contain code that will be rejected by a future version of Rust: core v0.0.0 (/opt/rustup/toolchains/nightly-2026-09-04-x86_64-unknown-linux-gnu/lib/rustlib/src/rust/library/core), memchr v2.8.3
note: to see what the problems were, use the option `--future-incompat-report`, or run `cargo report future-incompatibilities --id 1`
ok: ax-net (base, target: x86_64-unknown-none)
[8/140] ax-net (feature: vsock, target: x86_64-unknown-none)
          cd /home/asta/tgoskits/wt-feat-net-observe && CARGO_UNSTABLE_JSON_TARGET_SPEC=true cargo clippy --no-deps -p ax-net --no-default-features --features vsock --target scripts/targets/bare/x86_64-unknown-none.json -Z json-target-spec -Z build-std=core,alloc -- -D warnings
    Checking ax-net v0.13.6 (/home/asta/tgoskits/wt-feat-net-observe/net/ax-net)
    Finished `dev` profile [unoptimized + debuginfo] target(s) in 1.16s
warning: the following packages contain code that will be rejected by a future version of Rust: core v0.0.0 (/opt/rustup/toolchains/nightly-2026-09-04-x86_64-unknown-linux-gnu/lib/rustlib/src/rust/library/core), memchr v2.8.3
note: to see what the problems were, use the option `--future-incompat-report`, or run `cargo report future-incompatibilities --id 1`
ok: ax-net (feature: vsock, target: x86_64-unknown-none)
[9/140] ax-net (feature: host-test)
          cd /home/asta/tgoskits/wt-feat-net-observe && cargo clippy --no-deps -p ax-net --tests --no-default-features --features host-test -- -D warnings
    Checking ax-net v0.13.6 (/home/asta/tgoskits/wt-feat-net-observe/net/ax-net)
    Finished `dev` profile [unoptimized + debuginfo] target(s) in 1.48s
ok: ax-net (feature: host-test)
[10/140] ax-tracepoint (base)
          cd /home/asta/tgoskits/wt-feat-net-observe && cargo clippy --no-deps -p ax-tracepoint -- -D warnings
    Finished `dev` profile [unoptimized + debuginfo] target(s) in 0.11s
ok: ax-tracepoint (base)
[11/140] starry-kernel (base, target: aarch64-unknown-none-softfloat)
          cd /home/asta/tgoskits/wt-feat-net-observe && CARGO_UNSTABLE_JSON_TARGET_SPEC=true cargo clippy --no-deps -p starry-kernel --target scripts/targets/bare/aarch64-unknown-none-softfloat.json -Z json-target-spec -Z build-std=core,alloc -- -Cllvm-args=--max-store-memcpy=16 -D warnings
   Compiling cpu-local v0.4.3 (/home/asta/tgoskits/wt-feat-net-observe/components/cpu-local)
   Compiling ax-percpu v0.4.24 (/home/asta/tgoskits/wt-feat-net-observe/components/percpu/percpu)
   Compiling ax-alloc v0.9.2 (/home/asta/tgoskits/wt-feat-net-observe/memory/ax-alloc)
   Compiling crab-usb v0.12.1 (/home/asta/tgoskits/wt-feat-net-observe/drivers/usb/usb-host)
   Compiling rockchip-soc v0.4.8 (/home/asta/tgoskits/wt-feat-net-observe/drivers/soc/rockchip/rockchip-soc)
   Compiling ax-driver v0.18.1 (/home/asta/tgoskits/wt-feat-net-observe/drivers/ax-driver)
   Compiling somehal v0.11.3 (/home/asta/tgoskits/wt-feat-net-observe/platforms/somehal)
   Compiling axplat-dyn v0.10.4 (/home/asta/tgoskits/wt-feat-net-observe/platforms/axplat-dyn)
   Compiling scope-local v0.6.5 (/home/asta/tgoskits/wt-feat-net-observe/components/scope-local)
   Compiling ax-crate-interface v0.5.8 (/home/asta/tgoskits/wt-feat-net-observe/components/crate_interface)
   Compiling trait-ffi-macros v0.4.0 (/home/asta/tgoskits/wt-feat-net-observe/components/trait-ffi/trait-ffi-macros)
   Compiling ax-percpu-macros v0.4.12 (/home/asta/tgoskits/wt-feat-net-observe/components/percpu/percpu_macros)
   Compiling rdrive-macros v0.4.3 (/home/asta/tgoskits/wt-feat-net-observe/drivers/rdrive-macros)
   Compiling ax-plat-macros v0.3.10 (/home/asta/tgoskits/wt-feat-net-observe/platforms/ax-plat-macros)
   Compiling someboot v0.7.2 (/home/asta/tgoskits/wt-feat-net-observe/platforms/someboot)
   Compiling somehal-macros v0.1.7 (/home/asta/tgoskits/wt-feat-net-observe/platforms/somehal-macros)
   Compiling ax-ctor-bare-macros v0.4.10 (/home/asta/tgoskits/wt-feat-net-observe/components/ctor_bare/ctor_bare_macros)
   Compiling ax-runtime v0.13.5 (/home/asta/tgoskits/wt-feat-net-observe/os/arceos/modules/axruntime)
   Compiling ax-posix-api v0.6.8 (/home/asta/tgoskits/wt-feat-net-observe/os/arceos/api/arceos_posix_api)
   Compiling starry-signal v0.10.5 (/home/asta/tgoskits/wt-feat-net-observe/os/StarryOS/signal)
   Compiling ax-tracepoint v0.6.1 (/home/asta/tgoskits/wt-feat-net-observe/components/ax-tracepoint)
   Compiling starry-kernel v0.12.1 (/home/asta/tgoskits/wt-feat-net-observe/os/StarryOS/kernel)
    Checking ax-ctor-bare v0.4.10 (/home/asta/tgoskits/wt-feat-net-observe/components/ctor_bare/ctor_bare)
    Checking ax-sync v0.6.0 (/home/asta/tgoskits/wt-feat-net-observe/os/arceos/modules/axsync)
    Checking ax-log v0.6.1 (/home/asta/tgoskits/wt-feat-net-observe/os/arceos/modules/axlog)
    Checking dma-api v0.10.2 (/home/asta/tgoskits/wt-feat-net-observe/memory/dma-api)
    Checking rdrive v0.25.0 (/home/asta/tgoskits/wt-feat-net-observe/drivers/rdrive)
    Checking buddy-slab-allocator v0.6.1 (/home/asta/tgoskits/wt-feat-net-observe/memory/buddy-slab-allocator)
    Checking axfs-ng-vfs v0.8.1 (/home/asta/tgoskits/wt-feat-net-observe/fs/axfs-ng-vfs)
    Checking axpoll-set v0.1.1 (/home/asta/tgoskits/wt-feat-net-observe/components/axpoll-set)
    Checking ax-cgroup v0.3.0 (/home/asta/tgoskits/wt-feat-net-observe/components/ax-cgroup)
    Checking trait-ffi v0.3.1 (/home/asta/tgoskits/wt-feat-net-observe/components/trait-ffi/trait-ffi)
    Checking rdif-eth v0.6.0 (/home/asta/tgoskits/wt-feat-net-observe/drivers/interface/rdif-eth)
    Checking rdif-block v0.13.2 (/home/asta/tgoskits/wt-feat-net-observe/drivers/interface/rdif-block)
    Checking rdif-gpu v0.1.0 (/home/asta/tgoskits/wt-feat-net-observe/drivers/interface/rdif-gpu)
    Checking ax-cpu v0.10.3 (/home/asta/tgoskits/wt-feat-net-observe/components/axcpu)
    Checking ax-task v0.8.4 (/home/asta/tgoskits/wt-feat-net-observe/components/ax-task)
    Checking rdif-display v0.5.0 (/home/asta/tgoskits/wt-feat-net-observe/drivers/interface/rdif-display)
    Checking rd-net v0.3.3 (/home/asta/tgoskits/wt-feat-net-observe/drivers/net/rd-net)
    Checking ax-plat v0.15.0 (/home/asta/tgoskits/wt-feat-net-observe/platforms/ax-plat)
    Checking ax-fs-ng v0.11.2 (/home/asta/tgoskits/wt-feat-net-observe/fs/ax-fs-ng)
    Checking axklib v0.9.1 (/home/asta/tgoskits/wt-feat-net-observe/components/axklib)
    Checking ax-input v0.7.0 (/home/asta/tgoskits/wt-feat-net-observe/os/arceos/modules/axinput)
    Checking ax-hal v0.8.4 (/home/asta/tgoskits/wt-feat-net-observe/os/arceos/modules/axhal)
    Checking ax-mm v0.8.4 (/home/asta/tgoskits/wt-feat-net-observe/os/arceos/modules/axmm)
    Checking ax-ipi v0.6.5 (/home/asta/tgoskits/wt-feat-net-observe/os/arceos/modules/axipi)
    Checking ax-net v0.13.6 (/home/asta/tgoskits/wt-feat-net-observe/net/ax-net)
    Checking ax-gpu v0.1.0 (/home/asta/tgoskits/wt-feat-net-observe/os/arceos/modules/axgpu)
    Checking ax-display v0.7.0 (/home/asta/tgoskits/wt-feat-net-observe/os/arceos/modules/axdisplay)
    Checking ax-api v0.8.6 (/home/asta/tgoskits/wt-feat-net-observe/os/arceos/api/arceos_api)
    Checking ax-std v0.7.5 (/home/asta/tgoskits/wt-feat-net-observe/os/arceos/ulib/axstd)
