    Finished `dev` profile [unoptimized + debuginfo] target(s) in 0.54s
     Running `target/debug/tg-xtask starry test qemu --arch x86_64 -c qemu/system/net-events`
[2026-10-02T04:50:44Z INFO  axbuild::context] Workspace root: /home/asta/tgoskits/wt-feat-net-observe
[2026-10-02T04:50:44Z INFO  axbuild::context] Cargo target directory: /home/asta/tgoskits/wt-feat-net-observe/target
running starry qemu tests for package starryos on arch: x86_64 (target: x86_64-unknown-none)
Using build config: /home/asta/tgoskits/wt-feat-net-observe/test-suit/starryos/qemu/build-x86_64-unknown-none.toml
[2026-10-02T04:50:44Z INFO  axbuild::build::config_file] Found build config at /home/asta/tgoskits/wt-feat-net-observe/test-suit/starryos/qemu/build-x86_64-unknown-none.toml
AXBUILD_TIMING: scope=starry-qemu phase=prepare-build-groups arch=x86_64 target=x86_64-unknown-none elapsed_s=0.001
[axbuild] starry build package=starryos target=x86_64-unknown-none arch=x86_64 ...
[axbuild] cargo build package=starryos target=scripts/targets/bare/x86_64-unknown-none.json config=/home/asta/tgoskits/wt-feat-net-observe/test-suit/starryos/qemu/build-x86_64-unknown-none.toml ...
AX_ARCH=x86_64
AX_LOG=warn
AX_TARGET=x86_64-unknown-none
CARGO_UNSTABLE_JSON_TARGET_SPEC=true
SMP=4
cargo build -p starryos --target scripts/targets/bare/x86_64-unknown-none.json -Z unstable-options --target-dir /home/asta/tgoskits/wt-feat-net-observe/target --features ax-driver/nvme,ax-driver/virtio-gpu,ax-driver/virtio-input,ax-driver/virtio-net,ax-driver/virtio-socket,ax-driver/xhci-pci,ax-runtime/display -Z json-target-spec -Z build-std=core,alloc --config target.x86_64-unknown-none.rustflags=["-Crelocation-model=pic", "-Clink-args=-pie", "-Clink-args=--gc-sections", "-Clink-args=-znorelro", "-Clink-args=-znostart-stop-gc", "-Clink-args=-Tlinker.x", "-Clink-args=-u _head", "-D", "warnings"] --bin starryos --release --message-format json-render-diagnostics
    Finished `release` profile [optimized] target(s) in 0.46s
warning: the following packages contain code that will be rejected by a future version of Rust: bitmaps v3.2.1, chacha20 v0.10.2, core v0.0.0 (/opt/rustup/toolchains/nightly-2026-09-04-x86_64-unknown-linux-gnu/lib/rustlib/src/rust/library/core), memchr v2.8.3
note: to see what the problems were, use the option `--future-incompat-report`, or run `cargo report future-incompatibilities --id 2`
[axbuild] cargo build package=starryos target=scripts/targets/bare/x86_64-unknown-none.json config=/home/asta/tgoskits/wt-feat-net-observe/test-suit/starryos/qemu/build-x86_64-unknown-none.toml ... done (693.78ms)
[axbuild] cargo build elf=/home/asta/tgoskits/wt-feat-net-observe/target/x86_64-unknown-none/release/starryos
[axbuild] cargo build artifact_dir=/home/asta/tgoskits/wt-feat-net-observe/target/x86_64-unknown-none/release
[axbuild] starry build package=starryos target=x86_64-unknown-none arch=x86_64 ... done (693.85ms)
[axbuild] starry artifact elf=/home/asta/tgoskits/wt-feat-net-observe/target/x86_64-unknown-none/release/starryos
[axbuild] starry kallsyms elf=/home/asta/tgoskits/wt-feat-net-observe/target/x86_64-unknown-none/release/starryos ...
[axbuild] starry kallsyms symbols=11504
rust-objcopy --update-section .kallsyms=/home/asta/tgoskits/wt-feat-net-observe/target/x86_64-unknown-none/release/.starryos.kallsyms.386331.tmp /home/asta/tgoskits/wt-feat-net-observe/target/x86_64-unknown-none/release/starryos
[axbuild] starry kallsyms elf=/home/asta/tgoskits/wt-feat-net-observe/target/x86_64-unknown-none/release/starryos ... done (177.42ms)
[axbuild] starry bin refresh /home/asta/tgoskits/wt-feat-net-observe/target/x86_64-unknown-none/release/starryos.bin ...
rust-objcopy --strip-all -O binary /home/asta/tgoskits/wt-feat-net-observe/target/x86_64-unknown-none/release/starryos /home/asta/tgoskits/wt-feat-net-observe/target/x86_64-unknown-none/release/starryos.bin
[axbuild] starry bin refresh /home/asta/tgoskits/wt-feat-net-observe/target/x86_64-unknown-none/release/starryos.bin ... done (39.92ms)
AXBUILD_TIMING: scope=starry-qemu build_group=qemu phase=build elapsed_s=0.911
[2026-10-02T04:50:45Z INFO  ostool::run::qemu] Using QEMU config file: /home/asta/tgoskits/wt-feat-net-observe/test-suit/starryos/qemu/system/qemu-x86_64.toml
AXBUILD_TIMING: scope=starry-qemu case=qemu/system phase=read-qemu-config elapsed_s=0.050
AXBUILD_TIMING: scope=starry-qemu case=qemu/system phase=prepare-qemu-config elapsed_s=0.000
syncing image registry from https://raw.githubusercontent.com/rcore-os/tgosimages/refs/heads/main/registry/default.toml...
file already exists and passed checksum verification
image archive verified at /tmp/tgosimages/rootfs-x86_64-alpine.img.tar.xz
image archive is unchanged; keeping rootfs at /home/asta/tgoskits/wt-feat-net-observe/target/axbuild/rootfs/rootfs-x86_64-alpine.img
AXBUILD_TIMING: scope=starry-qemu phase=ensure-rootfs-path rootfs_kind=default rootfs=/home/asta/tgoskits/wt-feat-net-observe/target/axbuild/rootfs/rootfs-x86_64-alpine.img elapsed_s=4.879
syncing image registry from https://raw.githubusercontent.com/rcore-os/tgosimages/refs/heads/main/registry/default.toml...
file already exists and passed checksum verification
image archive verified at /tmp/tgosimages/rootfs-x86_64-busybox.img.tar.xz
image archive is unchanged; keeping rootfs at /home/asta/tgoskits/wt-feat-net-observe/target/axbuild/rootfs/rootfs-x86_64-busybox.img
AXBUILD_TIMING: scope=starry-qemu phase=ensure-rootfs-path rootfs_kind=managed rootfs=/home/asta/tgoskits/wt-feat-net-observe/target/axbuild/rootfs/rootfs-x86_64-busybox.img elapsed_s=1.070
AXBUILD_TIMING: scope=starry-qemu phase=ensure-rootfs-paths rootfs_count=2 elapsed_s=5.949
AXBUILD_TIMING: scope=starry-qemu build_group=qemu phase=prepare-qemu-cases elapsed_s=5.999
[1/1] starry qemu system
AXBUILD_TIMING: scope=qemu-asset case=qemu/system phase=resolve-pipeline elapsed_s=0.000
AXBUILD_TIMING: scope=qemu-asset case=qemu/system phase=create-layout pipeline=grouped elapsed_s=0.000
AXBUILD_TIMING: scope=qemu-asset case=qemu/system phase=rootfs-cache-key pipeline=grouped elapsed_s=0.104
AXBUILD_TIMING: scope=qemu-asset case=qemu/system phase=create-run-dir pipeline=grouped elapsed_s=0.000
AXBUILD_TIMING: scope=qemu-asset case=qemu/system phase=copy-shared-rootfs pipeline=grouped cache=miss elapsed_s=5.211
AXBUILD_TIMING: scope=qemu-asset-grouped case=qemu/system phase=reset-layout elapsed_s=0.001
AXBUILD_TIMING: scope=qemu-asset-grouped case=qemu/system phase=extract-rootfs elapsed_s=3.121
AXBUILD_TIMING: scope=qemu-asset-grouped case=qemu/system phase=prepare-staging-root elapsed_s=0.000
AXBUILD_TIMING: scope=qemu-asset-grouped case=qemu/system phase=write-musl-loader elapsed_s=0.000
AXBUILD_TIMING: scope=qemu-asset-grouped case=qemu/system phase=select-c-subcases elapsed_s=0.000
STARRY_APK_REGION=us
apk repositories:
https://dl-cdn.alpinelinux.org/alpine/v3.23/main
https://dl-cdn.alpinelinux.org/alpine/v3.23/community
cd /home/asta/tgoskits/wt-feat-net-observe/test-suit/starryos/qemu/system && /usr/bin/qemu-x86_64-static -L /home/asta/tgoskits/wt-feat-net-observe/target/x86_64-unknown-none/qemu-cases/qemu/system/runs/386331-0/staging-root /home/asta/tgoskits/wt-feat-net-observe/target/x86_64-unknown-none/qemu-cases/qemu/system/runs/386331-0/staging-root/bin/busybox sh -eu /home/asta/tgoskits/wt-feat-net-observe/test-suit/starryos/qemu/system/prebuild.sh
AXBUILD_TIMING: scope=grouped-c case=qemu/system phase=prebuild elapsed_s=0.019
AXBUILD_TIMING: scope=grouped-c case=qemu/system phase=prepare-cross-env elapsed_s=0.001
AXBUILD_TIMING: scope=grouped-c case=qemu/system phase=configure-all elapsed_s=0.467
AXBUILD_TIMING: scope=grouped-c case=qemu/system phase=build-all subcase_count=1 elapsed_s=0.197
AXBUILD_TIMING: scope=grouped-c case=qemu/system phase=install-all elapsed_s=0.005
AXBUILD_TIMING: scope=grouped-c case=qemu/system phase=compile-total mode=root-project elapsed_s=0.669
AXBUILD_TIMING: scope=qemu-asset-grouped case=qemu/system phase=prepare-c-subcases subcase_count=1 elapsed_s=0.690
AXBUILD_TIMING: scope=qemu-asset-grouped case=qemu/system phase=write-grouped-runner elapsed_s=0.000
AXBUILD_TIMING: scope=qemu-asset-grouped case=qemu/system phase=sync-runtime-deps elapsed_s=0.004
debugfs -w /home/asta/tgoskits/wt-feat-net-observe/target/x86_64-unknown-none/qemu-cases/qemu/system/runs/386331-0/case-rootfs.img
debugfs 1.47.0 (5-Feb-2023)
rm: File not found by ext2_lookup while trying to resolve filename
rm: File not found by ext2_lookup while trying to resolve filename
rm: File not found by ext2_lookup while trying to resolve filename
AXBUILD_TIMING: scope=qemu-asset-grouped case=qemu/system phase=inject-overlay elapsed_s=0.018
AXBUILD_TIMING: scope=qemu-asset case=qemu/system phase=pipeline-prepare pipeline=grouped cache=miss elapsed_s=3.834
AXBUILD_TIMING: scope=qemu-asset case=qemu/system phase=save-rootfs-cache pipeline=grouped cache=miss elapsed_s=1.691
AXBUILD_TIMING: scope=qemu-case case=qemu/system phase=prepare-assets pipeline=grouped cache=miss elapsed_s=10.840
AXBUILD_TIMING: scope=qemu-case case=qemu/system phase=patch-rootfs elapsed_s=0.000
AXBUILD_TIMING: scope=qemu-case case=qemu/system phase=apply-dynamic-boot elapsed_s=0.000
AXBUILD_TIMING: scope=qemu-case case=qemu/system phase=start-host-http elapsed_s=0.000
  prepare assets: 10.84s (pipeline=grouped, cache=miss)
  qemu config: /home/asta/tgoskits/wt-feat-net-observe/test-suit/starryos/qemu/system/qemu-x86_64.toml (timeout=1800s)
  rootfs: /home/asta/tgoskits/wt-feat-net-observe/target/x86_64-unknown-none/qemu-cases/qemu/system/runs/386331-0/case-rootfs.img
[axbuild] qemu run package=starryos target=scripts/targets/bare/x86_64-unknown-none.json ...
Converting ELF to BIN format...
  elf: /home/asta/tgoskits/wt-feat-net-observe/target/x86_64-unknown-none/release/starryos
  bin: /home/asta/tgoskits/wt-feat-net-observe/target/x86_64-unknown-none/release/starryos.bin
/opt/rustup/toolchains/nightly-2026-09-04-x86_64-unknown-linux-gnu/lib/rustlib/x86_64-unknown-linux-gnu/bin/llvm-objcopy --strip-all -O binary /home/asta/tgoskits/wt-feat-net-observe/target/x86_64-unknown-none/release/starryos /home/asta/tgoskits/wt-feat-net-observe/target/x86_64-unknown-none/release/starryos.bin
Preparing OVMF firmware for architecture: X86_64
qemu-system-x86_64 -nographic -no-reboot -cpu Haswell,+avx -m 512M -smp 4 -device nvme,serial=deadbeef,drive=nvm,max_ioqpairs=64,msix_qsize=65 -drive id=nvm,if=none,format=raw,file=/home/asta/tgoskits/wt-feat-net-observe/target/x86_64-unknown-none/qemu-cases/qemu/system/runs/386331-0/case-rootfs.img,snapshot=on -device virtio-net-pci,netdev=net0 -netdev user,id=net0 -object rng-random,filename=/dev/urandom,id=rng0 -device virtio-rng-pci,rng=rng0 -device virtio-gpu-pci -device virtio-keyboard-pci -device virtio-tablet-pci -device nec-usb-xhci,id=xhci,msi=off,msix=off -audiodev none,id=audio0 -device usb-audio,bus=xhci.0,audiodev=audio0 -drive id=usbdisk,if=none,format=raw,snapshot=on,file=/home/asta/tgoskits/wt-feat-net-observe/target/axbuild/rootfs/rootfs-x86_64-busybox.img -device usb-storage,bus=xhci.0,drive=usbdisk,serial=starry-usb-storage -machine q35 -drive if=pflash,format=raw,unit=0,readonly=on,file=/tmp/ostool/ovmf/x64/code.fd -drive if=pflash,format=raw,unit=1,file=/home/asta/tgoskits/wt-feat-net-observe/target/x86_64-unknown-none/release/starryos.vars.fd -drive format=raw,file=fat:rw:/home/asta/tgoskits/wt-feat-net-observe/target/x86_64-unknown-none/release/starryos.esp
qemu-system-x86_64: warning: TCG doesn't support requested feature: CPUID[eax=01h].ECX.pcid [bit 17]
qemu-system-x86_64: warning: TCG doesn't support requested feature: CPUID[eax=01h].ECX.tsc-deadline [bit 24]
qemu-system-x86_64: warning: TCG doesn't support requested feature: CPUID[eax=07h,ecx=00h].EBX.hle [bit 4]
qemu-system-x86_64: warning: TCG doesn't support requested feature: CPUID[eax=07h,ecx=00h].EBX.invpcid [bit 10]
qemu-system-x86_64: warning: TCG doesn't support requested feature: CPUID[eax=07h,ecx=00h].EBX.rtm [bit 11]
qemu-system-x86_64: warning: TCG doesn't support requested feature: CPUID[eax=01h].ECX.pcid [bit 17]
qemu-system-x86_64: warning: TCG doesn't support requested feature: CPUID[eax=01h].ECX.tsc-deadline [bit 24]
qemu-system-x86_64: warning: TCG doesn't support requested feature: CPUID[eax=07h,ecx=00h].EBX.hle [bit 4]
qemu-system-x86_64: warning: TCG doesn't support requested feature: CPUID[eax=07h,ecx=00h].EBX.invpcid [bit 10]
qemu-system-x86_64: warning: TCG doesn't support requested feature: CPUID[eax=07h,ecx=00h].EBX.rtm [bit 11]
qemu-system-x86_64: warning: TCG doesn't support requested feature: CPUID[eax=01h].ECX.pcid [bit 17]
qemu-system-x86_64: warning: TCG doesn't support requested feature: CPUID[eax=01h].ECX.tsc-deadline [bit 24]
qemu-system-x86_64: warning: TCG doesn't support requested feature: CPUID[eax=07h,ecx=00h].EBX.hle [bit 4]
qemu-system-x86_64: warning: TCG doesn't support requested feature: CPUID[eax=07h,ecx=00h].EBX.invpcid [bit 10]
qemu-system-x86_64: warning: TCG doesn't support requested feature: CPUID[eax=07h,ecx=00h].EBX.rtm [bit 11]
qemu-system-x86_64: warning: TCG doesn't support requested feature: CPUID[eax=01h].ECX.pcid [bit 17]
qemu-system-x86_64: warning: TCG doesn't support requested feature: CPUID[eax=01h].ECX.tsc-deadline [bit 24]
qemu-system-x86_64: warning: TCG doesn't support requested feature: CPUID[eax=07h,ecx=00h].EBX.hle [bit 4]
qemu-system-x86_64: warning: TCG doesn't support requested feature: CPUID[eax=07h,ecx=00h].EBX.invpcid [bit 10]
qemu-system-x86_64: warning: TCG doesn't support requested feature: CPUID[eax=07h,ecx=00h].EBX.rtm [bit 11]
[2J[01;01H[=3h[2J[01;01H[2J[01;01H[8;042;160t0[2J[01;01H[2J[01;01H[8;056;240t0[2J[01;01HBdsDxe: failed to load Boot0002 "UEFI QEMU NVMe Ctrl deadbeef 1" from PciRoot(0x0)/Pci(0x2,0x0)/NVMe(0x1,00-00-00-00-00-00-00-00): Not Found
BdsDxe: failed to load Boot0003 "UEFI QEMU QEMU USB HARDDRIVE starry-usb-storage" from PciRoot(0x0)/Pci(0x8,0x0)/USB(0x1,0x0): Not Found
BdsDxe: loading Boot0004 "UEFI QEMU HARDDISK QM00001 " from PciRoot(0x0)/Pci(0x1F,0x2)/Sata(0x0,0xFFFF,0x0)
BdsDxe: starting Boot0004 "UEFI QEMU HARDDISK QM00001 " from PciRoot(0x0)/Pci(0x1F,0x2)/Sata(0x0,0xFFFF,0x0)
UEFI application started.
UEFI console ok.
No FDT found in UEFI config tables.
Found ACPI 1.0 RSDP at address: 0x1fb7e000
Found ACPI 2.0 RSDP at address: 0x1fb7e014
Using ACPI 2 RSDP at address: 0x1fb7e014
UEFI setup.
Boot entropy source: UEFI RNG
Exiting UEFI boot services...
Exited boot services, memory map obtained.
VM Load @PA:0x1acd1000
VM Load Offset: 0x9acd1000
Memory Map:
  Free   0x00000000000000 - 0x00000000008000 (32 KiB)
  Rsv    0x00000000008000 - 0x00000000009000 (4 KiB)
  Free   0x00000000009000 - 0x000000000a0000 (604 KiB)
  Free   0x00000000100000 - 0x00000000800000 (7 MiB)
  Rsv    0x00000000800000 - 0x00000000808000 (32 KiB)
  Free   0x00000000808000 - 0x0000000080b000 (12 KiB)
  Rsv    0x0000000080b000 - 0x0000000080c000 (4 KiB)
  Free   0x0000000080c000 - 0x00000000811000 (20 KiB)
  Rsv    0x00000000811000 - 0x00000000900000 (956 KiB)
  Free   0x00000000900000 - 0x0000001acd1000 (419.82 MiB)
  KImg   0x0000001acd1000 - 0x0000001c000000 (19.18 MiB)
  Free   0x0000001c000000 - 0x0000001ed3f000 (45.25 MiB)
  Rsv    0x0000001ed3f000 - 0x0000001ee00000 (772 KiB)
  Free   0x0000001ee00000 - 0x0000001f8ed000 (10.93 MiB)
  Rsv    0x0000001f8ed000 - 0x0000001fbff000 (3.07 MiB)
  Free   0x0000001fbff000 - 0x0000001fe91000 (2.57 MiB)
  Rsv    0x0000001fe91000 - 0x0000001fe97000 (24 KiB)
  Free   0x0000001fe97000 - 0x0000001fedc000 (276 KiB)
  Rsv    0x0000001fedc000 - 0x00000020000000 (1.14 MiB)
  Rsv    0x000000e0000000 - 0x000000f0000000 (256 MiB)
  MMIO   0x000000ffc00000 - 0x00000100000000 (4 MiB)
Initialize RAM allocator: 0x900000..0x1acd1000
Reserving CPU-local areas
CPU-local area stride: 0x4b000 bytes
Total CPU-local allocation: 0x12c000 bytes (4 CPUs)
Flushed RAM used range to memory map: 0x900000..0xa2c000, current: 0xa2c000
CPU-local areas allocated at 0x900000 - 0xa2c000
Free                : [0x0000000000000000, 0x0000000000008000) -> [0x0000000000000000, 0x0000000000008000) (32 KiB)
Free                : [0xffff800000000000, 0xffff800000008000) -> [0x0000000000000000, 0x0000000000008000) (32 KiB)
Reserved            : [0x0000000000008000, 0x0000000000009000) -> [0x0000000000008000, 0x0000000000009000) (4 KiB)
Reserved            : [0xffff800000008000, 0xffff800000009000) -> [0x0000000000008000, 0x0000000000009000) (4 KiB)
Free                : [0x0000000000009000, 0x00000000000a0000) -> [0x0000000000009000, 0x00000000000a0000) (604 KiB)
Free                : [0xffff800000009000, 0xffff8000000a0000) -> [0x0000000000009000, 0x00000000000a0000) (604 KiB)
Free                : [0x0000000000100000, 0x0000000000800000) -> [0x0000000000100000, 0x0000000000800000) (7 MiB)
Free                : [0xffff800000100000, 0xffff800000800000) -> [0x0000000000100000, 0x0000000000800000) (7 MiB)
Reserved            : [0x0000000000800000, 0x0000000000808000) -> [0x0000000000800000, 0x0000000000808000) (32 KiB)
Reserved            : [0xffff800000800000, 0xffff800000808000) -> [0x0000000000800000, 0x0000000000808000) (32 KiB)
Free                : [0x0000000000808000, 0x000000000080b000) -> [0x0000000000808000, 0x000000000080b000) (12 KiB)
Free                : [0xffff800000808000, 0xffff80000080b000) -> [0x0000000000808000, 0x000000000080b000) (12 KiB)
Reserved            : [0x000000000080b000, 0x000000000080c000) -> [0x000000000080b000, 0x000000000080c000) (4 KiB)
Reserved            : [0xffff80000080b000, 0xffff80000080c000) -> [0x000000000080b000, 0x000000000080c000) (4 KiB)
Free                : [0x000000000080c000, 0x0000000000811000) -> [0x000000000080c000, 0x0000000000811000) (20 KiB)
Free                : [0xffff80000080c000, 0xffff800000811000) -> [0x000000000080c000, 0x0000000000811000) (20 KiB)
Reserved            : [0x0000000000811000, 0x0000000000900000) -> [0x0000000000811000, 0x0000000000900000) (956 KiB)
Reserved            : [0xffff800000811000, 0xffff800000900000) -> [0x0000000000811000, 0x0000000000900000) (956 KiB)
Free                : [0x0000000000a2c000, 0x000000001acd1000) -> [0x0000000000a2c000, 0x000000001acd1000) (418.64 MiB)
Free                : [0xffff800000a2c000, 0xffff80001acd1000) -> [0x0000000000a2c000, 0x000000001acd1000) (418.64 MiB)
KImage              : [0x000000001acd1000, 0x000000001c000000) -> [0x000000001acd1000, 0x000000001c000000) (19.18 MiB)
KImage              : [0xffff80001acd1000, 0xffff80001c000000) -> [0x000000001acd1000, 0x000000001c000000) (19.18 MiB)
Free                : [0x000000001c000000, 0x000000001ed3f000) -> [0x000000001c000000, 0x000000001ed3f000) (45.25 MiB)
Free                : [0xffff80001c000000, 0xffff80001ed3f000) -> [0x000000001c000000, 0x000000001ed3f000) (45.25 MiB)
Reserved            : [0x000000001ed3f000, 0x000000001ee00000) -> [0x000000001ed3f000, 0x000000001ee00000) (772 KiB)
Reserved            : [0xffff80001ed3f000, 0xffff80001ee00000) -> [0x000000001ed3f000, 0x000000001ee00000) (772 KiB)
Free                : [0x000000001ee00000, 0x000000001f8ed000) -> [0x000000001ee00000, 0x000000001f8ed000) (10.93 MiB)
Free                : [0xffff80001ee00000, 0xffff80001f8ed000) -> [0x000000001ee00000, 0x000000001f8ed000) (10.93 MiB)
Reserved            : [0x000000001f8ed000, 0x000000001fbff000) -> [0x000000001f8ed000, 0x000000001fbff000) (3.07 MiB)
Reserved            : [0xffff80001f8ed000, 0xffff80001fbff000) -> [0x000000001f8ed000, 0x000000001fbff000) (3.07 MiB)
Free                : [0x000000001fbff000, 0x000000001fe91000) -> [0x000000001fbff000, 0x000000001fe91000) (2.57 MiB)
Free                : [0xffff80001fbff000, 0xffff80001fe91000) -> [0x000000001fbff000, 0x000000001fe91000) (2.57 MiB)
Reserved            : [0x000000001fe91000, 0x000000001fe97000) -> [0x000000001fe91000, 0x000000001fe97000) (24 KiB)
Reserved            : [0xffff80001fe91000, 0xffff80001fe97000) -> [0x000000001fe91000, 0x000000001fe97000) (24 KiB)
Free                : [0x000000001fe97000, 0x000000001fedc000) -> [0x000000001fe97000, 0x000000001fedc000) (276 KiB)
Free                : [0xffff80001fe97000, 0xffff80001fedc000) -> [0x000000001fe97000, 0x000000001fedc000) (276 KiB)
Reserved            : [0x000000001fedc000, 0x0000000020000000) -> [0x000000001fedc000, 0x0000000020000000) (1.14 MiB)
Reserved            : [0xffff80001fedc000, 0xffff800020000000) -> [0x000000001fedc000, 0x0000000020000000) (1.14 MiB)
Reserved            : [0x00000000e0000000, 0x00000000f0000000) -> [0x00000000e0000000, 0x00000000f0000000) (256 MiB)
Reserved            : [0xffff8000e0000000, 0xffff8000f0000000) -> [0x00000000e0000000, 0x00000000f0000000) (256 MiB)
Mmio                : [0x00000000ffc00000, 0x0000000100000000) -> [0x00000000ffc00000, 0x0000000100000000) (4 MiB)
Mmio                : [0xffff8000ffc00000, 0xffff800100000000) -> [0x00000000ffc00000, 0x0000000100000000) (4 MiB)
PerCpu              : [0x0000000000900000, 0x0000000000a2c000) -> [0x0000000000900000, 0x0000000000a2c000) (1.17 MiB)
PerCpu              : [0xffff800000900000, 0xffff800000a2c000) -> [0x0000000000900000, 0x0000000000a2c000) (1.17 MiB)
LAPIC               : [0x00000000fee00000, 0x00000000fee01000) -> [0x00000000fee00000, 0x00000000fee01000) (4 KiB)
LAPIC               : [0xffff8000fee00000, 0xffff8000fee01000) -> [0x00000000fee00000, 0x00000000fee01000) (4 KiB)
KImage              : [0xffffffff80000000, 0xffffffff81400000) -> [0x000000001acd1000, 0x000000001c0d1000) (20 MiB)
PerCpu              : [0xffffff0000900000, 0xffffff0000a2c000) -> [0x0000000000900000, 0x0000000000a2c000) (1.17 MiB)
x86_64 switching CR3 and resetting relocations before high-half jump
Trap vector at 0xffffffff811ba080
Memory Map:
  Free   0x00000000000000 - 0x00000000008000 (32 KiB)
  Rsv    0x00000000008000 - 0x00000000009000 (4 KiB)
  Free   0x00000000009000 - 0x000000000a0000 (604 KiB)
  Free   0x00000000100000 - 0x00000000800000 (7 MiB)
  Rsv    0x00000000800000 - 0x00000000808000 (32 KiB)
  Free   0x00000000808000 - 0x0000000080b000 (12 KiB)
  Rsv    0x0000000080b000 - 0x0000000080c000 (4 KiB)
  Free   0x0000000080c000 - 0x00000000811000 (20 KiB)
  Rsv    0x00000000811000 - 0x00000000900000 (956 KiB)
  PerCPU 0x00000000900000 - 0x00000000a2c000 (1.17 MiB)
  Rsv    0x00000000a2c000 - 0x00000000a55000 (164 KiB)
  Free   0x00000000a55000 - 0x0000001acd1000 (418.48 MiB)
  KImg   0x0000001acd1000 - 0x0000001c000000 (19.18 MiB)
  Free   0x0000001c000000 - 0x0000001ed3f000 (45.25 MiB)
  Rsv    0x0000001ed3f000 - 0x0000001ee00000 (772 KiB)
  Free   0x0000001ee00000 - 0x0000001f8ed000 (10.93 MiB)
  Rsv    0x0000001f8ed000 - 0x0000001fbff000 (3.07 MiB)
  Free   0x0000001fbff000 - 0x0000001fe91000 (2.57 MiB)
  Rsv    0x0000001fe91000 - 0x0000001fe97000 (24 KiB)
  Free   0x0000001fe97000 - 0x0000001fedc000 (276 KiB)
  Rsv    0x0000001fedc000 - 0x00000020000000 (1.14 MiB)
  Rsv    0x000000e0000000 - 0x000000f0000000 (256 MiB)
  MMIO   0x000000ffc00000 - 0x00000100000000 (4 MiB)
Jumping to main entry point at 0xffffffff8030e590 with SP 0xffffff000094b000

       d8888                            .d88888b.   .d8888b.
      d88888                           d88P" "Y88b d88P  Y88b
     d88P888                           888     888 Y88b.
    d88P 888 888d888  .d8888b  .d88b.  888     888  "Y888b.
   d88P  888 888P"   d88P"    d8P  Y8b 888     888     "Y88b.
  d88P   888 888     888      88888888 888     888       "888
 d8888888888 888     Y88b.    Y8b.     Y88b. .d88P Y88b  d88P
d88P     888 888      "Y8888P  "Y8888   "Y88888P"   "Y8888P"

arch = x86_64
platform = acpi
target = x86_64-unknown-none
build_mode = 
log_level = warn
backtrace = false
smp = 4

Boot at 2011-04-23 04:25:36.122511117 UTC

[37m[  2.736520 0:4294967306 [37max_net::service:1099] [33meth0: DHCP acquired address 10.0.2.15/24[m[m
[37m[  2.737030 0:4294967306 [37max_net::service:1101] [33meth0: DHCP router 10.0.2.2[m[m
[37m[  2.738856 0:4294967296 [37max_net:697] [33m  No vsock device found![m[m
Initialized 8 tracepoints
kmod subsystem initialized

   OpenRC 0.63 is starting up Linux 10.0.0 (x86_64)

 * /proc is already mounted
 * Mounting /run ... [ ok ]
 * /run/openrc: creating directory
 * /run/lock: creating directory
 * /run/lock: correcting owner
 * Caching service dependencies ... [ ok ]
 * Clock skew detected with 'starry-autorun'
 * Adjusting mtime of '/run/openrc/deptree' to Fri Oct  2 03:14:00 2026

 * WARNING: clock skew detected!
 * Preparing Starry runtime ... [ ok ]
 * WARNING: clock skew detected!
 * WARNING: clock skew detected!
STARRY_GROUPED_AUTORUN_INIT
STARRY_GROUPED_TEST_BEGIN: step=1/1 epoch=1303532742 command=exec /usr/bin/starry-run-system-tests
STARRY_SYSTEM_PHASE_BEGIN: native-c
STARRY_SYSTEM_TEST_BEGIN: /usr/bin/starry-test-suit/net-events
NET_EVENTS_FAIL: enabled event recorded no queue poll round
NET_EVENTS_FAILED
STARRY_SYSTEM_TEST_FAILED: /usr/bin/starry-test-suit/net-events status=1 elapsed_s=1.339
STARRY_SYSTEM_PHASE_END: native-c
STARRY_SYSTEM_TEST_SUMMARY: total=1 passed=0 failed=1 elapsed_s=1.349
STARRY_GROUPED_TEST_FAILED: one or more system t
=== FAIL PATTERN MATCHED: (?m)^STARRY_GROUPED_TEST_FAILED:
ests failed
STARRY_GROUPED_TEST_FAILED: step=1/1 epoch=1303532744 status=1 command=exec /usr/bin/starry-run-system-tests
STARRY_GROUPED_TESTS_FAILED
 * ERROR: starry-autorun failed to start
Welcome to Starry OS!
root@starry:~# [6n  qemu run: 11.50s
AXBUILD_TIMING: scope=qemu-case case=qemu/system phase=qemu-run elapsed_s=11.505
failed: system: starry qemu test failed for case `system`: Fail pattern matched '(?m)^STARRY_GROUPED_TEST_FAILED:': .d88888b. .d8888b. d88888 d88P" "Y88b d88P Y88b d88P888 888 888 Y88b. d88P 888 888d888 .d8888b .d88b. 888 888 "Y888b. d88P 888 888P" d88P" d8P Y8b 888 888 "Y88b. d88P 888 888 888 88888888 888 888 "888 d8888888888 888 Y88b. Y8b. Y88b. .d88P ...

starry qemu test summary:
  FAIL system (22.53s)
result: 0/1 case(s) passed
total: 29.44s
Error: starry qemu tests failed for 1 case(s): system
QEMU_net-events_EXIT=1
