    Finished `dev` profile [unoptimized + debuginfo] target(s) in 0.22s
     Running `target/debug/tg-xtask clippy --since dev`
clippy started at: 2026-10-02 05:17:05 +0000
using input ref `dev` (`d93f125cc5a97588ae3f83396e622be7c69e268d`) as incremental diff base
incremental clippy since `dev` selected 3 changed package(s) and 2 affected OS root package(s)
running clippy for 5 package(s) with 140 check(s) from /home/asta/tgoskits/wt-feat-net-observe
[1/140] ax-net (base, target: aarch64-unknown-none-softfloat)
          cd /home/asta/tgoskits/wt-feat-net-observe && CARGO_UNSTABLE_JSON_TARGET_SPEC=true cargo clippy --no-deps -p ax-net --target scripts/targets/bare/aarch64-unknown-none-softfloat.json -Z json-target-spec -Z build-std=core,alloc -- -Cllvm-args=--max-store-memcpy=16 -D warnings
   Compiling ax-cpu v0.10.3 (/home/asta/tgoskits/wt-feat-net-observe/components/axcpu)
   Compiling cpu-local v0.4.3 (/home/asta/tgoskits/wt-feat-net-observe/components/cpu-local)
   Compiling ax-percpu v0.4.24 (/home/asta/tgoskits/wt-feat-net-observe/components/percpu/percpu)
   Compiling ax-alloc v0.9.2 (/home/asta/tgoskits/wt-feat-net-observe/memory/ax-alloc)
   Compiling ax-driver v0.18.1 (/home/asta/tgoskits/wt-feat-net-observe/drivers/ax-driver)
   Compiling somehal v0.11.3 (/home/asta/tgoskits/wt-feat-net-observe/platforms/somehal)
   Compiling axplat-dyn v0.10.4 (/home/asta/tgoskits/wt-feat-net-observe/platforms/axplat-dyn)
   Compiling ax-hal v0.8.4 (/home/asta/tgoskits/wt-feat-net-observe/os/arceos/modules/axhal)
   Compiling ax-crate-interface v0.5.8 (/home/asta/tgoskits/wt-feat-net-observe/components/crate_interface)
   Compiling trait-ffi-macros v0.4.0 (/home/asta/tgoskits/wt-feat-net-observe/components/trait-ffi/trait-ffi-macros)
   Compiling rdrive-macros v0.4.3 (/home/asta/tgoskits/wt-feat-net-observe/drivers/rdrive-macros)
   Compiling ax-percpu-macros v0.4.12 (/home/asta/tgoskits/wt-feat-net-observe/components/percpu/percpu_macros)
   Compiling ax-plat-macros v0.3.10 (/home/asta/tgoskits/wt-feat-net-observe/platforms/ax-plat-macros)
   Compiling someboot v0.7.2 (/home/asta/tgoskits/wt-feat-net-observe/platforms/someboot)
   Compiling somehal-macros v0.1.7 (/home/asta/tgoskits/wt-feat-net-observe/platforms/somehal-macros)
    Checking ax-sync v0.6.0 (/home/asta/tgoskits/wt-feat-net-observe/os/arceos/modules/axsync)
    Checking rdrive v0.25.0 (/home/asta/tgoskits/wt-feat-net-observe/drivers/rdrive)
    Checking dma-api v0.10.2 (/home/asta/tgoskits/wt-feat-net-observe/memory/dma-api)
    Checking buddy-slab-allocator v0.6.1 (/home/asta/tgoskits/wt-feat-net-observe/memory/buddy-slab-allocator)
    Checking axpoll-set v0.1.1 (/home/asta/tgoskits/wt-feat-net-observe/components/axpoll-set)
    Checking rdif-eth v0.6.0 (/home/asta/tgoskits/wt-feat-net-observe/drivers/interface/rdif-eth)
    Checking trait-ffi v0.3.1 (/home/asta/tgoskits/wt-feat-net-observe/components/trait-ffi/trait-ffi)
    Checking ax-task v0.8.4 (/home/asta/tgoskits/wt-feat-net-observe/components/ax-task)
    Checking rd-net v0.3.3 (/home/asta/tgoskits/wt-feat-net-observe/drivers/net/rd-net)
    Checking ax-plat v0.15.0 (/home/asta/tgoskits/wt-feat-net-observe/platforms/ax-plat)
    Checking axklib v0.9.1 (/home/asta/tgoskits/wt-feat-net-observe/components/axklib)
    Checking ax-net v0.13.6 (/home/asta/tgoskits/wt-feat-net-observe/net/ax-net)
    Finished `dev` profile [unoptimized + debuginfo] target(s) in 1.88s
warning: the following packages contain code that will be rejected by a future version of Rust: core v0.0.0 (/opt/rustup/toolchains/nightly-2026-09-04-x86_64-unknown-linux-gnu/lib/rustlib/src/rust/library/core), memchr v2.8.3
note: to see what the problems were, use the option `--future-incompat-report`, or run `cargo report future-incompatibilities --id 1`
[axbuild] accepted known upstream Rust #134375 future-incompatibility for core@0.0.0, memchr@2.8.3
ok: ax-net (base, target: aarch64-unknown-none-softfloat)
[2/140] ax-net (feature: vsock, target: aarch64-unknown-none-softfloat)
          cd /home/asta/tgoskits/wt-feat-net-observe && CARGO_UNSTABLE_JSON_TARGET_SPEC=true cargo clippy --no-deps -p ax-net --no-default-features --features vsock --target scripts/targets/bare/aarch64-unknown-none-softfloat.json -Z json-target-spec -Z build-std=core,alloc -- -Cllvm-args=--max-store-memcpy=16 -D warnings
    Checking ax-net v0.13.6 (/home/asta/tgoskits/wt-feat-net-observe/net/ax-net)
    Finished `dev` profile [unoptimized + debuginfo] target(s) in 1.11s
warning: the following packages contain code that will be rejected by a future version of Rust: core v0.0.0 (/opt/rustup/toolchains/nightly-2026-09-04-x86_64-unknown-linux-gnu/lib/rustlib/src/rust/library/core), memchr v2.8.3
note: to see what the problems were, use the option `--future-incompat-report`, or run `cargo report future-incompatibilities --id 1`
[axbuild] accepted known upstream Rust #134375 future-incompatibility for core@0.0.0, memchr@2.8.3
ok: ax-net (feature: vsock, target: aarch64-unknown-none-softfloat)
[3/140] ax-net (base, target: loongarch64-unknown-none-softfloat)
          cd /home/asta/tgoskits/wt-feat-net-observe && CARGO_UNSTABLE_JSON_TARGET_SPEC=true cargo clippy --no-deps -p ax-net --target scripts/targets/bare/loongarch64-unknown-none-softfloat.json -Z json-target-spec -Z build-std=core,alloc -- -D warnings
   Compiling ax-cpu v0.10.3 (/home/asta/tgoskits/wt-feat-net-observe/components/axcpu)
   Compiling cpu-local v0.4.3 (/home/asta/tgoskits/wt-feat-net-observe/components/cpu-local)
   Compiling ax-percpu v0.4.24 (/home/asta/tgoskits/wt-feat-net-observe/components/percpu/percpu)
   Compiling ax-alloc v0.9.2 (/home/asta/tgoskits/wt-feat-net-observe/memory/ax-alloc)
   Compiling ax-driver v0.18.1 (/home/asta/tgoskits/wt-feat-net-observe/drivers/ax-driver)
   Compiling somehal v0.11.3 (/home/asta/tgoskits/wt-feat-net-observe/platforms/somehal)
   Compiling axplat-dyn v0.10.4 (/home/asta/tgoskits/wt-feat-net-observe/platforms/axplat-dyn)
   Compiling ax-hal v0.8.4 (/home/asta/tgoskits/wt-feat-net-observe/os/arceos/modules/axhal)
   Compiling ax-crate-interface v0.5.8 (/home/asta/tgoskits/wt-feat-net-observe/components/crate_interface)
   Compiling trait-ffi-macros v0.4.0 (/home/asta/tgoskits/wt-feat-net-observe/components/trait-ffi/trait-ffi-macros)
   Compiling rdrive-macros v0.4.3 (/home/asta/tgoskits/wt-feat-net-observe/drivers/rdrive-macros)
   Compiling ax-percpu-macros v0.4.12 (/home/asta/tgoskits/wt-feat-net-observe/components/percpu/percpu_macros)
   Compiling ax-plat-macros v0.3.10 (/home/asta/tgoskits/wt-feat-net-observe/platforms/ax-plat-macros)
   Compiling someboot v0.7.2 (/home/asta/tgoskits/wt-feat-net-observe/platforms/someboot)
   Compiling somehal-macros v0.1.7 (/home/asta/tgoskits/wt-feat-net-observe/platforms/somehal-macros)
    Checking ax-sync v0.6.0 (/home/asta/tgoskits/wt-feat-net-observe/os/arceos/modules/axsync)
    Checking rdrive v0.25.0 (/home/asta/tgoskits/wt-feat-net-observe/drivers/rdrive)
    Checking dma-api v0.10.2 (/home/asta/tgoskits/wt-feat-net-observe/memory/dma-api)
    Checking buddy-slab-allocator v0.6.1 (/home/asta/tgoskits/wt-feat-net-observe/memory/buddy-slab-allocator)
    Checking axpoll-set v0.1.1 (/home/asta/tgoskits/wt-feat-net-observe/components/axpoll-set)
    Checking trait-ffi v0.3.1 (/home/asta/tgoskits/wt-feat-net-observe/components/trait-ffi/trait-ffi)
    Checking ax-task v0.8.4 (/home/asta/tgoskits/wt-feat-net-observe/components/ax-task)
    Checking rdif-eth v0.6.0 (/home/asta/tgoskits/wt-feat-net-observe/drivers/interface/rdif-eth)
    Checking rd-net v0.3.3 (/home/asta/tgoskits/wt-feat-net-observe/drivers/net/rd-net)
    Checking ax-plat v0.15.0 (/home/asta/tgoskits/wt-feat-net-observe/platforms/ax-plat)
    Checking axklib v0.9.1 (/home/asta/tgoskits/wt-feat-net-observe/components/axklib)
    Checking ax-net v0.13.6 (/home/asta/tgoskits/wt-feat-net-observe/net/ax-net)
    Finished `dev` profile [unoptimized + debuginfo] target(s) in 2.61s
ok: ax-net (base, target: loongarch64-unknown-none-softfloat)
[4/140] ax-net (feature: vsock, target: loongarch64-unknown-none-softfloat)
          cd /home/asta/tgoskits/wt-feat-net-observe && CARGO_UNSTABLE_JSON_TARGET_SPEC=true cargo clippy --no-deps -p ax-net --no-default-features --features vsock --target scripts/targets/bare/loongarch64-unknown-none-softfloat.json -Z json-target-spec -Z build-std=core,alloc -- -D warnings
    Blocking waiting for file lock on package cache
    Checking ax-net v0.13.6 (/home/asta/tgoskits/wt-feat-net-observe/net/ax-net)
    Finished `dev` profile [unoptimized + debuginfo] target(s) in 0.64s
ok: ax-net (feature: vsock, target: loongarch64-unknown-none-softfloat)
[5/140] ax-net (base, target: riscv64gc-unknown-none-elf)
          cd /home/asta/tgoskits/wt-feat-net-observe && CARGO_UNSTABLE_JSON_TARGET_SPEC=true cargo clippy --no-deps -p ax-net --target scripts/targets/bare/riscv64gc-unknown-none-elf.json -Z json-target-spec -Z build-std=core,alloc -- -D warnings
   Compiling ax-cpu v0.10.3 (/home/asta/tgoskits/wt-feat-net-observe/components/axcpu)
   Compiling cpu-local v0.4.3 (/home/asta/tgoskits/wt-feat-net-observe/components/cpu-local)
   Compiling ax-percpu v0.4.24 (/home/asta/tgoskits/wt-feat-net-observe/components/percpu/percpu)
   Compiling ax-alloc v0.9.2 (/home/asta/tgoskits/wt-feat-net-observe/memory/ax-alloc)
   Compiling somehal v0.11.3 (/home/asta/tgoskits/wt-feat-net-observe/platforms/somehal)
   Compiling ax-driver v0.18.1 (/home/asta/tgoskits/wt-feat-net-observe/drivers/ax-driver)
   Compiling axplat-dyn v0.10.4 (/home/asta/tgoskits/wt-feat-net-observe/platforms/axplat-dyn)
   Compiling ax-hal v0.8.4 (/home/asta/tgoskits/wt-feat-net-observe/os/arceos/modules/axhal)
    Checking ax-sync v0.6.0 (/home/asta/tgoskits/wt-feat-net-observe/os/arceos/modules/axsync)
    Checking trait-ffi v0.3.1 (/home/asta/tgoskits/wt-feat-net-observe/components/trait-ffi/trait-ffi)
   Compiling someboot v0.7.2 (/home/asta/tgoskits/wt-feat-net-observe/platforms/someboot)
    Checking ax-task v0.8.4 (/home/asta/tgoskits/wt-feat-net-observe/components/ax-task)
    Checking rdrive v0.25.0 (/home/asta/tgoskits/wt-feat-net-observe/drivers/rdrive)
    Checking dma-api v0.10.2 (/home/asta/tgoskits/wt-feat-net-observe/memory/dma-api)
    Checking buddy-slab-allocator v0.6.1 (/home/asta/tgoskits/wt-feat-net-observe/memory/buddy-slab-allocator)
    Checking axpoll-set v0.1.1 (/home/asta/tgoskits/wt-feat-net-observe/components/axpoll-set)
    Checking rdif-eth v0.6.0 (/home/asta/tgoskits/wt-feat-net-observe/drivers/interface/rdif-eth)
    Checking rd-net v0.3.3 (/home/asta/tgoskits/wt-feat-net-observe/drivers/net/rd-net)
    Checking ax-plat v0.15.0 (/home/asta/tgoskits/wt-feat-net-observe/platforms/ax-plat)
    Checking axklib v0.9.1 (/home/asta/tgoskits/wt-feat-net-observe/components/axklib)
    Checking ax-net v0.13.6 (/home/asta/tgoskits/wt-feat-net-observe/net/ax-net)
    Finished `dev` profile [unoptimized + debuginfo] target(s) in 1.50s
ok: ax-net (base, target: riscv64gc-unknown-none-elf)
[6/140] ax-net (feature: vsock, target: riscv64gc-unknown-none-elf)
          cd /home/asta/tgoskits/wt-feat-net-observe && CARGO_UNSTABLE_JSON_TARGET_SPEC=true cargo clippy --no-deps -p ax-net --no-default-features --features vsock --target scripts/targets/bare/riscv64gc-unknown-none-elf.json -Z json-target-spec -Z build-std=core,alloc -- -D warnings
    Checking ax-net v0.13.6 (/home/asta/tgoskits/wt-feat-net-observe/net/ax-net)
    Finished `dev` profile [unoptimized + debuginfo] target(s) in 0.52s
ok: ax-net (feature: vsock, target: riscv64gc-unknown-none-elf)
[7/140] ax-net (base, target: x86_64-unknown-none)
          cd /home/asta/tgoskits/wt-feat-net-observe && CARGO_UNSTABLE_JSON_TARGET_SPEC=true cargo clippy --no-deps -p ax-net --target scripts/targets/bare/x86_64-unknown-none.json -Z json-target-spec -Z build-std=core,alloc -- -D warnings
   Compiling ax-cpu v0.10.3 (/home/asta/tgoskits/wt-feat-net-observe/components/axcpu)
   Compiling cpu-local v0.4.3 (/home/asta/tgoskits/wt-feat-net-observe/components/cpu-local)
   Compiling ax-percpu v0.4.24 (/home/asta/tgoskits/wt-feat-net-observe/components/percpu/percpu)
   Compiling ax-alloc v0.9.2 (/home/asta/tgoskits/wt-feat-net-observe/memory/ax-alloc)
   Compiling somehal v0.11.3 (/home/asta/tgoskits/wt-feat-net-observe/platforms/somehal)
   Compiling ax-driver v0.18.1 (/home/asta/tgoskits/wt-feat-net-observe/drivers/ax-driver)
   Compiling axplat-dyn v0.10.4 (/home/asta/tgoskits/wt-feat-net-observe/platforms/axplat-dyn)
   Compiling ax-hal v0.8.4 (/home/asta/tgoskits/wt-feat-net-observe/os/arceos/modules/axhal)
    Checking ax-sync v0.6.0 (/home/asta/tgoskits/wt-feat-net-observe/os/arceos/modules/axsync)
    Checking trait-ffi v0.3.1 (/home/asta/tgoskits/wt-feat-net-observe/components/trait-ffi/trait-ffi)
   Compiling someboot v0.7.2 (/home/asta/tgoskits/wt-feat-net-observe/platforms/someboot)
    Checking ax-task v0.8.4 (/home/asta/tgoskits/wt-feat-net-observe/components/ax-task)
    Checking rdrive v0.25.0 (/home/asta/tgoskits/wt-feat-net-observe/drivers/rdrive)
    Checking dma-api v0.10.2 (/home/asta/tgoskits/wt-feat-net-observe/memory/dma-api)
    Checking buddy-slab-allocator v0.6.1 (/home/asta/tgoskits/wt-feat-net-observe/memory/buddy-slab-allocator)
    Checking axpoll-set v0.1.1 (/home/asta/tgoskits/wt-feat-net-observe/components/axpoll-set)
    Checking rdif-eth v0.6.0 (/home/asta/tgoskits/wt-feat-net-observe/drivers/interface/rdif-eth)
    Checking rd-net v0.3.3 (/home/asta/tgoskits/wt-feat-net-observe/drivers/net/rd-net)
    Checking ax-plat v0.15.0 (/home/asta/tgoskits/wt-feat-net-observe/platforms/ax-plat)
    Checking axklib v0.9.1 (/home/asta/tgoskits/wt-feat-net-observe/components/axklib)
    Checking ax-net v0.13.6 (/home/asta/tgoskits/wt-feat-net-observe/net/ax-net)
    Finished `dev` profile [unoptimized + debuginfo] target(s) in 1.59s
warning: the following packages contain code that will be rejected by a future version of Rust: core v0.0.0 (/opt/rustup/toolchains/nightly-2026-09-04-x86_64-unknown-linux-gnu/lib/rustlib/src/rust/library/core), memchr v2.8.3
note: to see what the problems were, use the option `--future-incompat-report`, or run `cargo report future-incompatibilities --id 1`
ok: ax-net (base, target: x86_64-unknown-none)
[8/140] ax-net (feature: vsock, target: x86_64-unknown-none)
          cd /home/asta/tgoskits/wt-feat-net-observe && CARGO_UNSTABLE_JSON_TARGET_SPEC=true cargo clippy --no-deps -p ax-net --no-default-features --features vsock --target scripts/targets/bare/x86_64-unknown-none.json -Z json-target-spec -Z build-std=core,alloc -- -D warnings
    Checking ax-net v0.13.6 (/home/asta/tgoskits/wt-feat-net-observe/net/ax-net)
    Finished `dev` profile [unoptimized + debuginfo] target(s) in 0.55s
warning: the following packages contain code that will be rejected by a future version of Rust: core v0.0.0 (/opt/rustup/toolchains/nightly-2026-09-04-x86_64-unknown-linux-gnu/lib/rustlib/src/rust/library/core), memchr v2.8.3
note: to see what the problems were, use the option `--future-incompat-report`, or run `cargo report future-incompatibilities --id 1`
ok: ax-net (feature: vsock, target: x86_64-unknown-none)
[9/140] ax-net (feature: host-test)
          cd /home/asta/tgoskits/wt-feat-net-observe && cargo clippy --no-deps -p ax-net --tests --no-default-features --features host-test -- -D warnings
    Finished `dev` profile [unoptimized + debuginfo] target(s) in 0.35s
ok: ax-net (feature: host-test)
[10/140] ax-tracepoint (base)
          cd /home/asta/tgoskits/wt-feat-net-observe && cargo clippy --no-deps -p ax-tracepoint -- -D warnings
    Checking hashbrown v0.17.1
   Compiling syn v3.0.6
    Checking lru v0.18.5
   Compiling thiserror-impl v2.0.21
    Checking thiserror v2.0.21
    Checking ax-tracepoint v0.6.1 (/home/asta/tgoskits/wt-feat-net-observe/components/ax-tracepoint)
    Finished `dev` profile [unoptimized + debuginfo] target(s) in 1.45s
ok: ax-tracepoint (base)
[11/140] starry-kernel (base, target: aarch64-unknown-none-softfloat)
          cd /home/asta/tgoskits/wt-feat-net-observe && CARGO_UNSTABLE_JSON_TARGET_SPEC=true cargo clippy --no-deps -p starry-kernel --target scripts/targets/bare/aarch64-unknown-none-softfloat.json -Z json-target-spec -Z build-std=core,alloc -- -Cllvm-args=--max-store-memcpy=16 -D warnings
   Compiling cpu-local v0.4.3 (/home/asta/tgoskits/wt-feat-net-observe/components/cpu-local)
   Compiling ax-percpu v0.4.24 (/home/asta/tgoskits/wt-feat-net-observe/components/percpu/percpu)
   Compiling ax-alloc v0.9.2 (/home/asta/tgoskits/wt-feat-net-observe/memory/ax-alloc)
   Compiling crab-usb v0.12.1 (/home/asta/tgoskits/wt-feat-net-observe/drivers/usb/usb-host)
   Compiling rockchip-soc v0.4.8 (/home/asta/tgoskits/wt-feat-net-observe/drivers/soc/rockchip/rockchip-soc)
   Compiling ax-driver v0.18.1 (/home/asta/tgoskits/wt-feat-net-observe/drivers/ax-driver)
   Compiling somehal v0.11.3 (/home/asta/tgoskits/wt-feat-net-observe/platforms/somehal)
   Compiling axplat-dyn v0.10.4 (/home/asta/tgoskits/wt-feat-net-observe/platforms/axplat-dyn)
   Compiling scope-local v0.6.5 (/home/asta/tgoskits/wt-feat-net-observe/components/scope-local)
   Compiling ax-crate-interface v0.5.8 (/home/asta/tgoskits/wt-feat-net-observe/components/crate_interface)
   Compiling trait-ffi-macros v0.4.0 (/home/asta/tgoskits/wt-feat-net-observe/components/trait-ffi/trait-ffi-macros)
   Compiling ax-percpu-macros v0.4.12 (/home/asta/tgoskits/wt-feat-net-observe/components/percpu/percpu_macros)
   Compiling rdrive-macros v0.4.3 (/home/asta/tgoskits/wt-feat-net-observe/drivers/rdrive-macros)
   Compiling ax-plat-macros v0.3.10 (/home/asta/tgoskits/wt-feat-net-observe/platforms/ax-plat-macros)
   Compiling someboot v0.7.2 (/home/asta/tgoskits/wt-feat-net-observe/platforms/someboot)
   Compiling somehal-macros v0.1.7 (/home/asta/tgoskits/wt-feat-net-observe/platforms/somehal-macros)
   Compiling ax-ctor-bare-macros v0.4.10 (/home/asta/tgoskits/wt-feat-net-observe/components/ctor_bare/ctor_bare_macros)
   Compiling ax-runtime v0.13.5 (/home/asta/tgoskits/wt-feat-net-observe/os/arceos/modules/axruntime)
   Compiling ax-posix-api v0.6.8 (/home/asta/tgoskits/wt-feat-net-observe/os/arceos/api/arceos_posix_api)
   Compiling ax-tracepoint v0.6.1 (/home/asta/tgoskits/wt-feat-net-observe/components/ax-tracepoint)
   Compiling starry-signal v0.10.5 (/home/asta/tgoskits/wt-feat-net-observe/os/StarryOS/signal)
   Compiling starry-kernel v0.12.1 (/home/asta/tgoskits/wt-feat-net-observe/os/StarryOS/kernel)
    Checking ax-sync v0.6.0 (/home/asta/tgoskits/wt-feat-net-observe/os/arceos/modules/axsync)
    Checking ax-log v0.6.1 (/home/asta/tgoskits/wt-feat-net-observe/os/arceos/modules/axlog)
    Checking ax-ctor-bare v0.4.10 (/home/asta/tgoskits/wt-feat-net-observe/components/ctor_bare/ctor_bare)
    Checking dma-api v0.10.2 (/home/asta/tgoskits/wt-feat-net-observe/memory/dma-api)
    Checking rdrive v0.25.0 (/home/asta/tgoskits/wt-feat-net-observe/drivers/rdrive)
    Checking buddy-slab-allocator v0.6.1 (/home/asta/tgoskits/wt-feat-net-observe/memory/buddy-slab-allocator)
    Checking axpoll-set v0.1.1 (/home/asta/tgoskits/wt-feat-net-observe/components/axpoll-set)
    Checking axfs-ng-vfs v0.8.1 (/home/asta/tgoskits/wt-feat-net-observe/fs/axfs-ng-vfs)
    Checking ax-cgroup v0.3.0 (/home/asta/tgoskits/wt-feat-net-observe/components/ax-cgroup)
    Checking rdif-eth v0.6.0 (/home/asta/tgoskits/wt-feat-net-observe/drivers/interface/rdif-eth)
    Checking rdif-block v0.13.2 (/home/asta/tgoskits/wt-feat-net-observe/drivers/interface/rdif-block)
    Checking rdif-gpu v0.1.0 (/home/asta/tgoskits/wt-feat-net-observe/drivers/interface/rdif-gpu)
    Checking trait-ffi v0.3.1 (/home/asta/tgoskits/wt-feat-net-observe/components/trait-ffi/trait-ffi)
    Checking ax-cpu v0.10.3 (/home/asta/tgoskits/wt-feat-net-observe/components/axcpu)
    Checking ax-task v0.8.4 (/home/asta/tgoskits/wt-feat-net-observe/components/ax-task)
    Checking rd-net v0.3.3 (/home/asta/tgoskits/wt-feat-net-observe/drivers/net/rd-net)
    Checking rdif-display v0.5.0 (/home/asta/tgoskits/wt-feat-net-observe/drivers/interface/rdif-display)
    Checking ax-plat v0.15.0 (/home/asta/tgoskits/wt-feat-net-observe/platforms/ax-plat)
    Checking ax-fs-ng v0.11.2 (/home/asta/tgoskits/wt-feat-net-observe/fs/ax-fs-ng)
    Checking axklib v0.9.1 (/home/asta/tgoskits/wt-feat-net-observe/components/axklib)
    Checking ax-input v0.7.0 (/home/asta/tgoskits/wt-feat-net-observe/os/arceos/modules/axinput)
    Checking ax-hal v0.8.4 (/home/asta/tgoskits/wt-feat-net-observe/os/arceos/modules/axhal)
    Checking ax-ipi v0.6.5 (/home/asta/tgoskits/wt-feat-net-observe/os/arceos/modules/axipi)
    Checking ax-net v0.13.6 (/home/asta/tgoskits/wt-feat-net-observe/net/ax-net)
    Checking ax-mm v0.8.4 (/home/asta/tgoskits/wt-feat-net-observe/os/arceos/modules/axmm)
    Checking ax-gpu v0.1.0 (/home/asta/tgoskits/wt-feat-net-observe/os/arceos/modules/axgpu)
    Checking ax-display v0.7.0 (/home/asta/tgoskits/wt-feat-net-observe/os/arceos/modules/axdisplay)
    Checking ax-api v0.8.6 (/home/asta/tgoskits/wt-feat-net-observe/os/arceos/api/arceos_api)
    Checking ax-std v0.7.5 (/home/asta/tgoskits/wt-feat-net-observe/os/arceos/ulib/axstd)
    Finished `dev` profile [unoptimized + debuginfo] target(s) in 5.93s
warning: the following packages contain code that will be rejected by a future version of Rust: core v0.0.0 (/opt/rustup/toolchains/nightly-2026-09-04-x86_64-unknown-linux-gnu/lib/rustlib/src/rust/library/core), memchr v2.8.3
note: to see what the problems were, use the option `--future-incompat-report`, or run `cargo report future-incompatibilities --id 1`
[axbuild] accepted known upstream Rust #134375 future-incompatibility for core@0.0.0, memchr@2.8.3
ok: starry-kernel (base, target: aarch64-unknown-none-softfloat)
[12/140] starry-kernel (feature: axtest, target: aarch64-unknown-none-softfloat)
          cd /home/asta/tgoskits/wt-feat-net-observe && CARGO_UNSTABLE_JSON_TARGET_SPEC=true cargo clippy --no-deps -p starry-kernel --no-default-features --features axtest --target scripts/targets/bare/aarch64-unknown-none-softfloat.json -Z json-target-spec -Z build-std=core,alloc -- -Cllvm-args=--max-store-memcpy=16 -D warnings
    Checking ax-task v0.8.4 (/home/asta/tgoskits/wt-feat-net-observe/components/ax-task)
   Compiling ax-runtime v0.13.5 (/home/asta/tgoskits/wt-feat-net-observe/os/arceos/modules/axruntime)
   Compiling axtest-macros v0.5.16 (/home/asta/tgoskits/wt-feat-net-observe/components/axtest/axtest_macros)
   Compiling starry-kernel v0.12.1 (/home/asta/tgoskits/wt-feat-net-observe/os/StarryOS/kernel)
    Checking axtest v0.5.16 (/home/asta/tgoskits/wt-feat-net-observe/components/axtest/axtest)
    Checking ax-net v0.13.6 (/home/asta/tgoskits/wt-feat-net-observe/net/ax-net)
    Checking ax-input v0.7.0 (/home/asta/tgoskits/wt-feat-net-observe/os/arceos/modules/axinput)
    Checking ax-gpu v0.1.0 (/home/asta/tgoskits/wt-feat-net-observe/os/arceos/modules/axgpu)
    Checking ax-display v0.7.0 (/home/asta/tgoskits/wt-feat-net-observe/os/arceos/modules/axdisplay)
    Checking ax-api v0.8.6 (/home/asta/tgoskits/wt-feat-net-observe/os/arceos/api/arceos_api)
    Checking starry-signal v0.10.5 (/home/asta/tgoskits/wt-feat-net-observe/os/StarryOS/signal)
    Checking ax-posix-api v0.6.8 (/home/asta/tgoskits/wt-feat-net-observe/os/arceos/api/arceos_posix_api)
    Checking ax-std v0.7.5 (/home/asta/tgoskits/wt-feat-net-observe/os/arceos/ulib/axstd)
warning: unused dependency `axtest`
  --> os/StarryOS/kernel/Cargo.toml:61:1
   |
61 | axtest = { workspace = true, optional = true }
   | ^^^^^^^^^^^^^^^^^^^^^^^^^^^^^^^^^^^^^^^^^^^^^^
   |
   = note: `cargo::unused_dependencies` is set to `warn` by default
help: consider removing the dependency on `axtest`
warning: `starry-kernel` (manifest) generated 1 warning
    Finished `dev` profile [unoptimized + debuginfo] target(s) in 4.10s
warning: the following packages contain code that will be rejected by a future version of Rust: core v0.0.0 (/opt/rustup/toolchains/nightly-2026-09-04-x86_64-unknown-linux-gnu/lib/rustlib/src/rust/library/core), memchr v2.8.3
note: to see what the problems were, use the option `--future-incompat-report`, or run `cargo report future-incompatibilities --id 1`
[axbuild] accepted known upstream Rust #134375 future-incompatibility for core@0.0.0, memchr@2.8.3
ok: starry-kernel (feature: axtest, target: aarch64-unknown-none-softfloat)
[13/140] starry-kernel (feature: axtest-coverage, target: aarch64-unknown-none-softfloat)
          cd /home/asta/tgoskits/wt-feat-net-observe && CARGO_UNSTABLE_JSON_TARGET_SPEC=true cargo clippy --no-deps -p starry-kernel --no-default-features --features axtest-coverage --target scripts/targets/bare/aarch64-unknown-none-softfloat.json -Z json-target-spec -Z build-std=core,alloc -- -Cllvm-args=--max-store-memcpy=16 -D warnings
   Compiling starry-kernel v0.12.1 (/home/asta/tgoskits/wt-feat-net-observe/os/StarryOS/kernel)
    Checking axtest v0.5.16 (/home/asta/tgoskits/wt-feat-net-observe/components/axtest/axtest)
warning: unused dependency `axtest`
  --> os/StarryOS/kernel/Cargo.toml:61:1
   |
61 | axtest = { workspace = true, optional = true }
   | ^^^^^^^^^^^^^^^^^^^^^^^^^^^^^^^^^^^^^^^^^^^^^^
   |
   = note: `cargo::unused_dependencies` is set to `warn` by default
help: consider removing the dependency on `axtest`
warning: `starry-kernel` (manifest) generated 1 warning
    Finished `dev` profile [unoptimized + debuginfo] target(s) in 2.91s
warning: the following packages contain code that will be rejected by a future version of Rust: core v0.0.0 (/opt/rustup/toolchains/nightly-2026-09-04-x86_64-unknown-linux-gnu/lib/rustlib/src/rust/library/core), memchr v2.8.3
note: to see what the problems were, use the option `--future-incompat-report`, or run `cargo report future-incompatibilities --id 1`
[axbuild] accepted known upstream Rust #134375 future-incompatibility for core@0.0.0, memchr@2.8.3
ok: starry-kernel (feature: axtest-coverage, target: aarch64-unknown-none-softfloat)
[14/140] starry-kernel (feature: dev-log, target: aarch64-unknown-none-softfloat)
          cd /home/asta/tgoskits/wt-feat-net-observe && CARGO_UNSTABLE_JSON_TARGET_SPEC=true cargo clippy --no-deps -p starry-kernel --no-default-features --features dev-log --target scripts/targets/bare/aarch64-unknown-none-softfloat.json -Z json-target-spec -Z build-std=core,alloc -- -Cllvm-args=--max-store-memcpy=16 -D warnings
   Compiling starry-kernel v0.12.1 (/home/asta/tgoskits/wt-feat-net-observe/os/StarryOS/kernel)
    Finished `dev` profile [unoptimized + debuginfo] target(s) in 2.91s
warning: the following packages contain code that will be rejected by a future version of Rust: core v0.0.0 (/opt/rustup/toolchains/nightly-2026-09-04-x86_64-unknown-linux-gnu/lib/rustlib/src/rust/library/core), memchr v2.8.3
note: to see what the problems were, use the option `--future-incompat-report`, or run `cargo report future-incompatibilities --id 1`
[axbuild] accepted known upstream Rust #134375 future-incompatibility for core@0.0.0, memchr@2.8.3
ok: starry-kernel (feature: dev-log, target: aarch64-unknown-none-softfloat)
[15/140] starry-kernel (feature: dynamic_debug, target: aarch64-unknown-none-softfloat)
          cd /home/asta/tgoskits/wt-feat-net-observe && CARGO_UNSTABLE_JSON_TARGET_SPEC=true cargo clippy --no-deps -p starry-kernel --no-default-features --features dynamic_debug --target scripts/targets/bare/aarch64-unknown-none-softfloat.json -Z json-target-spec -Z build-std=core,alloc -- -Cllvm-args=--max-store-memcpy=16 -D warnings
   Compiling starry-kernel v0.12.1 (/home/asta/tgoskits/wt-feat-net-observe/os/StarryOS/kernel)
    Finished `dev` profile [unoptimized + debuginfo] target(s) in 4.53s
warning: the following packages contain code that will be rejected by a future version of Rust: core v0.0.0 (/opt/rustup/toolchains/nightly-2026-09-04-x86_64-unknown-linux-gnu/lib/rustlib/src/rust/library/core), memchr v2.8.3
note: to see what the problems were, use the option `--future-incompat-report`, or run `cargo report future-incompatibilities --id 1`
[axbuild] accepted known upstream Rust #134375 future-incompatibility for core@0.0.0, memchr@2.8.3
ok: starry-kernel (feature: dynamic_debug, target: aarch64-unknown-none-softfloat)
[16/140] starry-kernel (feature: ext4, target: aarch64-unknown-none-softfloat)
          cd /home/asta/tgoskits/wt-feat-net-observe && CARGO_UNSTABLE_JSON_TARGET_SPEC=true cargo clippy --no-deps -p starry-kernel --no-default-features --features ext4 --target scripts/targets/bare/aarch64-unknown-none-softfloat.json -Z json-target-spec -Z build-std=core,alloc -- -Cllvm-args=--max-store-memcpy=16 -D warnings
   Compiling starry-kernel v0.12.1 (/home/asta/tgoskits/wt-feat-net-observe/os/StarryOS/kernel)
    Finished `dev` profile [unoptimized + debuginfo] target(s) in 3.18s
warning: the following packages contain code that will be rejected by a future version of Rust: core v0.0.0 (/opt/rustup/toolchains/nightly-2026-09-04-x86_64-unknown-linux-gnu/lib/rustlib/src/rust/library/core), memchr v2.8.3
note: to see what the problems were, use the option `--future-incompat-report`, or run `cargo report future-incompatibilities --id 1`
[axbuild] accepted known upstream Rust #134375 future-incompatibility for core@0.0.0, memchr@2.8.3
ok: starry-kernel (feature: ext4, target: aarch64-unknown-none-softfloat)
[17/140] starry-kernel (feature: fat, target: aarch64-unknown-none-softfloat)
          cd /home/asta/tgoskits/wt-feat-net-observe && CARGO_UNSTABLE_JSON_TARGET_SPEC=true cargo clippy --no-deps -p starry-kernel --no-default-features --features fat --target scripts/targets/bare/aarch64-unknown-none-softfloat.json -Z json-target-spec -Z build-std=core,alloc -- -Cllvm-args=--max-store-memcpy=16 -D warnings
   Compiling starry-kernel v0.12.1 (/home/asta/tgoskits/wt-feat-net-observe/os/StarryOS/kernel)
    Checking ax-fs-ng v0.11.2 (/home/asta/tgoskits/wt-feat-net-observe/fs/ax-fs-ng)
    Checking ax-runtime v0.13.5 (/home/asta/tgoskits/wt-feat-net-observe/os/arceos/modules/axruntime)
    Checking ax-api v0.8.6 (/home/asta/tgoskits/wt-feat-net-observe/os/arceos/api/arceos_api)
    Checking starry-signal v0.10.5 (/home/asta/tgoskits/wt-feat-net-observe/os/StarryOS/signal)
    Checking ax-posix-api v0.6.8 (/home/asta/tgoskits/wt-feat-net-observe/os/arceos/api/arceos_posix_api)
    Checking ax-std v0.7.5 (/home/asta/tgoskits/wt-feat-net-observe/os/arceos/ulib/axstd)
    Finished `dev` profile [unoptimized + debuginfo] target(s) in 3.45s
warning: the following packages contain code that will be rejected by a future version of Rust: core v0.0.0 (/opt/rustup/toolchains/nightly-2026-09-04-x86_64-unknown-linux-gnu/lib/rustlib/src/rust/library/core), memchr v2.8.3
note: to see what the problems were, use the option `--future-incompat-report`, or run `cargo report future-incompatibilities --id 1`
[axbuild] accepted known upstream Rust #134375 future-incompatibility for core@0.0.0, memchr@2.8.3
ok: starry-kernel (feature: fat, target: aarch64-unknown-none-softfloat)
[18/140] starry-kernel (feature: jpeg, target: aarch64-unknown-none-softfloat)
          cd /home/asta/tgoskits/wt-feat-net-observe && CARGO_UNSTABLE_JSON_TARGET_SPEC=true cargo clippy --no-deps -p starry-kernel --no-default-features --features jpeg --target scripts/targets/bare/aarch64-unknown-none-softfloat.json -Z json-target-spec -Z build-std=core,alloc -- -Cllvm-args=--max-store-memcpy=16 -D warnings
   Compiling rockchip-pm v0.4.10 (/home/asta/tgoskits/wt-feat-net-observe/drivers/soc/rockchip/rockchip-pm)
   Compiling ax-driver v0.18.1 (/home/asta/tgoskits/wt-feat-net-observe/drivers/ax-driver)
    Checking rockchip-jpeg v0.2.0 (/home/asta/tgoskits/wt-feat-net-observe/drivers/vpu/rockchip-jpeg)
   Compiling starry-kernel v0.12.1 (/home/asta/tgoskits/wt-feat-net-observe/os/StarryOS/kernel)
    Checking axplat-dyn v0.10.4 (/home/asta/tgoskits/wt-feat-net-observe/platforms/axplat-dyn)
    Checking ax-hal v0.8.4 (/home/asta/tgoskits/wt-feat-net-observe/os/arceos/modules/axhal)
    Checking ax-ipi v0.6.5 (/home/asta/tgoskits/wt-feat-net-observe/os/arceos/modules/axipi)
    Checking ax-mm v0.8.4 (/home/asta/tgoskits/wt-feat-net-observe/os/arceos/modules/axmm)
    Checking ax-net v0.13.6 (/home/asta/tgoskits/wt-feat-net-observe/net/ax-net)
    Checking ax-gpu v0.1.0 (/home/asta/tgoskits/wt-feat-net-observe/os/arceos/modules/axgpu)
    Checking ax-display v0.7.0 (/home/asta/tgoskits/wt-feat-net-observe/os/arceos/modules/axdisplay)
    Checking ax-runtime v0.13.5 (/home/asta/tgoskits/wt-feat-net-observe/os/arceos/modules/axruntime)
    Checking ax-api v0.8.6 (/home/asta/tgoskits/wt-feat-net-observe/os/arceos/api/arceos_api)
    Checking starry-signal v0.10.5 (/home/asta/tgoskits/wt-feat-net-observe/os/StarryOS/signal)
    Checking ax-posix-api v0.6.8 (/home/asta/tgoskits/wt-feat-net-observe/os/arceos/api/arceos_posix_api)
    Checking ax-std v0.7.5 (/home/asta/tgoskits/wt-feat-net-observe/os/arceos/ulib/axstd)
    Finished `dev` profile [unoptimized + debuginfo] target(s) in 3.74s
warning: the following packages contain code that will be rejected by a future version of Rust: core v0.0.0 (/opt/rustup/toolchains/nightly-2026-09-04-x86_64-unknown-linux-gnu/lib/rustlib/src/rust/library/core), memchr v2.8.3
note: to see what the problems were, use the option `--future-incompat-report`, or run `cargo report future-incompatibilities --id 1`
[axbuild] accepted known upstream Rust #134375 future-incompatibility for core@0.0.0, memchr@2.8.3
ok: starry-kernel (feature: jpeg, target: aarch64-unknown-none-softfloat)
[19/140] starry-kernel (feature: k230-kpu, target: aarch64-unknown-none-softfloat)
          cd /home/asta/tgoskits/wt-feat-net-observe && CARGO_UNSTABLE_JSON_TARGET_SPEC=true cargo clippy --no-deps -p starry-kernel --no-default-features --features k230-kpu --target scripts/targets/bare/aarch64-unknown-none-softfloat.json -Z json-target-spec -Z build-std=core,alloc -- -Cllvm-args=--max-store-memcpy=16 -D warnings
    Checking ax-cpu v0.10.3 (/home/asta/tgoskits/wt-feat-net-observe/components/axcpu)
   Compiling starry-kernel v0.12.1 (/home/asta/tgoskits/wt-feat-net-observe/os/StarryOS/kernel)
    Checking cpu-local v0.4.3 (/home/asta/tgoskits/wt-feat-net-observe/components/cpu-local)
    Checking someboot v0.7.2 (/home/asta/tgoskits/wt-feat-net-observe/platforms/someboot)
    Checking ax-percpu v0.4.24 (/home/asta/tgoskits/wt-feat-net-observe/components/percpu/percpu)
    Checking ax-plat v0.15.0 (/home/asta/tgoskits/wt-feat-net-observe/platforms/ax-plat)
    Checking scope-local v0.6.5 (/home/asta/tgoskits/wt-feat-net-observe/components/scope-local)
    Checking somehal v0.11.3 (/home/asta/tgoskits/wt-feat-net-observe/platforms/somehal)
    Checking ax-fs-ng v0.11.2 (/home/asta/tgoskits/wt-feat-net-observe/fs/ax-fs-ng)
    Checking ax-alloc v0.9.2 (/home/asta/tgoskits/wt-feat-net-observe/memory/ax-alloc)
    Checking axklib v0.9.1 (/home/asta/tgoskits/wt-feat-net-observe/components/axklib)
    Checking ax-driver v0.18.1 (/home/asta/tgoskits/wt-feat-net-observe/drivers/ax-driver)
    Checking axplat-dyn v0.10.4 (/home/asta/tgoskits/wt-feat-net-observe/platforms/axplat-dyn)
    Checking ax-hal v0.8.4 (/home/asta/tgoskits/wt-feat-net-observe/os/arceos/modules/axhal)
    Checking ax-mm v0.8.4 (/home/asta/tgoskits/wt-feat-net-observe/os/arceos/modules/axmm)
    Checking ax-ipi v0.6.5 (/home/asta/tgoskits/wt-feat-net-observe/os/arceos/modules/axipi)
    Checking ax-net v0.13.6 (/home/asta/tgoskits/wt-feat-net-observe/net/ax-net)
    Checking ax-gpu v0.1.0 (/home/asta/tgoskits/wt-feat-net-observe/os/arceos/modules/axgpu)
    Checking ax-display v0.7.0 (/home/asta/tgoskits/wt-feat-net-observe/os/arceos/modules/axdisplay)
    Checking ax-runtime v0.13.5 (/home/asta/tgoskits/wt-feat-net-observe/os/arceos/modules/axruntime)
    Checking ax-api v0.8.6 (/home/asta/tgoskits/wt-feat-net-observe/os/arceos/api/arceos_api)
    Checking starry-signal v0.10.5 (/home/asta/tgoskits/wt-feat-net-observe/os/StarryOS/signal)
    Checking ax-posix-api v0.6.8 (/home/asta/tgoskits/wt-feat-net-observe/os/arceos/api/arceos_posix_api)
    Checking ax-std v0.7.5 (/home/asta/tgoskits/wt-feat-net-observe/os/arceos/ulib/axstd)
    Finished `dev` profile [unoptimized + debuginfo] target(s) in 4.05s
warning: the following packages contain code that will be rejected by a future version of Rust: core v0.0.0 (/opt/rustup/toolchains/nightly-2026-09-04-x86_64-unknown-linux-gnu/lib/rustlib/src/rust/library/core), memchr v2.8.3
note: to see what the problems were, use the option `--future-incompat-report`, or run `cargo report future-incompatibilities --id 1`
[axbuild] accepted known upstream Rust #134375 future-incompatibility for core@0.0.0, memchr@2.8.3
ok: starry-kernel (feature: k230-kpu, target: aarch64-unknown-none-softfloat)
[20/140] starry-kernel (feature: memtrack, target: aarch64-unknown-none-softfloat)
          cd /home/asta/tgoskits/wt-feat-net-observe && CARGO_UNSTABLE_JSON_TARGET_SPEC=true cargo clippy --no-deps -p starry-kernel --no-default-features --features memtrack --target scripts/targets/bare/aarch64-unknown-none-softfloat.json -Z json-target-spec -Z build-std=core,alloc -- -Cllvm-args=--max-store-memcpy=16 -D warnings
   Compiling ax-alloc v0.9.2 (/home/asta/tgoskits/wt-feat-net-observe/memory/ax-alloc)
   Compiling starry-kernel v0.12.1 (/home/asta/tgoskits/wt-feat-net-observe/os/StarryOS/kernel)
    Checking axklib v0.9.1 (/home/asta/tgoskits/wt-feat-net-observe/components/axklib)
    Checking ax-driver v0.18.1 (/home/asta/tgoskits/wt-feat-net-observe/drivers/ax-driver)
    Checking axplat-dyn v0.10.4 (/home/asta/tgoskits/wt-feat-net-observe/platforms/axplat-dyn)
    Checking ax-hal v0.8.4 (/home/asta/tgoskits/wt-feat-net-observe/os/arceos/modules/axhal)
    Checking ax-net v0.13.6 (/home/asta/tgoskits/wt-feat-net-observe/net/ax-net)
    Checking ax-mm v0.8.4 (/home/asta/tgoskits/wt-feat-net-observe/os/arceos/modules/axmm)
    Checking ax-ipi v0.6.5 (/home/asta/tgoskits/wt-feat-net-observe/os/arceos/modules/axipi)
    Checking ax-gpu v0.1.0 (/home/asta/tgoskits/wt-feat-net-observe/os/arceos/modules/axgpu)
    Checking ax-display v0.7.0 (/home/asta/tgoskits/wt-feat-net-observe/os/arceos/modules/axdisplay)
    Checking ax-runtime v0.13.5 (/home/asta/tgoskits/wt-feat-net-observe/os/arceos/modules/axruntime)
    Checking ax-api v0.8.6 (/home/asta/tgoskits/wt-feat-net-observe/os/arceos/api/arceos_api)
    Checking starry-signal v0.10.5 (/home/asta/tgoskits/wt-feat-net-observe/os/StarryOS/signal)
    Checking ax-posix-api v0.6.8 (/home/asta/tgoskits/wt-feat-net-observe/os/arceos/api/arceos_posix_api)
    Checking ax-std v0.7.5 (/home/asta/tgoskits/wt-feat-net-observe/os/arceos/ulib/axstd)
    Finished `dev` profile [unoptimized + debuginfo] target(s) in 3.79s
warning: the following packages contain code that will be rejected by a future version of Rust: core v0.0.0 (/opt/rustup/toolchains/nightly-2026-09-04-x86_64-unknown-linux-gnu/lib/rustlib/src/rust/library/core), memchr v2.8.3
note: to see what the problems were, use the option `--future-incompat-report`, or run `cargo report future-incompatibilities --id 1`
[axbuild] accepted known upstream Rust #134375 future-incompatibility for core@0.0.0, memchr@2.8.3
ok: starry-kernel (feature: memtrack, target: aarch64-unknown-none-softfloat)
[21/140] starry-kernel (feature: qperf-metrics, target: aarch64-unknown-none-softfloat)
          cd /home/asta/tgoskits/wt-feat-net-observe && CARGO_UNSTABLE_JSON_TARGET_SPEC=true cargo clippy --no-deps -p starry-kernel --no-default-features --features qperf-metrics --target scripts/targets/bare/aarch64-unknown-none-softfloat.json -Z json-target-spec -Z build-std=core,alloc -- -Cllvm-args=--max-store-memcpy=16 -D warnings
    Checking ax-task v0.8.4 (/home/asta/tgoskits/wt-feat-net-observe/components/ax-task)
   Compiling ax-runtime v0.13.5 (/home/asta/tgoskits/wt-feat-net-observe/os/arceos/modules/axruntime)
   Compiling starry-kernel v0.12.1 (/home/asta/tgoskits/wt-feat-net-observe/os/StarryOS/kernel)
    Checking ax-input v0.7.0 (/home/asta/tgoskits/wt-feat-net-observe/os/arceos/modules/axinput)
    Checking ax-net v0.13.6 (/home/asta/tgoskits/wt-feat-net-observe/net/ax-net)
    Checking ax-gpu v0.1.0 (/home/asta/tgoskits/wt-feat-net-observe/os/arceos/modules/axgpu)
    Checking ax-display v0.7.0 (/home/asta/tgoskits/wt-feat-net-observe/os/arceos/modules/axdisplay)
    Checking ax-api v0.8.6 (/home/asta/tgoskits/wt-feat-net-observe/os/arceos/api/arceos_api)
    Checking starry-signal v0.10.5 (/home/asta/tgoskits/wt-feat-net-observe/os/StarryOS/signal)
    Checking ax-posix-api v0.6.8 (/home/asta/tgoskits/wt-feat-net-observe/os/arceos/api/arceos_posix_api)
    Checking ax-std v0.7.5 (/home/asta/tgoskits/wt-feat-net-observe/os/arceos/ulib/axstd)
    Finished `dev` profile [unoptimized + debuginfo] target(s) in 4.02s
warning: the following packages contain code that will be rejected by a future version of Rust: core v0.0.0 (/opt/rustup/toolchains/nightly-2026-09-04-x86_64-unknown-linux-gnu/lib/rustlib/src/rust/library/core), memchr v2.8.3
note: to see what the problems were, use the option `--future-incompat-report`, or run `cargo report future-incompatibilities --id 1`
[axbuild] accepted known upstream Rust #134375 future-incompatibility for core@0.0.0, memchr@2.8.3
ok: starry-kernel (feature: qperf-metrics, target: aarch64-unknown-none-softfloat)
[22/140] starry-kernel (feature: rdif-pinctrl, target: aarch64-unknown-none-softfloat)
          cd /home/asta/tgoskits/wt-feat-net-observe && CARGO_UNSTABLE_JSON_TARGET_SPEC=true cargo clippy --no-deps -p starry-kernel --no-default-features --features rdif-pinctrl --target scripts/targets/bare/aarch64-unknown-none-softfloat.json -Z json-target-spec -Z build-std=core,alloc -- -Cllvm-args=--max-store-memcpy=16 -D warnings
   Compiling starry-kernel v0.12.1 (/home/asta/tgoskits/wt-feat-net-observe/os/StarryOS/kernel)
    Finished `dev` profile [unoptimized + debuginfo] target(s) in 2.86s
warning: the following packages contain code that will be rejected by a future version of Rust: core v0.0.0 (/opt/rustup/toolchains/nightly-2026-09-04-x86_64-unknown-linux-gnu/lib/rustlib/src/rust/library/core), memchr v2.8.3
note: to see what the problems were, use the option `--future-incompat-report`, or run `cargo report future-incompatibilities --id 1`
[axbuild] accepted known upstream Rust #134375 future-incompatibility for core@0.0.0, memchr@2.8.3
ok: starry-kernel (feature: rdif-pinctrl, target: aarch64-unknown-none-softfloat)
[23/140] starry-kernel (feature: rga, target: aarch64-unknown-none-softfloat)
          cd /home/asta/tgoskits/wt-feat-net-observe && CARGO_UNSTABLE_JSON_TARGET_SPEC=true cargo clippy --no-deps -p starry-kernel --no-default-features --features rga --target scripts/targets/bare/aarch64-unknown-none-softfloat.json -Z json-target-spec -Z build-std=core,alloc -- -Cllvm-args=--max-store-memcpy=16 -D warnings
   Compiling ax-driver v0.18.1 (/home/asta/tgoskits/wt-feat-net-observe/drivers/ax-driver)
    Checking ax-cpu v0.10.3 (/home/asta/tgoskits/wt-feat-net-observe/components/axcpu)
    Checking rockchip-rga v0.3.0 (/home/asta/tgoskits/wt-feat-net-observe/drivers/gpu/rockchip-rga)
   Compiling starry-kernel v0.12.1 (/home/asta/tgoskits/wt-feat-net-observe/os/StarryOS/kernel)
    Checking cpu-local v0.4.3 (/home/asta/tgoskits/wt-feat-net-observe/components/cpu-local)
    Checking someboot v0.7.2 (/home/asta/tgoskits/wt-feat-net-observe/platforms/someboot)
    Checking ax-percpu v0.4.24 (/home/asta/tgoskits/wt-feat-net-observe/components/percpu/percpu)
    Checking ax-plat v0.15.0 (/home/asta/tgoskits/wt-feat-net-observe/platforms/ax-plat)
    Checking scope-local v0.6.5 (/home/asta/tgoskits/wt-feat-net-observe/components/scope-local)
    Checking somehal v0.11.3 (/home/asta/tgoskits/wt-feat-net-observe/platforms/somehal)
    Checking ax-fs-ng v0.11.2 (/home/asta/tgoskits/wt-feat-net-observe/fs/ax-fs-ng)
    Checking ax-alloc v0.9.2 (/home/asta/tgoskits/wt-feat-net-observe/memory/ax-alloc)
    Checking axklib v0.9.1 (/home/asta/tgoskits/wt-feat-net-observe/components/axklib)
    Checking axplat-dyn v0.10.4 (/home/asta/tgoskits/wt-feat-net-observe/platforms/axplat-dyn)
    Checking ax-hal v0.8.4 (/home/asta/tgoskits/wt-feat-net-observe/os/arceos/modules/axhal)
    Checking ax-net v0.13.6 (/home/asta/tgoskits/wt-feat-net-observe/net/ax-net)
    Checking ax-ipi v0.6.5 (/home/asta/tgoskits/wt-feat-net-observe/os/arceos/modules/axipi)
    Checking ax-mm v0.8.4 (/home/asta/tgoskits/wt-feat-net-observe/os/arceos/modules/axmm)
    Checking ax-gpu v0.1.0 (/home/asta/tgoskits/wt-feat-net-observe/os/arceos/modules/axgpu)
    Checking ax-display v0.7.0 (/home/asta/tgoskits/wt-feat-net-observe/os/arceos/modules/axdisplay)
    Checking ax-runtime v0.13.5 (/home/asta/tgoskits/wt-feat-net-observe/os/arceos/modules/axruntime)
    Checking ax-api v0.8.6 (/home/asta/tgoskits/wt-feat-net-observe/os/arceos/api/arceos_api)
    Checking starry-signal v0.10.5 (/home/asta/tgoskits/wt-feat-net-observe/os/StarryOS/signal)
    Checking ax-posix-api v0.6.8 (/home/asta/tgoskits/wt-feat-net-observe/os/arceos/api/arceos_posix_api)
    Checking ax-std v0.7.5 (/home/asta/tgoskits/wt-feat-net-observe/os/arceos/ulib/axstd)
    Finished `dev` profile [unoptimized + debuginfo] target(s) in 4.16s
warning: the following packages contain code that will be rejected by a future version of Rust: core v0.0.0 (/opt/rustup/toolchains/nightly-2026-09-04-x86_64-unknown-linux-gnu/lib/rustlib/src/rust/library/core), memchr v2.8.3
note: to see what the problems were, use the option `--future-incompat-report`, or run `cargo report future-incompatibilities --id 1`
[axbuild] accepted known upstream Rust #134375 future-incompatibility for core@0.0.0, memchr@2.8.3
ok: starry-kernel (feature: rga, target: aarch64-unknown-none-softfloat)
[24/140] starry-kernel (feature: rknpu, target: aarch64-unknown-none-softfloat)
          cd /home/asta/tgoskits/wt-feat-net-observe && CARGO_UNSTABLE_JSON_TARGET_SPEC=true cargo clippy --no-deps -p starry-kernel --no-default-features --features rknpu --target scripts/targets/bare/aarch64-unknown-none-softfloat.json -Z json-target-spec -Z build-std=core,alloc -- -Cllvm-args=--max-store-memcpy=16 -D warnings
   Compiling rockchip-npu v0.7.0 (/home/asta/tgoskits/wt-feat-net-observe/drivers/npu/rockchip-npu)
   Compiling ax-driver v0.18.1 (/home/asta/tgoskits/wt-feat-net-observe/drivers/ax-driver)
   Compiling starry-kernel v0.12.1 (/home/asta/tgoskits/wt-feat-net-observe/os/StarryOS/kernel)
    Checking axplat-dyn v0.10.4 (/home/asta/tgoskits/wt-feat-net-observe/platforms/axplat-dyn)
    Checking ax-hal v0.8.4 (/home/asta/tgoskits/wt-feat-net-observe/os/arceos/modules/axhal)
    Checking ax-mm v0.8.4 (/home/asta/tgoskits/wt-feat-net-observe/os/arceos/modules/axmm)
    Checking ax-ipi v0.6.5 (/home/asta/tgoskits/wt-feat-net-observe/os/arceos/modules/axipi)
    Checking ax-net v0.13.6 (/home/asta/tgoskits/wt-feat-net-observe/net/ax-net)
    Checking ax-gpu v0.1.0 (/home/asta/tgoskits/wt-feat-net-observe/os/arceos/modules/axgpu)
    Checking ax-display v0.7.0 (/home/asta/tgoskits/wt-feat-net-observe/os/arceos/modules/axdisplay)
    Checking ax-runtime v0.13.5 (/home/asta/tgoskits/wt-feat-net-observe/os/arceos/modules/axruntime)
    Checking ax-api v0.8.6 (/home/asta/tgoskits/wt-feat-net-observe/os/arceos/api/arceos_api)
    Checking starry-signal v0.10.5 (/home/asta/tgoskits/wt-feat-net-observe/os/StarryOS/signal)
    Checking ax-posix-api v0.6.8 (/home/asta/tgoskits/wt-feat-net-observe/os/arceos/api/arceos_posix_api)
    Checking ax-std v0.7.5 (/home/asta/tgoskits/wt-feat-net-observe/os/arceos/ulib/axstd)
    Finished `dev` profile [unoptimized + debuginfo] target(s) in 5.33s
warning: the following packages contain code that will be rejected by a future version of Rust: core v0.0.0 (/opt/rustup/toolchains/nightly-2026-09-04-x86_64-unknown-linux-gnu/lib/rustlib/src/rust/library/core), memchr v2.8.3
note: to see what the problems were, use the option `--future-incompat-report`, or run `cargo report future-incompatibilities --id 1`
[axbuild] accepted known upstream Rust #134375 future-incompatibility for core@0.0.0, memchr@2.8.3
ok: starry-kernel (feature: rknpu, target: aarch64-unknown-none-softfloat)
[25/140] starry-kernel (feature: sg2002, target: aarch64-unknown-none-softfloat)
          cd /home/asta/tgoskits/wt-feat-net-observe && CARGO_UNSTABLE_JSON_TARGET_SPEC=true cargo clippy --no-deps -p starry-kernel --no-default-features --features sg2002 --target scripts/targets/bare/aarch64-unknown-none-softfloat.json -Z json-target-spec -Z build-std=core,alloc -- -Cllvm-args=--max-store-memcpy=16 -D warnings
   Compiling starry-kernel v0.12.1 (/home/asta/tgoskits/wt-feat-net-observe/os/StarryOS/kernel)
    Checking ax-driver v0.18.1 (/home/asta/tgoskits/wt-feat-net-observe/drivers/ax-driver)
    Checking sg2002-tpu v0.4.1 (/home/asta/tgoskits/wt-feat-net-observe/drivers/tpu/sg2002-tpu)
    Checking axplat-dyn v0.10.4 (/home/asta/tgoskits/wt-feat-net-observe/platforms/axplat-dyn)
    Checking ax-hal v0.8.4 (/home/asta/tgoskits/wt-feat-net-observe/os/arceos/modules/axhal)
    Checking ax-net v0.13.6 (/home/asta/tgoskits/wt-feat-net-observe/net/ax-net)
    Checking ax-mm v0.8.4 (/home/asta/tgoskits/wt-feat-net-observe/os/arceos/modules/axmm)
    Checking ax-ipi v0.6.5 (/home/asta/tgoskits/wt-feat-net-observe/os/arceos/modules/axipi)
    Checking ax-gpu v0.1.0 (/home/asta/tgoskits/wt-feat-net-observe/os/arceos/modules/axgpu)
    Checking ax-display v0.7.0 (/home/asta/tgoskits/wt-feat-net-observe/os/arceos/modules/axdisplay)
    Checking ax-runtime v0.13.5 (/home/asta/tgoskits/wt-feat-net-observe/os/arceos/modules/axruntime)
    Checking ax-api v0.8.6 (/home/asta/tgoskits/wt-feat-net-observe/os/arceos/api/arceos_api)
    Checking starry-signal v0.10.5 (/home/asta/tgoskits/wt-feat-net-observe/os/StarryOS/signal)
    Checking ax-posix-api v0.6.8 (/home/asta/tgoskits/wt-feat-net-observe/os/arceos/api/arceos_posix_api)
    Checking ax-std v0.7.5 (/home/asta/tgoskits/wt-feat-net-observe/os/arceos/ulib/axstd)
warning: unused dependency `sg200x-bsp`
   --> os/StarryOS/kernel/Cargo.toml:166:1
    |
166 | sg200x-bsp = { workspace = true, optional = true, features = ["c906", "cv182x-host"] }
    | ^^^^^^^^^^^^^^^^^^^^^^^^^^^^^^^^^^^^^^^^^^^^^^^^^^^^^^^^^^^^^^^^^^^^^^^^^^^^^^^^^^^^^^
    |
    = note: `cargo::unused_dependencies` is set to `warn` by default
help: consider removing the dependency on `sg200x-bsp`
warning: `starry-kernel` (manifest) generated 1 warning
    Finished `dev` profile [unoptimized + debuginfo] target(s) in 3.83s
warning: the following packages contain code that will be rejected by a future version of Rust: core v0.0.0 (/opt/rustup/toolchains/nightly-2026-09-04-x86_64-unknown-linux-gnu/lib/rustlib/src/rust/library/core), memchr v2.8.3
note: to see what the problems were, use the option `--future-incompat-report`, or run `cargo report future-incompatibilities --id 1`
[axbuild] accepted known upstream Rust #134375 future-incompatibility for core@0.0.0, memchr@2.8.3
ok: starry-kernel (feature: sg2002, target: aarch64-unknown-none-softfloat)
[26/140] starry-kernel (feature: sg2002-cvi-usb-camera, target: aarch64-unknown-none-softfloat)
          cd /home/asta/tgoskits/wt-feat-net-observe && CARGO_UNSTABLE_JSON_TARGET_SPEC=true cargo clippy --no-deps -p starry-kernel --no-default-features --features sg2002-cvi-usb-camera --target scripts/targets/bare/aarch64-unknown-none-softfloat.json -Z json-target-spec -Z build-std=core,alloc -- -Cllvm-args=--max-store-memcpy=16 -D warnings
   Compiling starry-kernel v0.12.1 (/home/asta/tgoskits/wt-feat-net-observe/os/StarryOS/kernel)
    Checking sg200x-jpu v0.1.6 (/home/asta/tgoskits/wt-feat-net-observe/drivers/vpu/sg200x-jpu)
    Finished `dev` profile [unoptimized + debuginfo] target(s) in 3.05s
warning: the following packages contain code that will be rejected by a future version of Rust: core v0.0.0 (/opt/rustup/toolchains/nightly-2026-09-04-x86_64-unknown-linux-gnu/lib/rustlib/src/rust/library/core), memchr v2.8.3
note: to see what the problems were, use the option `--future-incompat-report`, or run `cargo report future-incompatibilities --id 1`
[axbuild] accepted known upstream Rust #134375 future-incompatibility for core@0.0.0, memchr@2.8.3
ok: starry-kernel (feature: sg2002-cvi-usb-camera, target: aarch64-unknown-none-softfloat)
[27/140] starry-kernel (feature: stack-guard-page, target: aarch64-unknown-none-softfloat)
          cd /home/asta/tgoskits/wt-feat-net-observe && CARGO_UNSTABLE_JSON_TARGET_SPEC=true cargo clippy --no-deps -p starry-kernel --no-default-features --features stack-guard-page --target scripts/targets/bare/aarch64-unknown-none-softfloat.json -Z json-target-spec -Z build-std=core,alloc -- -Cllvm-args=--max-store-memcpy=16 -D warnings
   Compiling ax-runtime v0.13.5 (/home/asta/tgoskits/wt-feat-net-observe/os/arceos/modules/axruntime)
   Compiling starry-kernel v0.12.1 (/home/asta/tgoskits/wt-feat-net-observe/os/StarryOS/kernel)
    Checking ax-api v0.8.6 (/home/asta/tgoskits/wt-feat-net-observe/os/arceos/api/arceos_api)
    Checking starry-signal v0.10.5 (/home/asta/tgoskits/wt-feat-net-observe/os/StarryOS/signal)
    Checking ax-posix-api v0.6.8 (/home/asta/tgoskits/wt-feat-net-observe/os/arceos/api/arceos_posix_api)
    Checking ax-std v0.7.5 (/home/asta/tgoskits/wt-feat-net-observe/os/arceos/ulib/axstd)
    Finished `dev` profile [unoptimized + debuginfo] target(s) in 4.12s
warning: the following packages contain code that will be rejected by a future version of Rust: core v0.0.0 (/opt/rustup/toolchains/nightly-2026-09-04-x86_64-unknown-linux-gnu/lib/rustlib/src/rust/library/core), memchr v2.8.3
note: to see what the problems were, use the option `--future-incompat-report`, or run `cargo report future-incompatibilities --id 1`
[axbuild] accepted known upstream Rust #134375 future-incompatibility for core@0.0.0, memchr@2.8.3
ok: starry-kernel (feature: stack-guard-page, target: aarch64-unknown-none-softfloat)
[28/140] starry-kernel (feature: stack-protector, target: aarch64-unknown-none-softfloat)
          cd /home/asta/tgoskits/wt-feat-net-observe && CARGO_UNSTABLE_JSON_TARGET_SPEC=true cargo clippy --no-deps -p starry-kernel --no-default-features --features stack-protector --target scripts/targets/bare/aarch64-unknown-none-softfloat.json -Z json-target-spec -Z build-std=core,alloc -- -Cllvm-args=--max-store-memcpy=16 -D warnings
   Compiling ax-runtime v0.13.5 (/home/asta/tgoskits/wt-feat-net-observe/os/arceos/modules/axruntime)
   Compiling starry-kernel v0.12.1 (/home/asta/tgoskits/wt-feat-net-observe/os/StarryOS/kernel)
    Checking ax-api v0.8.6 (/home/asta/tgoskits/wt-feat-net-observe/os/arceos/api/arceos_api)
    Checking starry-signal v0.10.5 (/home/asta/tgoskits/wt-feat-net-observe/os/StarryOS/signal)
    Checking ax-posix-api v0.6.8 (/home/asta/tgoskits/wt-feat-net-observe/os/arceos/api/arceos_posix_api)
    Checking ax-std v0.7.5 (/home/asta/tgoskits/wt-feat-net-observe/os/arceos/ulib/axstd)
    Finished `dev` profile [unoptimized + debuginfo] target(s) in 3.42s
warning: the following packages contain code that will be rejected by a future version of Rust: core v0.0.0 (/opt/rustup/toolchains/nightly-2026-09-04-x86_64-unknown-linux-gnu/lib/rustlib/src/rust/library/core), memchr v2.8.3
note: to see what the problems were, use the option `--future-incompat-report`, or run `cargo report future-incompatibilities --id 1`
[axbuild] accepted known upstream Rust #134375 future-incompatibility for core@0.0.0, memchr@2.8.3
ok: starry-kernel (feature: stack-protector, target: aarch64-unknown-none-softfloat)
[29/140] starry-kernel (feature: uaccess-lock-regression, target: aarch64-unknown-none-softfloat)
          cd /home/asta/tgoskits/wt-feat-net-observe && CARGO_UNSTABLE_JSON_TARGET_SPEC=true cargo clippy --no-deps -p starry-kernel --no-default-features --features uaccess-lock-regression --target scripts/targets/bare/aarch64-unknown-none-softfloat.json -Z json-target-spec -Z build-std=core,alloc -- -Cllvm-args=--max-store-memcpy=16 -D warnings
   Compiling starry-kernel v0.12.1 (/home/asta/tgoskits/wt-feat-net-observe/os/StarryOS/kernel)
    Finished `dev` profile [unoptimized + debuginfo] target(s) in 2.92s
warning: the following packages contain code that will be rejected by a future version of Rust: core v0.0.0 (/opt/rustup/toolchains/nightly-2026-09-04-x86_64-unknown-linux-gnu/lib/rustlib/src/rust/library/core), memchr v2.8.3
note: to see what the problems were, use the option `--future-incompat-report`, or run `cargo report future-incompatibilities --id 1`
[axbuild] accepted known upstream Rust #134375 future-incompatibility for core@0.0.0, memchr@2.8.3
ok: starry-kernel (feature: uaccess-lock-regression, target: aarch64-unknown-none-softfloat)
[30/140] starry-kernel (feature: uvc, target: aarch64-unknown-none-softfloat)
          cd /home/asta/tgoskits/wt-feat-net-observe && CARGO_UNSTABLE_JSON_TARGET_SPEC=true cargo clippy --no-deps -p starry-kernel --no-default-features --features uvc --target scripts/targets/bare/aarch64-unknown-none-softfloat.json -Z json-target-spec -Z build-std=core,alloc -- -Cllvm-args=--max-store-memcpy=16 -D warnings
    Checking ax-media v0.1.0 (/home/asta/tgoskits/wt-feat-net-observe/drivers/media/ax-media)
   Compiling starry-kernel v0.12.1 (/home/asta/tgoskits/wt-feat-net-observe/os/StarryOS/kernel)
    Checking media-uvc v0.1.0 (/home/asta/tgoskits/wt-feat-net-observe/drivers/media/uvc)
    Finished `dev` profile [unoptimized + debuginfo] target(s) in 3.31s
warning: the following packages contain code that will be rejected by a future version of Rust: core v0.0.0 (/opt/rustup/toolchains/nightly-2026-09-04-x86_64-unknown-linux-gnu/lib/rustlib/src/rust/library/core), memchr v2.8.3
note: to see what the problems were, use the option `--future-incompat-report`, or run `cargo report future-incompatibilities --id 1`
[axbuild] accepted known upstream Rust #134375 future-incompatibility for core@0.0.0, memchr@2.8.3
ok: starry-kernel (feature: uvc, target: aarch64-unknown-none-softfloat)
[31/140] starry-kernel (base, target: loongarch64-unknown-none-softfloat)
          cd /home/asta/tgoskits/wt-feat-net-observe && CARGO_UNSTABLE_JSON_TARGET_SPEC=true cargo clippy --no-deps -p starry-kernel --target scripts/targets/bare/loongarch64-unknown-none-softfloat.json -Z json-target-spec -Z build-std=core,alloc -- -D warnings
   Compiling cpu-local v0.4.3 (/home/asta/tgoskits/wt-feat-net-observe/components/cpu-local)
   Compiling ax-percpu v0.4.24 (/home/asta/tgoskits/wt-feat-net-observe/components/percpu/percpu)
   Compiling ax-alloc v0.9.2 (/home/asta/tgoskits/wt-feat-net-observe/memory/ax-alloc)
   Compiling crab-usb v0.12.1 (/home/asta/tgoskits/wt-feat-net-observe/drivers/usb/usb-host)
   Compiling rockchip-soc v0.4.8 (/home/asta/tgoskits/wt-feat-net-observe/drivers/soc/rockchip/rockchip-soc)
   Compiling somehal v0.11.3 (/home/asta/tgoskits/wt-feat-net-observe/platforms/somehal)
   Compiling ax-driver v0.18.1 (/home/asta/tgoskits/wt-feat-net-observe/drivers/ax-driver)
   Compiling axplat-dyn v0.10.4 (/home/asta/tgoskits/wt-feat-net-observe/platforms/axplat-dyn)
   Compiling ax-crate-interface v0.5.8 (/home/asta/tgoskits/wt-feat-net-observe/components/crate_interface)
   Compiling trait-ffi-macros v0.4.0 (/home/asta/tgoskits/wt-feat-net-observe/components/trait-ffi/trait-ffi-macros)
   Compiling ax-percpu-macros v0.4.12 (/home/asta/tgoskits/wt-feat-net-observe/components/percpu/percpu_macros)
   Compiling rdrive-macros v0.4.3 (/home/asta/tgoskits/wt-feat-net-observe/drivers/rdrive-macros)
   Compiling ax-plat-macros v0.3.10 (/home/asta/tgoskits/wt-feat-net-observe/platforms/ax-plat-macros)
   Compiling someboot v0.7.2 (/home/asta/tgoskits/wt-feat-net-observe/platforms/someboot)
   Compiling somehal-macros v0.1.7 (/home/asta/tgoskits/wt-feat-net-observe/platforms/somehal-macros)
   Compiling scope-local v0.6.5 (/home/asta/tgoskits/wt-feat-net-observe/components/scope-local)
   Compiling ax-ctor-bare-macros v0.4.10 (/home/asta/tgoskits/wt-feat-net-observe/components/ctor_bare/ctor_bare_macros)
   Compiling ax-runtime v0.13.5 (/home/asta/tgoskits/wt-feat-net-observe/os/arceos/modules/axruntime)
   Compiling ax-posix-api v0.6.8 (/home/asta/tgoskits/wt-feat-net-observe/os/arceos/api/arceos_posix_api)
   Compiling starry-signal v0.10.5 (/home/asta/tgoskits/wt-feat-net-observe/os/StarryOS/signal)
   Compiling ax-tracepoint v0.6.1 (/home/asta/tgoskits/wt-feat-net-observe/components/ax-tracepoint)
   Compiling starry-kernel v0.12.1 (/home/asta/tgoskits/wt-feat-net-observe/os/StarryOS/kernel)
    Checking ax-sync v0.6.0 (/home/asta/tgoskits/wt-feat-net-observe/os/arceos/modules/axsync)
    Checking ax-log v0.6.1 (/home/asta/tgoskits/wt-feat-net-observe/os/arceos/modules/axlog)
    Checking ax-ctor-bare v0.4.10 (/home/asta/tgoskits/wt-feat-net-observe/components/ctor_bare/ctor_bare)
    Checking dma-api v0.10.2 (/home/asta/tgoskits/wt-feat-net-observe/memory/dma-api)
    Checking rdrive v0.25.0 (/home/asta/tgoskits/wt-feat-net-observe/drivers/rdrive)
    Checking buddy-slab-allocator v0.6.1 (/home/asta/tgoskits/wt-feat-net-observe/memory/buddy-slab-allocator)
    Checking axfs-ng-vfs v0.8.1 (/home/asta/tgoskits/wt-feat-net-observe/fs/axfs-ng-vfs)
    Checking axpoll-set v0.1.1 (/home/asta/tgoskits/wt-feat-net-observe/components/axpoll-set)
    Checking ax-cgroup v0.3.0 (/home/asta/tgoskits/wt-feat-net-observe/components/ax-cgroup)
    Checking trait-ffi v0.3.1 (/home/asta/tgoskits/wt-feat-net-observe/components/trait-ffi/trait-ffi)
    Checking rdif-eth v0.6.0 (/home/asta/tgoskits/wt-feat-net-observe/drivers/interface/rdif-eth)
    Checking rdif-block v0.13.2 (/home/asta/tgoskits/wt-feat-net-observe/drivers/interface/rdif-block)
    Checking rdif-gpu v0.1.0 (/home/asta/tgoskits/wt-feat-net-observe/drivers/interface/rdif-gpu)
    Checking ax-cpu v0.10.3 (/home/asta/tgoskits/wt-feat-net-observe/components/axcpu)
    Checking ax-task v0.8.4 (/home/asta/tgoskits/wt-feat-net-observe/components/ax-task)
    Checking rdif-display v0.5.0 (/home/asta/tgoskits/wt-feat-net-observe/drivers/interface/rdif-display)
    Checking rd-net v0.3.3 (/home/asta/tgoskits/wt-feat-net-observe/drivers/net/rd-net)
    Checking ax-plat v0.15.0 (/home/asta/tgoskits/wt-feat-net-observe/platforms/ax-plat)
    Checking ax-fs-ng v0.11.2 (/home/asta/tgoskits/wt-feat-net-observe/fs/ax-fs-ng)
    Checking axklib v0.9.1 (/home/asta/tgoskits/wt-feat-net-observe/components/axklib)
    Checking ax-input v0.7.0 (/home/asta/tgoskits/wt-feat-net-observe/os/arceos/modules/axinput)
    Checking ax-hal v0.8.4 (/home/asta/tgoskits/wt-feat-net-observe/os/arceos/modules/axhal)
    Checking ax-ipi v0.6.5 (/home/asta/tgoskits/wt-feat-net-observe/os/arceos/modules/axipi)
    Checking ax-net v0.13.6 (/home/asta/tgoskits/wt-feat-net-observe/net/ax-net)
    Checking ax-mm v0.8.4 (/home/asta/tgoskits/wt-feat-net-observe/os/arceos/modules/axmm)
    Checking ax-gpu v0.1.0 (/home/asta/tgoskits/wt-feat-net-observe/os/arceos/modules/axgpu)
    Checking ax-display v0.7.0 (/home/asta/tgoskits/wt-feat-net-observe/os/arceos/modules/axdisplay)
    Checking ax-api v0.8.6 (/home/asta/tgoskits/wt-feat-net-observe/os/arceos/api/arceos_api)
    Checking ax-std v0.7.5 (/home/asta/tgoskits/wt-feat-net-observe/os/arceos/ulib/axstd)
    Finished `dev` profile [unoptimized + debuginfo] target(s) in 5.06s
ok: starry-kernel (base, target: loongarch64-unknown-none-softfloat)
[32/140] starry-kernel (feature: axtest, target: loongarch64-unknown-none-softfloat)
          cd /home/asta/tgoskits/wt-feat-net-observe && CARGO_UNSTABLE_JSON_TARGET_SPEC=true cargo clippy --no-deps -p starry-kernel --no-default-features --features axtest --target scripts/targets/bare/loongarch64-unknown-none-softfloat.json -Z json-target-spec -Z build-std=core,alloc -- -D warnings
   Compiling ax-runtime v0.13.5 (/home/asta/tgoskits/wt-feat-net-observe/os/arceos/modules/axruntime)
    Checking ax-task v0.8.4 (/home/asta/tgoskits/wt-feat-net-observe/components/ax-task)
   Compiling axtest-macros v0.5.16 (/home/asta/tgoskits/wt-feat-net-observe/components/axtest/axtest_macros)
   Compiling starry-kernel v0.12.1 (/home/asta/tgoskits/wt-feat-net-observe/os/StarryOS/kernel)
    Checking axtest v0.5.16 (/home/asta/tgoskits/wt-feat-net-observe/components/axtest/axtest)
    Checking ax-input v0.7.0 (/home/asta/tgoskits/wt-feat-net-observe/os/arceos/modules/axinput)
    Checking ax-net v0.13.6 (/home/asta/tgoskits/wt-feat-net-observe/net/ax-net)
    Checking ax-gpu v0.1.0 (/home/asta/tgoskits/wt-feat-net-observe/os/arceos/modules/axgpu)
    Checking ax-display v0.7.0 (/home/asta/tgoskits/wt-feat-net-observe/os/arceos/modules/axdisplay)
    Checking ax-api v0.8.6 (/home/asta/tgoskits/wt-feat-net-observe/os/arceos/api/arceos_api)
    Checking starry-signal v0.10.5 (/home/asta/tgoskits/wt-feat-net-observe/os/StarryOS/signal)
    Checking ax-posix-api v0.6.8 (/home/asta/tgoskits/wt-feat-net-observe/os/arceos/api/arceos_posix_api)
    Checking ax-std v0.7.5 (/home/asta/tgoskits/wt-feat-net-observe/os/arceos/ulib/axstd)
warning: unused dependency `axtest`
  --> os/StarryOS/kernel/Cargo.toml:61:1
   |
61 | axtest = { workspace = true, optional = true }
   | ^^^^^^^^^^^^^^^^^^^^^^^^^^^^^^^^^^^^^^^^^^^^^^
   |
   = note: `cargo::unused_dependencies` is set to `warn` by default
help: consider removing the dependency on `axtest`
warning: `starry-kernel` (manifest) generated 1 warning
    Finished `dev` profile [unoptimized + debuginfo] target(s) in 3.79s
ok: starry-kernel (feature: axtest, target: loongarch64-unknown-none-softfloat)
[33/140] starry-kernel (feature: axtest-coverage, target: loongarch64-unknown-none-softfloat)
          cd /home/asta/tgoskits/wt-feat-net-observe && CARGO_UNSTABLE_JSON_TARGET_SPEC=true cargo clippy --no-deps -p starry-kernel --no-default-features --features axtest-coverage --target scripts/targets/bare/loongarch64-unknown-none-softfloat.json -Z json-target-spec -Z build-std=core,alloc -- -D warnings
   Compiling starry-kernel v0.12.1 (/home/asta/tgoskits/wt-feat-net-observe/os/StarryOS/kernel)
    Checking axtest v0.5.16 (/home/asta/tgoskits/wt-feat-net-observe/components/axtest/axtest)
warning: unused dependency `axtest`
  --> os/StarryOS/kernel/Cargo.toml:61:1
   |
61 | axtest = { workspace = true, optional = true }
   | ^^^^^^^^^^^^^^^^^^^^^^^^^^^^^^^^^^^^^^^^^^^^^^
   |
   = note: `cargo::unused_dependencies` is set to `warn` by default
help: consider removing the dependency on `axtest`
warning: `starry-kernel` (manifest) generated 1 warning
    Finished `dev` profile [unoptimized + debuginfo] target(s) in 2.78s
ok: starry-kernel (feature: axtest-coverage, target: loongarch64-unknown-none-softfloat)
[34/140] starry-kernel (feature: dev-log, target: loongarch64-unknown-none-softfloat)
          cd /home/asta/tgoskits/wt-feat-net-observe && CARGO_UNSTABLE_JSON_TARGET_SPEC=true cargo clippy --no-deps -p starry-kernel --no-default-features --features dev-log --target scripts/targets/bare/loongarch64-unknown-none-softfloat.json -Z json-target-spec -Z build-std=core,alloc -- -D warnings
   Compiling starry-kernel v0.12.1 (/home/asta/tgoskits/wt-feat-net-observe/os/StarryOS/kernel)
    Finished `dev` profile [unoptimized + debuginfo] target(s) in 2.70s
ok: starry-kernel (feature: dev-log, target: loongarch64-unknown-none-softfloat)
[35/140] starry-kernel (feature: dynamic_debug, target: loongarch64-unknown-none-softfloat)
          cd /home/asta/tgoskits/wt-feat-net-observe && CARGO_UNSTABLE_JSON_TARGET_SPEC=true cargo clippy --no-deps -p starry-kernel --no-default-features --features dynamic_debug --target scripts/targets/bare/loongarch64-unknown-none-softfloat.json -Z json-target-spec -Z build-std=core,alloc -- -D warnings
   Compiling starry-kernel v0.12.1 (/home/asta/tgoskits/wt-feat-net-observe/os/StarryOS/kernel)
    Finished `dev` profile [unoptimized + debuginfo] target(s) in 2.80s
ok: starry-kernel (feature: dynamic_debug, target: loongarch64-unknown-none-softfloat)
[36/140] starry-kernel (feature: ext4, target: loongarch64-unknown-none-softfloat)
          cd /home/asta/tgoskits/wt-feat-net-observe && CARGO_UNSTABLE_JSON_TARGET_SPEC=true cargo clippy --no-deps -p starry-kernel --no-default-features --features ext4 --target scripts/targets/bare/loongarch64-unknown-none-softfloat.json -Z json-target-spec -Z build-std=core,alloc -- -D warnings
   Compiling starry-kernel v0.12.1 (/home/asta/tgoskits/wt-feat-net-observe/os/StarryOS/kernel)
    Finished `dev` profile [unoptimized + debuginfo] target(s) in 2.69s
ok: starry-kernel (feature: ext4, target: loongarch64-unknown-none-softfloat)
[37/140] starry-kernel (feature: fat, target: loongarch64-unknown-none-softfloat)
          cd /home/asta/tgoskits/wt-feat-net-observe && CARGO_UNSTABLE_JSON_TARGET_SPEC=true cargo clippy --no-deps -p starry-kernel --no-default-features --features fat --target scripts/targets/bare/loongarch64-unknown-none-softfloat.json -Z json-target-spec -Z build-std=core,alloc -- -D warnings
   Compiling starry-kernel v0.12.1 (/home/asta/tgoskits/wt-feat-net-observe/os/StarryOS/kernel)
    Checking ax-fs-ng v0.11.2 (/home/asta/tgoskits/wt-feat-net-observe/fs/ax-fs-ng)
    Checking ax-runtime v0.13.5 (/home/asta/tgoskits/wt-feat-net-observe/os/arceos/modules/axruntime)
    Checking ax-api v0.8.6 (/home/asta/tgoskits/wt-feat-net-observe/os/arceos/api/arceos_api)
    Checking starry-signal v0.10.5 (/home/asta/tgoskits/wt-feat-net-observe/os/StarryOS/signal)
    Checking ax-posix-api v0.6.8 (/home/asta/tgoskits/wt-feat-net-observe/os/arceos/api/arceos_posix_api)
    Checking ax-std v0.7.5 (/home/asta/tgoskits/wt-feat-net-observe/os/arceos/ulib/axstd)
