
root@starry:/root #
root@starry:/root #
root@starry:/root # iperf3 -s 1
[309.117675 0:25 starry_kernel::syscall::task::wait:245] sys_waitpid <= pid: -1, options: WaitPidOptions(WUNTRACED)
[309.117867 0:42 starry_kernel::task::user:70] Enter user space: ip=0x6013d7ae, sp=0x3fffff570
-----------------------------------------------------------
Server listening on 5201 (test #1)
-----------------------------------------------------------
[323.786903 0:15 ax_net::device::ethernet:485] wlan0: ARP 192.168.50.2 -> 90-de-80-92-bc-cd
Accepted connection from 192.168.50.2, port 55834
[  5] local 192.168.50.1 port 5201 connected to 192.168.50.2 port 55746
[341.273211 0:43 starry_kernel::task::user:70] Enter user space: ip=0x601524d0, sp=0x428af0
[ ID] Interval           Transfer     Bitrate
[  5]   0.00-1.00   sec  1.25 MBytes  10.5 Mbits/sec
[  5]   1.00-2.00   sec  1.25 MBytes  10.5 Mbits/sec
[  5]   2.00-3.00   sec  1.25 MBytes  10.5 Mbits/sec
[  5]   3.00-4.00   sec  1.25 MBytes  10.5 Mbits/sec
[  5]   4.00-5.00   sec  1.25 MBytes  10.5 Mbits/sec
[  5]   5.00-6.00   sec  1.50 MBytes  12.6 Mbits/sec
[  5]   6.00-7.00   sec  1.38 MBytes  11.5 Mbits/sec
[  5]   7.00-8.00   sec  1.38 MBytes  11.5 Mbits/sec
[  5]   8.00-9.00   sec  1.38 MBytes  11.5 Mbits/sec
[  5]   9.00-9.58   sec   896 KBytes  12.6 Mbits/sec
- - - - - - - - - - - - - - - - - - - - - - - - -
[ ID] Interval           Transfer     Bitrate
[  5]   0.00-9.58   sec  12.8 MBytes  11.2 Mbits/sec                  receiver
[350.860121 0:43 starry_kernel::task::ops:398] Task(43, "iperf3") exit with code: 0
-----------------------------------------------------------
Server listening on 5201 (test #2)
-----------------------------------------------------------
[355.859841 0:15 ax_net::device::ethernet:485] wlan0: ARP 192.168.50.2 -> 90-de-80-92-bc-cd
Accepted connection from 192.168.50.2, port 55744
[  5] local 192.168.50.1 port 5201 connected to 192.168.50.2 port 55760
[356.890240 0:44 starry_kernel::task::user:70] Enter user space: ip=0x601524d0, sp=0x428af0
[ ID] Interval           Transfer     Bitrate         Retr  Cwnd
[  5]   0.00-1.00   sec  1.25 MBytes  10.5 Mbits/sec    0   0.00 Bytes
[  5]   1.00-2.00   sec  1.25 MBytes  10.5 Mbits/sec    0   0.00 Bytes
[  5]   2.00-3.00   sec  1.38 MBytes  11.5 Mbits/sec    0   0.00 Bytes
[  5]   3.00-4.00   sec  1.25 MBytes  10.5 Mbits/sec    0   0.00 Bytes
[  5]   4.00-5.00   sec  1.38 MBytes  11.5 Mbits/sec    0   0.00 Bytes
[  5]   5.00-6.00   sec  1.25 MBytes  10.5 Mbits/sec    0   0.00 Bytes
[  5]   6.00-7.00   sec  1.38 MBytes  11.5 Mbits/sec    0   0.00 Bytes
[  5]   7.00-8.00   sec  1.38 MBytes  11.5 Mbits/sec    0   0.00 Bytes
[  5]   8.00-9.00   sec  1.25 MBytes  10.5 Mbits/sec    0   0.00 Bytes
[  5]   9.00-9.55   sec   768 KBytes  11.5 Mbits/sec    0   0.00 Bytes
- - - - - - - - - - - - - - - - - - - - - - - - -
[ ID] Interval           Transfer     Bitrate         Retr
[  5]   0.00-9.55   sec  12.5 MBytes  11.0 Mbits/sec    0            sender
[366.513536 0:44 starry_kernel::task::ops:398] Task(44, "iperf3") exit with code: 0
-----------------------------------------------------------
Server listening on 5201 (test #3)
-----------------------------------------------------------
Accepted connection from 192.168.50.2, port 55836
[  5] local 192.168.50.1 port 5201 connected to 192.168.50.2 port 55840
[382.025628 0:45 starry_kernel::task::user:70] Enter user space: ip=0x601524d0, sp=0x428af0
[ ID] Interval           Transfer     Bitrate
[  5]   0.00-1.00   sec  1.38 MBytes  11.5 Mbits/sec
[  5]   1.00-2.00   sec  1.38 MBytes  11.5 Mbits/sec
[  5]   2.00-3.00   sec  1.50 MBytes  12.6 Mbits/sec
[  5]   3.00-4.00   sec  1.50 MBytes  12.6 Mbits/sec
[  5]   4.00-5.00   sec  1.38 MBytes  11.5 Mbits/sec
[  5]   5.00-6.00   sec  1.50 MBytes  12.6 Mbits/sec
[388.358625 0:15 ax_net::device::ethernet:485] wlan0: ARP 192.168.50.2 -> 90-de-80-92-bc-cd
[  5]   6.00-7.00   sec  1.50 MBytes  12.6 Mbits/sec
[  5]   7.00-8.00   sec  1.38 MBytes  11.6 Mbits/sec
[  5]   8.00-9.00   sec  1.50 MBytes  12.6 Mbits/sec
[  5]   9.00-9.58   sec   768 KBytes  10.9 Mbits/sec
- - - - - - - - - - - - - - - - - - - - - - - - -
[ ID] Interval           Transfer     Bitrate
[  5]   0.00-9.58   sec  13.8 MBytes  12.0 Mbits/sec                  receiver
[391.606190 0:45 starry_kernel::task::ops:398] Task(45, "iperf3") exit with code: 0
-----------------------------------------------------------
Server listening on 5201 (test #4)
-----------------------------------------------------------
[410.863193 0:14 ax_net::orphan:156] Reaped expired orphan socket #2
[426.856821 0:15 ax_net::device::ethernet:485] wlan0: ARP 192.168.50.2 -> 90-de-80-92-bc-cd
[451.604983 0:14 ax_net::orphan:156] Reaped expired orphan socket #3
[455.251033 0:18 starry_kernel::task::signal:679] Send signal SIGINT to process group 42
[455.251082 0:18 starry_kernel::task::signal:605] Send signal SIGINT to process 42
^Ciperf3: interrupt - the server has terminated by signal Interrupt(2)
[455.251896 0:42 starry_kernel::task::ops:398] Task(42, "iperf3") exit with code: 0
[455.258367 0:42 starry_kernel::task::signal:605] Send signal SIGCHLD to process 1
[455.258847 0:25 starry_kernel::syscall::task::wait:245] sys_waitpid <= pid: -1, options: WaitPidOptions(WUNTRACED)
[455.258994 0:25 starry_kernel::syscall::task::wait:245] sys_waitpid <= pid: -1, options: WaitPidOptions(WNOHANG | WUNTRACED)
root@starry:/root # iperf3 -s 1
[563.682140 0:25 starry_kernel::syscall::task::wait:245] sys_waitpid <= pid: -1, options: WaitPidOptions(WUNTRACED)
[563.682499 0:46 starry_kernel::task::user:70] Enter user space: ip=0x6013d7ae, sp=0x3fffff570
-----------------------------------------------------------
Server listening on 5201 (test #1)
-----------------------------------------------------------
Accepted connection from 192.168.50.2, port 55838
[  5] local 192.168.50.1 port 5201 connected to 192.168.50.2 port 55748
[578.348120 0:47 starry_kernel::task::user:70] Enter user space: ip=0x601524d0, sp=0x428af0
[ ID] Interval           Transfer     Bitrate
[  5]   0.00-1.00   sec  1.25 MBytes  10.5 Mbits/sec
[  5]   1.00-2.00   sec  1.25 MBytes  10.5 Mbits/sec
[  5]   2.00-3.00   sec  1.50 MBytes  12.6 Mbits/sec
[  5]   3.00-4.00   sec  1.38 MBytes  11.5 Mbits/sec
[582.890038 0:15 ax_net::device::ethernet:485] wlan0: ARP 192.168.50.2 -> 90-de-80-92-bc-cd
[  5]   4.00-5.00   sec  1.50 MBytes  12.6 Mbits/sec
[  5]   5.00-6.00   sec  1.50 MBytes  12.6 Mbits/sec
[  5]   5.00-6.00   sec  1.50 MBytes  12.6 Mbits/sec
- - - - - - - - - - - - - - - - - - - - - - - - -
[ ID] Interval           Transfer     Bitrate
[  5]   0.00-6.00   sec  8.75 MBytes  12.2 Mbits/sec                  receiver
iperf3: the client has terminated
[584.603157 0:46 starry_kernel::task::signal:553] Send signal SIGRT1 to thread 47
[584.607309 0:47 starry_kernel::task::ops:398] Task(47, "iperf3") exit with code: 0
-----------------------------------------------------------
Server listening on 5201 (test #2)
-----------------------------------------------------------
[618.362754 0:15 ax_net::device::ethernet:485] wlan0: ARP 192.168.50.2 -> 90-de-80-92-bc-cd
[644.609408 0:14 ax_net::orphan:156] Reaped expired orphan socket #2
[744.115938 0:15 ax_net::device::ethernet:485] wlan0: ARP 192.168.50.2 -> 90-de-80-92-bc-cd
Accepted connection from 192.168.50.2, port 55812
[  5] local 192.168.50.1 port 5201 connected to 192.168.50.2 port 55824
[  8] local 192.168.50.1 port 5201 connected to 192.168.50.2 port 55828
[759.475970 0:48 starry_kernel::task::user:70] Enter user space: ip=0x601524d0, sp=0x448af0
[759.476349 0:49 starry_kernel::task::user:70] Enter user space: ip=0x601524d0, sp=0x46baf0
[ ID][Role] Interval           Transfer     Bitrate         Retr  Cwnd
[  5][RX-S]   0.00-1.00   sec   512 KBytes  4.19 Mbits/sec
[  8][TX-S]   0.00-1.00   sec   768 KBytes  6.29 Mbits/sec    0   0.00 Bytes
[  5][RX-S]   1.00-2.00   sec   640 KBytes  5.24 Mbits/sec
[  8][TX-S]   1.00-2.00   sec   640 KBytes  5.24 Mbits/sec    0   0.00 Bytes
[  5][RX-S]   2.00-3.00   sec   640 KBytes  5.24 Mbits/sec
[  8][TX-S]   2.00-3.00   sec   768 KBytes  6.29 Mbits/sec    0   0.00 Bytes
[  5][RX-S]   3.00-4.00   sec   640 KBytes  5.24 Mbits/sec
[  8][TX-S]   3.00-4.00   sec   768 KBytes  6.29 Mbits/sec    0   0.00 Bytes
[  5][RX-S]   4.00-5.00   sec   768 KBytes  6.28 Mbits/sec
[  8][TX-S]   4.00-5.00   sec   640 KBytes  5.24 Mbits/sec    0   0.00 Bytes
[  5][RX-S]   5.00-6.00   sec   640 KBytes  5.25 Mbits/sec
[  8][TX-S]   5.00-6.00   sec   768 KBytes  6.30 Mbits/sec    0   0.00 Bytes
[  5][RX-S]   6.00-7.00   sec   640 KBytes  5.24 Mbits/sec
[  8][TX-S]   6.00-7.00   sec   640 KBytes  5.24 Mbits/sec    0   0.00 Bytes
[  5][RX-S]   7.00-8.00   sec   768 KBytes  6.29 Mbits/sec
[  8][TX-S]   7.00-8.00   sec   768 KBytes  6.29 Mbits/sec    0   0.00 Bytes
[  5][RX-S]   8.00-9.00   sec   640 KBytes  5.25 Mbits/sec
[  8][TX-S]   8.00-9.00   sec   640 KBytes  5.25 Mbits/sec    0   0.00 Bytes
[  5][RX-S]   9.00-9.56   sec   384 KBytes  5.60 Mbits/sec
[  8][TX-S]   9.00-9.56   sec   384 KBytes  5.60 Mbits/sec    0   0.00 Bytes
- - - - - - - - - - - - - - - - - - - - - - - - -
[ ID][Role] Interval           Transfer     Bitrate         Retr
[  5][RX-S]   0.00-9.56   sec  6.12 MBytes  5.37 Mbits/sec                  receiver
[  8][TX-S]   0.00-9.56   sec  6.62 MBytes  5.81 Mbits/sec    0            sender
[769.042609 0:48 starry_kernel::task::ops:398] Task(48, "iperf3") exit with code: 0
[769.055275 0:49 starry_kernel::task::ops:398] Task(49, "iperf3") exit with code: 0
-----------------------------------------------------------
Server listening on 5201 (test #3)
-----------------------------------------------------------
[772.328015 0:18 starry_kernel::task::signal:679] Send signal SIGINT to process group 46
[772.328067 0:18 starry_kernel::task::signal:605] Send signal SIGINT to process 46
^Ciperf3: interrupt - the server has terminated by signal Interrupt(2)
[772.328892 0:46 starry_kernel::task::ops:398] Task(46, "iperf3") exit with code: 0
[772.335364 0:46 starry_kernel::task::signal:605] Send signal SIGCHLD to process 1
[772.335853 0:25 starry_kernel::syscall::task::wait:245] sys_waitpid <= pid: -1, options: WaitPidOptions(WUNTRACED)
[772.336067 0:25 starry_kernel::syscall::task::wait:245] sys_waitpid <= pid: -1, options: WaitPidOptions(WNOHANG | WUNTRACED)
root@starry:/root # ^C
[772.473579 0:25 starry_kernel::task::signal:553] Send signal SIGINT to thread 1

root@starry:/root # ^C
[772.599122 0:25 starry_kernel::task::signal:553] Send signal SIGINT to thread 1

root@starry:/root # poweroff
[774.444989 0:25 starry_kernel::syscall::task::wait:245] sys_waitpid <= pid: -1, options: WaitPidOptions(WUNTRACED)
[774.445254 0:50 starry_kernel::task::user:70] Enter user space: ip=0x6013d7ae, sp=0x3fffff570
[774.498836 0:50 starry_kernel::task::signal:605] Send signal SIGUSR2 to process 1
[774.499093 0:50 starry_kernel::task::ops:398] Task(50, "busybox") exit with code: 0
[774.4993
