U-Boot 2021.10 (Jan 22 2026 - 14:08:22 +0800) soph

DRAM:  254 MiB
gd->relocaddr=0x88a33000. offset=0x8833000
MMC:   cv-sd@4310000: 0, wifi-sd@4320000: 1
Loading Environment from nowhere... OK
In:    serial
Out:   serial
Err:   serial
Net:
Warning: ethernet@4070000 (eth0) using random MAC address - e2:5c:75:ea:5c:e4
eth0: ethernet@4070000
Hit any key to stop autoboot:  0
Device: cv-sd@4310000
Manufacturer ID: 3
OEM: 5344
Name: SK64G
Bus Speed: 25000000
Mode: SD High Speed (50MHz)
Rd Block Len: 512
SD version 3.0
High Capacity: Yes
Capacity: 59.5 GiB
Bus Width: 4-bit
Erase Group Size: 512 Bytes
** Unable to read file uEnv.txt **
Failed to load 'uEnv.txt'
cvi_vo_probe: Warning: cannot get power GPIO: ret=-2
** Unable to read file board **
Failed to load 'board'
Failed to load file: board
Init panel zct2133v1-800x1280
dm_gpio_set_value(disp_power_ct_gpio, deassert) failed: -2switch to partitions #0, OK
mmc0 is current device
** Unable to read file logo.jpeg **
Failed to load 'logo.jpeg'

start jpeg dec task!, bs_addr 0000000084080000, yuv_addr 0000000088d30000, size 524288
[ERR] JPU_DecGetInitialInfo = 209, JpegDecodeHeader
jpeg_decode_helper = 251, JPU_DecGetInitialInfo failed Error code is 0x1, inst=0
Boot from SD dev 0 ...
switch to partitions #0, OK
mmc0 is current device
17301348 bytes read in 1532 ms (10.8 MiB/s)
## Loading kernel from FIT Image at 81800000 ...
   Using 'config-sg2002_licheervnano_sd' configuration
   Trying 'kernel-1' kernel subimage
     Description:  StarryOS kernel
     Type:         Kernel Image
     Compression:  uncompressed
     Data Start:   0x818000d4
     Data Size:    14749656 Bytes = 14.1 MiB
     Architecture: RISC-V
     OS:           Linux
     Load Address: 0x80200000
     Entry Point:  0x80200000
     Hash algo:    crc32
     Hash value:   d2a34451
   Verifying Hash Integrity ... crc32+ OK
## Loading ramdisk from FIT Image at 81800000 ...
   Using 'config-sg2002_licheervnano_sd' configuration
   Trying 'ramdisk-1' ramdisk subimage
     Description:  cvitek ramdisk
     Type:         RAMDisk Image
     Compression:  uncompressed
     Data Start:   0x8261118c
     Data Size:    2527648 Bytes = 2.4 MiB
     Architecture: RISC-V
     OS:           Linux
     Load Address: unavailable
     Entry Point:  unavailable
     Hash algo:    crc32
     Hash value:   1330f105
   Verifying Hash Integrity ... crc32+ OK
## Loading fdt from FIT Image at 81800000 ...
   Using 'config-sg2002_licheervnano_sd' configuration
   Trying 'fdt-sg2002_licheervnano_sd' fdt subimage
     Description:  cvitek device tree - sg2002_licheervnano_sd
     Type:         Flat Device Tree
     Compression:  uncompressed
     Data Start:   0x8287a418
     Data Size:    22571 Bytes = 22 KiB
     Architecture: RISC-V
     Hash algo:    sha256
     Hash value:   662a26073d85f9508133cbaf463fe265fd191b776a9226f9222ee7ef50d02ec3
   Verifying Hash Integrity ... sha256+ OK
   Booting using the fdt blob at 0x8287a418
   Loading Kernel Image
   Decompressing 14749656 bytes used 19ms
   Loading Ramdisk to 87e81000, end 880ea1a0 ... OK
ERROR: reserving fdt memory region failed (addr=80000000 size=40000 flags=0)
   Loading Device Tree to 0000000087e78000, end 0000000087e8082a ... OK

Starting kernel ...

RISC-V64 SBI kernel entry.
root=/dev/mmcblk0p2 rootwait rw console=ttyS0,115200 earlycon=sbi riscv.fwsz=0x80000 release loglevel=0
VM Load @PA:0x80200000
VM Load Offset: 0x100200000
Memory Map:
  Rsv    0x00000080000000 - 0x00000080080000 (512 KiB)
  Free   0x00000080080000 - 0x00000080200000 (1.5 MiB)
  KImg   0x00000080200000 - 0x00000081200000 (16 MiB)
  Free   0x00000081200000 - 0x00000087e81000 (108.5 MiB)
  Rsv    0x00000087e81000 - 0x000000880eb000 (2.41 MiB)
  Free   0x000000880eb000 - 0x0000008fe00000 (125.08 MiB)
Initialize RAM allocator: 0x81200000..0x87e81000
Reserving CPU-local areas
CPU-local area stride: 0x41000 bytes
Total CPU-local allocation: 0x41000 bytes (1 CPUs)
Flushed RAM used range to memory map: 0x81200000..0x81207000, current: 0x81207000
Flushed RAM used range to memory map: 0x81207000..0x81248000, current: 0x81248000
CPU-local areas allocated at 0x81207000 - 0x81248000
Mapping early memory regions...
Ram                 : [0x0000000080000000, 0x000000008fe00000) -> [0x0000000080000000, 0x000000008fe00000) (254 MiB)
Ram                 : [0xffffffc080000000, 0xffffffc08fe00000) -> [0x0000000080000000, 0x000000008fe00000) (254 MiB)
KImage              : [0xffffffff80000000, 0xffffffff81000000) -> [0x0000000080200000, 0x0000000081200000) (16 MiB)
PerCpu              : [0xffffffe081207000, 0xffffffe081248000) -> [0x0000000081207000, 0x0000000081248000) (260 KiB)
Boot page table at physical address: 0x81248000
MMU Entry point at physical address: 0x804f26d4
Enabling MMU...
MMU enabled, jumping to 0xffffffff802f26d4, sp=0xffffffe081248000
Trap vector at 0xffffffff802ee140
Memory Map:
  Rsv    0x00000080000000 - 0x00000080080000 (512 KiB)
  Free   0x00000080080000 - 0x00000080200000 (1.5 MiB)
  KImg   0x00000080200000 - 0x00000081200000 (16 MiB)
  Rsv    0x00000081200000 - 0x00000081207000 (28 KiB)
  PerCPU 0x00000081207000 - 0x00000081248000 (260 KiB)
  Rsv    0x00000081248000 - 0x00000081354000 (1.05 MiB)
  Free   0x00000081354000 - 0x00000087e81000 (107.18 MiB)
  Rsv    0x00000087e81000 - 0x000000880eb000 (2.41 MiB)
  Free   0x000000880eb000 - 0x0000008fe00000 (125.08 MiB)
Jumping to main entry point at 0xffffffff802e1836 with SP 0xffffffe081248000

       d8888                            .d88888b.   .d8888b.
      d88888                           d88P" "Y88b d88P  Y88b
     d88P888                           888     888 Y88b.
    d88P 888 888d888  .d8888b  .d88b.  888     888  "Y888b.
   d88P  888 888P"   d88P"    d8P  Y8b 888     888     "Y88b.
  d88P   888 888     888      88888888 888     888       "888
 d8888888888 888     Y88b.    Y8b.     Y88b. .d88P Y88b  d88P
d88P     888 888      "Y8888P  "Y8888   "Y88888P"   "Y8888P"

arch = riscv64
platform = LicheeRv Nano
target = riscv64gc-unknown-none-elf
build_mode =
log_level = info
backtrace = false
smp = 1

ax_runtime:233] Logging is enabled.
ax_runtime:234] Primary CPU 0 started, arg = 0x81200000.
ax_runtime:236] Found physcial memory regions:
ax_runtime:238]   [PA:0x80000000, PA:0x80080000) reserved (READ | WRITE | EXECUTE | RESERVED)
ax_runtime:238]   [PA:0x80080000, PA:0x80200000) free memory (READ | WRITE | FREE)
ax_runtime:238]   [PA:0x80200000, PA:0x81200000) reserved (READ | WRITE | EXECUTE | RESERVED)
ax_runtime:238]   [PA:0x81200000, PA:0x81207000) reserved (READ | WRITE | EXECUTE | RESERVED)
ax_runtime:238]   [PA:0x81207000, PA:0x81248000) reserved (READ | WRITE | EXECUTE | RESERVED)
ax_runtime:238]   [PA:0x81248000, PA:0x81354000) reserved (READ | WRITE | EXECUTE | RESERVED)
ax_runtime:238]   [PA:0x81354000, PA:0x87e81000) free memory (READ | WRITE | FREE)
ax_runtime:238]   [PA:0x87e81000, PA:0x880eb000) reserved (READ | WRITE | EXECUTE | RESERVED)
ax_runtime:238]   [PA:0x880eb000, PA:0x8fe00000) free memory (READ | WRITE | FREE)
ax_runtime:382] Initialize global memory allocator...
ax_runtime:383]   use buddy-slab-allocator allocator.
ax_alloc::buddy_slab:158] Initialize global memory allocator, start_vaddr: 0xffffffc0880eb000, size: 0x7d15000
ax_alloc::buddy_slab:424] global allocator initialized
ax_alloc::buddy_slab:168] Add memory region, start_vaddr: 0xffffffc080080000, size: 0x180000
buddy_slab_allocator::global:151] GlobalAllocator: skip region 0xffffffc080080000+0x180000, no allocator-visible memory after 2097152 alignment
ax_alloc::buddy_slab:168] Add memory region, start_vaddr: 0xffffffc081354000, size: 0x6b2d000
ax_runtime:273] kernel aspace: [VA:0xffffffc000000000, VA:0xffffffffffffffff)
ax_mm:107] Initialize virtual memory management...
ax_runtime:285] Initialize platform devices...
somehal::driver:5] Initializing rdrive with FDT at 0xffffffc081200000
ax_task::api:175] Initialize scheduling...
ax_task::api:183]   use Round-robin scheduler.
ax_runtime:304] Initialize interrupt handlers...
ax_runtime::devices:2] Probe platform devices...
ax_driver::serial::ns16550:49] Probing NS16550 serial device: serial@04140000
ax_driver::serial::ns16550:92] NS16550 serial@0xffffffc004140000 registered successfully
ax_driver::serial::ns16550:49] Probing NS16550 serial device: serial@04150000
ax_driver::serial::ns16550:92] NS16550 serial@0xffffffc004150000 registered successfully
ax_driver::serial::ns16550:49] Probing NS16550 serial device: serial@04160000
ax_driver::serial::ns16550:92] NS16550 serial@0xffffffc004160000 registered successfully
ax_driver::serial::ns16550:49] Probing NS16550 serial device: serial@04170000
ax_driver::serial::ns16550:92] NS16550 serial@0xffffffc004170000 registered successfully
ax_driver::block::cvsd:71] cvsd probe: node=cv-sd@4310000, src=375000000Hz min=400000Hz max=25000000Hz bus_width=Bit4 no_1v8=true no_mmc=true no_sdio=true cd_gpio=true
ax_driver::block::cvsd:99] cvsd block device registered irq=None
ax_driver::net::aic8800:99] [wifi] SDIO1 HW init (node=wifi-sd@4320000, sdio1=0x4320000)
sdhci_cv1800:644] [SDIO] VENDOR_MSHC_CTRL: 0x00000302 -> 0x00010302
ax_driver::net::aic8800:116] [wifi] SDIO device: vendor=0xc8a1 device=0x0082
aic8800::wireless:51] [aic8800] chip=Aic8800D80 vid=0xc8a1 did=0x0082
ax_driver::net::aic8800:130] [wifi] chip probe complete
ax_driver::net::aic8800:150] [wifi] wlan0 device registered (probe stage done)
ax_runtime::serial:895] serial runtime NS16550 UART ready: cpu=0, irq=Some(Source(FdtInterrupt(FdtIrqSpec { controller: 116, cells: [44, 4] }))), polling=false
ax_runtime::serial:895] serial runtime NS16550 UART ready: cpu=0, irq=Some(Source(FdtInterrupt(FdtIrqSpec { controller: 116, cells: [45, 4] }))), polling=false
ax_runtime::serial:895] serial runtime NS16550 UART ready: cpu=0, irq=Some(Source(FdtInterrupt(FdtIrqSpec { controller: 116, cells: [46, 4] }))), polling=false
ax_runtime::serial:895] serial runtime NS16550 UART ready: cpu=0, irq=Some(Source(FdtInterrupt(FdtIrqSpec { controller: 116, cells: [47, 4] }))), polling=false
[  9.270589 0:2 ax_runtime:324] runtime console active: serial0, ttyS0
Boot at 1970-01-01 00:00:09.270623280 UTC

[  9.271063 0:9 sdmmc_protocol::sdio::init::state_machine:102] sdio: submit bus op ResetAll
[  9.271290 0:9 ax_fs_ng::block::runtime::hctx:177] block hctx 0 bound to CPU 0 with hardware depth 1
[  9.271483 0:9 ax_fs_ng::block::runtime::lifecycle::device:333] block device cvsd IRQ source 0 (IrqId { domain: IrqDomainId(7), hwirq: HwIrq(36) }) fixed to CPU 0 for queue mask 0x1
[  9.272455 0:10 sdmmc_protocol::sdio::init::state_machine:102] sdio: submit bus op PowerOn
[  9.282757 0:10 sdmmc_protocol::sdio::init::state_machine:102] sdio: submit bus op SwitchVoltage(V330)
[  9.284271 0:10 sdmmc_protocol::sdio::init::state_machine:63] sdio: submit bus op SetBusWidth(Bit1)
[  9.284627 0:10 sdmmc_protocol::sdio::init::state_machine:63] sdio: submit bus op SetClock(Identification)
[  9.307421 0:10 sdmmc_protocol::sdio::init::state_machine::identify:175] sdio: detected Sd ocr=0xc1ff8000
[  9.309156 0:10 sdmmc_protocol::sdio::init::state_machine::identify:340] sdio: CSD capacity_blocks=Some(124735488)
[  9.309612 0:10 sdmmc_protocol::sdio::init::state_machine::identify:354] sdio: switch SD bus width to 4-bit
[  9.310499 0:10 sdmmc_protocol::sdio::init::state_machine:63] sdio: submit bus op SetBusWidth(Bit4)
[  9.311178 0:10 sdmmc_protocol::sdio::init::state_machine:63] sdio: submit bus op SetClock(Default)
[  9.315124 0:10 sdmmc_protocol::sdio::init::state_machine::sd:185] sdio: SD speed selected HighSpeed
[  9.315435 0:10 sdmmc_protocol::sdio::init::state_machine:237] sdio: init done kind=Sd sd_v2=true high_capacity=true rca=0xaaaa ocr=0xc1ff8000 host_bus_width=Bit4 ext_csd_bus_width=None ext_csd_timing=None
[  9.315520 0:10 sdmmc_protocol::rdif::queue:172] sdmmc block init complete: kind=Sd high_capacity=true rca=43690 capacity_blocks=124735488 cache_enabled=false
[  9.318184 0:2 ax_fs_ng::root:349]     partition 1 name=None fs=None lba 2048..133120
[  9.319570 0:2 ax_fs_ng::root:349]     partition 2 name=None fs=Some(Ext4) lba 133120..4331520
[  9.319621 0:2 ax_fs_ng::root:365]   block device 0 (cvsd) has Mbr partition table with 2 partitions
[  9.320142 0:2 ax_fs_ng::root:475]   matched root by device path on disk0 partition 2 (<unnamed>, fs=ext4, lba 133120..4331520)
[  9.320210 0:2 ax_fs_ng:95] Initialize filesystem subsystem...
[  9.320233 0:2 ax_fs_ng:96]   selected root device: disk0 partition 2 (<unnamed>, fs=ext4, lba 133120..4331520)
[  9.382279 0:2 rsext4::ext4::mount:344] /lost+found exists (path resolution, repaired hint inode=11)
[  9.385800 0:2 rsext4::ext4::mount:466] Ext4 filesystem mounted
[  9.385832 0:2 rsext4::ext4::mount:467]   - block size: 4096 bytes
[  9.385855 0:2 rsext4::ext4::mount:468]   - total blocks: 524288
[  9.385877 0:2 rsext4::ext4::mount:469]   - free blocks: 78336
[  9.385899 0:2 rsext4::ext4::mount:470]   - total inodes: 131072
[  9.385920 0:2 rsext4::ext4::mount:471]   - free inodes: 125265
[  9.385942 0:2 rsext4::ext4::sync:13] Syncing filesystem...
[  9.430564 0:2 rsext4::ext4::mount:550] Ext4 filesystem mounted
[  9.430648 0:2 ax_fs_ng:108]   filesystem type: "ext4"
[  9.471859 0:2 ax_runtime:355] Primary CPU 0 init OK.
[  9.472167 0:2 ax_fs_ng::block::runtime::lifecycle::device:409] block device cvsd online with 1 hctxs across 1 CPUs
[  9.474512 0:2 ax_runtime::irq:193] registered wlan0-g0-s0 IRQ IrqId { domain: IrqDomainId(7), hwirq: HwIrq(38) } on fixed CPU 0
[  9.474658 0:11 aic8800::fw:112] [aic8800] firmware_init: chip=Aic8800D80
[  9.479904 0:11 aic8800::fw:84] [aic8800] V3 SDIO ready (sleep_reg=0x10)
[  9.945754 0:11 aic8800::fw::firmware::upload:59] [aic8800] Firmware uploaded (337184 bytes)
[  9.987323 0:11 aic8800::fw::firmware::upload:206] [aic8800] AIC8800D80 firmware init done
[  9.987381 0:11 aic8800::fw:174] [aic8800] Firmware init complete
[  9.987407 0:11 aic8800::fdrv::net::device:188] [aic8800] firmware loaded on queue owner CPU
[ 10.192658 0:11 aic8800::fdrv::core::init:148] [fdrv] flow_ctrl OK, reg=0x03, val=127 (raw=0x7f)
[ 10.245495 0:11 aic8800::fdrv::wifi::api:360] [WifiClient] === start_ap_open START ===
[ 11.348934 0:11 aic8800::fdrv::wifi::api:379] [WifiClient] AP interface added: vif_idx=0, mac=[38, 7a, cc, 9b, 2c, c8]
[ 11.350165 0:11 aic8800::fdrv::wifi::api:401] [WifiClient] Starting AP (beacon + APM_START)...
[ 11.350262 0:11 aic8800::fdrv::protocol::apm:206] [apm] start_open_ap: ssid="PicoClaw-Car", ch=6, beacon_len=69, tim_oft=63
[ 11.350320 0:11 aic8800::fdrv::protocol::apm:95] [apm] APM_SET_BEACON_IE_REQ: vif_idx=0, bcn_len=69
[ 11.350819 0:11 aic8800::fdrv::protocol::apm:177] [apm] APM_START_REQ: vif_idx=0, ch=6, freq=2437, bcn_len=69, tim_oft=63, tim_len=6
[ 11.648879 0:11 aic8800::fdrv::wifi::api:409] [WifiClient] === APM_START_CFM received! status=0, cfm=[00, 00, 00, 20] ===
[ 11.648940 0:11 aic8800::fdrv::wifi::api:415] [WifiClient] *** AP STARTED — SSID broadcasting ***
Welcome to Starry OS!
[ 11.698205 0:2 ax_net:248] Initialize network subsystem...
USER=root
[ 11.699085 0:2 ax_net:270]   use NIC 0: "wlan0"
HOSTNAME=starry
[ 11.699955 0:2 ax_net:309]   Wi-Fi control for eth0 is owned by CPU 0
SHLVL=1
[ 11.700088 0:2 ax_net:333]   mode: static
HOME=/root
[ 11.700111 0:2 ax_net:334]   ip:   192.168.50.1/24
TERM=xterm-256color
[ 11.798325 0:2 ax_tracepoint:370] tracepoint_data_len: 6
PATH=/usr/local/sbin:/usr/local/bin:/usr/sbin:/usr/bin:/sbin:/bin
[ 11.798517 0:2 ax_tracepoint:389] tracepoint registered: syscalls:sys_mkdirat
PWD=/
Initialized 6 tracepoints

[ 11.799812 0:2 starry_kernel::pseudofs::dev::tty::serial:244] ttyS2 registered: path=/serial@04160000, alias=Some(2), paddr=0x4160000, irq=Some(Source(FdtInterrupt(FdtIrqSpec { controller: 116, cells: [46, 4] })))
Use apk to install packages.
[ 11.948382 0:2 starry_kernel::pseudofs::usbfs:55] usbfs: initializing manager

[ 11.949291 0:2 starry_kernel::pseudofs:80] Mounted tmpfs at /tmp
[ 12.050178 0:2 starry_kernel::pseudofs:80] Mounted sysfs at /sys
[ 12.051283 0:2 starry_kernel::pseudofs:80] Mounted debug at /sys/kernel/debug
[ 16.562867 0:22 starry_kernel::task::ops:348] Task(22, "busybox") exit with code: 0
[ 17.068964 0:23 starry_kernel::task::ops:348] Task(23, "busybox") exit with code: 256
[ 17.134007 0:23 starry_kernel::task::signal:647] Send signal SIGCHLD to process 1
[ 23.035889 0:11 aic8800::fdrv::protocol::apm:280] [apm] ME_STA_ADD_CFM: sta_idx=0 status=0
[ 24.738300 0:21 starry_kernel::syscall::task::wait:360] sys_waitpid <= pid: -1, options: WaitPidOptions(0x0)
[ 32.648909 0:26 starry_kernel::task::ops:348] Task(26, "busybox") exit with code: 0
[ 32.713423 0:26 starry_kernel::task::signal:647] Send signal SIGCHLD to process 1
[ 32.758309 0:21 starry_kernel::syscall::task::wait:360] sys_waitpid <= pid: -1, options: WaitPidOptions(0x0)
root@starry:/root # [ 32.758666 0:21 starry_kernel::syscall::task::wait:360] sys_waitpid <= pid: -1, options: WaitPidOptions(WNOHANG)

[ 32.771021 0:21 starry_kernel::syscall::task::wait:360] sys_waitpid <= pid: -1, options: WaitPidOptions(0x0)
root@starry:/root # [ 32.818056 0:27 starry_kernel::task::user:71] Enter user space: ip=0x6013d7ae, sp=0x3ffffeb80

[ 36.358893 0:27 starry_kernel::task::ops:348] Task(27, "busybox") exit with code: 0
root@starry:/root # [ 36.423484 0:27 starry_kernel::task::signal:647] Send signal SIGCHLD to process 1
[ 36.468305 0:21 starry_kernel::syscall::task::wait:360] sys_waitpid <= pid: -1, options: WaitPidOptions(0x0)
[ 36.468664 0:21 starry_kernel::syscall::task::wait:360] sys_waitpid <= pid: -1, options: WaitPidOptions(WNOHANG)
[ 36.481147 0:21 starry_kernel::syscall::task::wait:360] sys_waitpid <= pid: -1, options: WaitPidOptions(0x0)
[ 36.528052 0:28 starry_kernel::task::user:71] Enter user space: ip=0x6013d7ae, sp=0x3ffffe960
[ 40.068901 0:28 starry_kernel::task::ops:348] Task(28, "busybox") exit with code: 0
[ 40.133665 0:28 starry_kernel::task::signal:647] Send signal SIGCHLD to process 1
[ 40.178299 0:21 starry_kernel::syscall::task::wait:360] sys_waitpid <= pid: -1, options: WaitPidOptions(0x0)
[ 40.178657 0:21 starry_kernel::syscall::task::wait:360] sys_waitpid <= pid: -1, options: WaitPidOptions(WNOHANG)
[ 40.191003 0:21 starry_kernel::syscall::task::wait:360] sys_waitpid <= pid: -1, options: WaitPidOptions(0x0)
[ 40.238063 0:29 starry_kernel::task::user:71] Enter user space: ip=0x6013d7ae, sp=0x3ffffe960
[ 43.778945 0:29 starry_kernel::task::ops:348] Task(29, "busybox") exit with code: 0
[ 43.843559 0:29 starry_kernel::task::signal:647] Send signal SIGCHLD to process 1
[ 43.888304 0:21 starry_kernel::syscall::task::wait:360] sys_waitpid <= pid: -1, options: WaitPidOptions(0x0)
[ 43.888662 0:21 starry_kernel::syscall::task::wait:360] sys_waitpid <= pid: -1, options: WaitPidOptions(WNOHANG)
[ 43.901060 0:21 starry_kernel::syscall::task::wait:360] sys_waitpid <= pid: -1, options: WaitPidOptions(0x0)
[ 43.948051 0:30 starry_kernel::task::user:71] Enter user space: ip=0x6013d7ae, sp=0x3ffffe960
[ 47.488922 0:30 starry_kernel::task::ops:348] Task(30, "busybox") exit with code: 0
[ 47.553480 0:30 starry_kernel::task::signal:647] Send signal SIGCHLD to process 1
[ 47.598296 0:21 starry_kernel::syscall::task::wait:360] sys_waitpid <= pid: -1, options: WaitPidOptions(0x0)
[ 47.598654 0:21 starry_kernel::syscall::task::wait:360] sys_waitpid <= pid: -1, options: WaitPidOptions(WNOHANG)
[ 47.610929 0:21 starry_kernel::syscall::task::wait:360] sys_waitpid <= pid: -1, options: WaitPidOptions(0x0)
[ 47.658056 0:31 starry_kernel::task::user:71] Enter user space: ip=0x6013d7ae, sp=0x3ffffe960
[ 51.198919 0:31 starry_kernel::task::ops:348] Task(31, "busybox") exit with code: 0
[ 51.263505 0:31 starry_kernel::task::signal:647] Send signal SIGCHLD to process 1
[ 51.308299 0:21 starry_kernel::syscall::task::wait:360] sys_waitpid <= pid: -1, options: WaitPidOptions(0x0)
[ 51.308657 0:21 starry_kernel::syscall::task::wait:360] sys_waitpid <= pid: -1, options: WaitPidOptions(WNOHANG)
[ 51.321020 0:21 starry_kernel::syscall::task::wait:360] sys_waitpid <= pid: -1, options: WaitPidOptions(0x0)
[ 51.368053 0:32 starry_kernel::task::user:71] Enter user space: ip=0x6013d7ae, sp=0x3ffffe960
[ 54.908907 0:32 starry_kernel::task::ops:348] Task(32, "busybox") exit with code: 0
[ 54.973510 0:32 starry_kernel::task::signal:647] Send signal SIGCHLD to process 1
[ 55.018296 0:21 starry_kernel::syscall::task::wait:360] sys_waitpid <= pid: -1, options: WaitPidOptions(0x0)
[ 55.018656 0:21 starry_kernel::syscall::task::wait:360] sys_waitpid <= pid: -1, options: WaitPidOptions(WNOHANG)
[ 55.031009 0:21 starry_kernel::syscall::task::wait:360] sys_waitpid <= pid: -1, options: WaitPidOptions(0x0)
[ 55.078053 0:33 starry_kernel::task::user:71] Enter user space: ip=0x6013d7ae, sp=0x3ffffe960
[ 58.618928 0:33 starry_kernel::task::ops:348] Task(33, "busybox") exit with code: 0
[ 58.683572 0:33 starry_kernel::task::signal:647] Send signal SIGCHLD to process 1
[ 58.728298 0:21 starry_kernel::syscall::task::wait:360] sys_waitpid <= pid: -1, options: WaitPidOptions(0x0)
[ 58.728657 0:21 starry_kernel::syscall::task::wait:360] sys_waitpid <= pid: -1, options: WaitPidOptions(WNOHANG)
[ 58.740968 0:21 starry_kernel::syscall::task::wait:360] sys_waitpid <= pid: -1, options: WaitPidOptions(0x0)
[ 58.788059 0:34 starry_kernel::task::user:71] Enter user space: ip=0x6013d7ae, sp=0x3ffffe960
[ 62.328913 0:34 starry_kernel::task::ops:348] Task(34, "busybox") exit with code: 0
[ 62.393747 0:34 starry_kernel::task::signal:647] Send signal SIGCHLD to process 1
[ 62.438313 0:21 starry_kernel::syscall::task::wait:360] sys_waitpid <= pid: -1, options: WaitPidOptions(0x0)
[ 62.438670 0:21 starry_kernel::syscall::task::wait:360] sys_waitpid <= pid: -1, options: WaitPidOptions(WNOHANG)
[ 62.450939 0:21 starry_kernel::syscall::task::wait:360] sys_waitpid <= pid: -1, options: WaitPidOptions(0x0)
[ 62.498065 0:35 starry_kernel::task::user:71] Enter user space: ip=0x6013d7ae, sp=0x3ffffe960
[ 66.038922 0:35 starry_kernel::task::ops:348] Task(35, "busybox") exit with code: 0
[ 66.103594 0:35 starry_kernel::task::signal:647] Send signal SIGCHLD to process 1
[ 66.148297 0:21 starry_kernel::syscall::task::wait:360] sys_waitpid <= pid: -1, options: WaitPidOptions(0x0)
[ 66.148654 0:21 starry_kernel::syscall::task::wait:360] sys_waitpid <= pid: -1, options: WaitPidOptions(WNOHANG)
[ 66.308994 0:21 starry_kernel::syscall::task::wait:360] sys_waitpid <= pid: -1, options: WaitPidOptions(0x0)
[ 66.358053 0:36 starry_kernel::task::user:71] Enter user space: ip=0x6013d7ae, sp=0x3ffffed40
[ 66.398988 0:36 starry_kernel::task::ops:348] Task(36, "busybox") exit with code: 0
[ 66.463460 0:36 starry_kernel::task::signal:647] Send signal SIGCHLD to process 1
[ 66.508298 0:21 starry_kernel::syscall::task::wait:360] sys_waitpid <= pid: -1, options: WaitPidOptions(0x0)
[ 66.508686 0:21 starry_kernel::syscall::task::wait:360] sys_waitpid <= pid: -1, options: WaitPidOptions(WNOHANG)

root@starry:/root #
root@starry:/root #