root@starry:/root # iperf3 -s 1
-----------------------------------------------------------
Server listening on 5201 (test #1)
-----------------------------------------------------------
Accepted connection from 192.168.50.2, port 52900
[  5] local 192.168.50.1 port 5201 connected to 192.168.50.2 port 52898
[ ID] Interval           Transfer     Bitrate         Retr  Cwnd
[  5]   0.00-1.00   sec  1.12 MBytes  9.43 Mbits/sec    0   0.00 Bytes
[  5]   1.00-2.00   sec  1.25 MBytes  10.5 Mbits/sec    0   0.00 Bytes
[  5]   2.00-3.00   sec  1.12 MBytes  9.44 Mbits/sec    0   0.00 Bytes
[  5]   3.00-4.00   sec  1.25 MBytes  10.5 Mbits/sec    0   0.00 Bytes
[  5]   4.00-5.00   sec  1.25 MBytes  10.5 Mbits/sec    0   0.00 Bytes
[  5]   5.00-6.00   sec  1.00 MBytes  8.39 Mbits/sec    0   0.00 Bytes
[  5]   6.00-7.00   sec  1.12 MBytes  9.43 Mbits/sec    0   0.00 Bytes
[  5]   7.00-8.00   sec  1.25 MBytes  10.5 Mbits/sec    0   0.00 Bytes
[  5]   8.00-9.00   sec  1.25 MBytes  10.5 Mbits/sec    0   0.00 Bytes
[  5]   9.00-10.00  sec  1.12 MBytes  9.44 Mbits/sec    0   0.00 Bytes
[  5]  10.00-10.02  sec   128 KBytes  58.8 Mbits/sec    0   0.00 Bytes
- - - - - - - - - - - - - - - - - - - - - - - - -
[ ID] Interval           Transfer     Bitrate         Retr
[  5]   0.00-10.02  sec  11.9 MBytes  9.94 Mbits/sec    0            sender
-----------------------------------------------------------
Server listening on 5201 (test #2)
-----------------------------------------------------------
Accepted connection from 192.168.50.2, port 52878
[  5] local 192.168.50.1 port 5201 connected to 192.168.50.2 port 52884
[ ID] Interval           Transfer     Bitrate
[  5]   0.00-1.00   sec  1.25 MBytes  10.5 Mbits/sec
[  5]   1.00-2.00   sec  1.38 MBytes  11.5 Mbits/sec
[  5]   2.00-3.00   sec  1.38 MBytes  11.5 Mbits/sec
[  5]   3.00-4.00   sec  1.25 MBytes  10.5 Mbits/sec
[  5]   4.00-5.00   sec  1.25 MBytes  10.5 Mbits/sec
[  5]   5.00-6.00   sec  1.25 MBytes  10.5 Mbits/sec
[  5]   6.00-7.00   sec  1.38 MBytes  11.5 Mbits/sec
[  5]   7.00-8.00   sec  1.25 MBytes  10.5 Mbits/sec
[  5]   8.00-9.00   sec  1.38 MBytes  11.5 Mbits/sec
[  5]   9.00-9.94   sec  1.25 MBytes  11.2 Mbits/sec
- - - - - - - - - - - - - - - - - - - - - - - - -
[ ID] Interval           Transfer     Bitrate
[  5]   0.00-9.94   sec  13.0 MBytes  11.0 Mbits/sec                  receiver
-----------------------------------------------------------
Server listening on 5201 (test #3)
-----------------------------------------------------------
Accepted connection from 192.168.50.2, port 52902
[  5] local 192.168.50.1 port 5201 connected to 192.168.50.2 port 52906
[  8] local 192.168.50.1 port 5201 connected to 192.168.50.2 port 52820
[ ID][Role] Interval           Transfer     Bitrate         Retr  Cwnd
[  5][RX-S]   0.00-1.00   sec   512 KBytes  4.19 Mbits/sec
[  8][TX-S]   0.00-1.00   sec   640 KBytes  5.24 Mbits/sec    0   0.00 Bytes
[  5][RX-S]   1.00-2.00   sec   640 KBytes  5.24 Mbits/sec
[  8][TX-S]   1.00-2.00   sec   640 KBytes  5.24 Mbits/sec    0   0.00 Bytes
[  5][RX-S]   2.00-3.00   sec   640 KBytes  5.24 Mbits/sec
[  8][TX-S]   2.00-3.00   sec   768 KBytes  6.29 Mbits/sec    0   0.00 Bytes
[  5][RX-S]   3.00-4.00   sec   640 KBytes  5.24 Mbits/sec
[  8][TX-S]   3.00-4.00   sec   640 KBytes  5.24 Mbits/sec    0   0.00 Bytes
[  5][RX-S]   4.00-5.00   sec   768 KBytes  6.29 Mbits/sec
[  8][TX-S]   4.00-5.00   sec   640 KBytes  5.24 Mbits/sec    0   0.00 Bytes
[  5][RX-S]   5.00-6.00   sec   640 KBytes  5.24 Mbits/sec
[  8][TX-S]   5.00-6.00   sec   640 KBytes  5.24 Mbits/sec    0   0.00 Bytes
[  5][RX-S]   6.00-7.00   sec   640 KBytes  5.25 Mbits/sec
[  8][TX-S]   6.00-7.00   sec   768 KBytes  6.30 Mbits/sec    0   0.00 Bytes
[  5][RX-S]   7.00-8.00   sec   640 KBytes  5.24 Mbits/sec
[  8][TX-S]   7.00-8.00   sec   640 KBytes  5.24 Mbits/sec    0   0.00 Bytes
[  5][RX-S]   8.00-9.00   sec   640 KBytes  5.24 Mbits/sec
[  8][TX-S]   8.00-9.00   sec   640 KBytes  5.24 Mbits/sec    0   0.00 Bytes
[  5][RX-S]   9.00-9.96   sec   640 KBytes  5.49 Mbits/sec
[  8][TX-S]   9.00-9.96   sec   640 KBytes  5.49 Mbits/sec    0   0.00 Bytes
- - - - - - - - - - - - - - - - - - - - - - - - -
[ ID][Role] Interval           Transfer     Bitrate         Retr
[  5][RX-S]   0.00-9.96   sec  6.25 MBytes  5.27 Mbits/sec                  receiver
[  8][TX-S]   0.00-9.96   sec  6.50 MBytes  5.48 Mbits/sec    0            sender
