-----------------------------------------------------------
Server listening on 5201 (test #1)
-----------------------------------------------------------
Accepted connection from 192.168.50.2, port 59442
[  5] local 192.168.50.1 port 5201 connected to 192.168.50.2 port 59444
[ 61.852225 0:43 starry_kernel::task::user:25] Enter user space: ip=0x601524d0, sp=0x428af0
[ ID] Interval           Transfer     Bitrate
[  5]   0.00-1.00   sec  1.25 MBytes  10.5 Mbits/sec
[  5]   1.00-2.00   sec  1.38 MBytes  11.5 Mbits/sec
[  5]   2.00-3.00   sec  1.25 MBytes  10.5 Mbits/sec
[  5]   3.00-4.00   sec  1.25 MBytes  10.5 Mbits/sec
[  5]   4.00-5.00   sec  1.25 MBytes  10.5 Mbits/sec
[  5]   5.00-6.00   sec  1.38 MBytes  11.5 Mbits/sec
[  5]   6.00-7.00   sec  1.25 MBytes  10.5 Mbits/sec
[  5]   7.00-8.00   sec  1.25 MBytes  10.5 Mbits/sec
[  5]   8.00-9.00   sec  1.12 MBytes  9.44 Mbits/sec
[  5]   9.00-9.96   sec  1.12 MBytes  9.87 Mbits/sec
- - - - - - - - - - - - - - - - - - - - - - - - -
[ ID] Interval           Transfer     Bitrate
[  5]   0.00-9.96   sec  12.5 MBytes  10.5 Mbits/sec                  receiver
[ 71.811394 0:43 starry_kernel::task::ops:398] Task(43, "iperf3") exit with code: 0
-----------------------------------------------------------
Server listening on 5201 (test #2)
-----------------------------------------------------------
[ 80.143079 0:15 ax_net::device::ethernet:485] wlan0: ARP 192.168.50.2 -> 90-de-80-92-bc-cd
Accepted connection from 192.168.50.2, port 59484
[  5] local 192.168.50.1 port 5201 connected to 192.168.50.2 port 59500
[ 81.811480 0:44 starry_kernel::task::user:25] Enter user space: ip=0x601524d0, sp=0x428af0
[ ID] Interval           Transfer     Bitrate         Retr  Cwnd
[  5]   0.00-1.05   sec  0.00 Bytes  0.00 bits/sec    0   0.00 Bytes
[  5]   1.05-2.05   sec  0.00 Bytes  0.00 bits/sec    0   0.00 Bytes
[  5]   2.05-3.05   sec  0.00 Bytes  0.00 bits/sec    0   0.00 Bytes
[  5]   3.05-4.01   sec  0.00 Bytes  0.00 bits/sec    0   0.00 Bytes
[  5]   4.01-5.01   sec  0.00 Bytes  0.00 bits/sec    0   0.00 Bytes
[  5]   5.01-6.01   sec  0.00 Bytes  0.00 bits/sec    0   0.00 Bytes
[  5]   6.01-7.01   sec  0.00 Bytes  0.00 bits/sec    0   0.00 Bytes
[  5]   7.01-8.01   sec   128 KBytes  1.05 Mbits/sec    0   0.00 Bytes
[  5]   8.01-9.01   sec  0.00 Bytes  0.00 bits/sec    0   0.00 Bytes
[  5]   9.01-10.01  sec  0.00 Bytes  0.00 bits/sec    0   0.00 Bytes
[  5]  10.01-11.01  sec  0.00 Bytes  0.00 bits/sec    0   0.00 Bytes
[  5]  11.01-11.27  sec   128 KBytes  4.06 Mbits/sec    0   0.00 Bytes
- - - - - - - - - - - - - - - - - - - - - - - - -
[ ID] Interval           Transfer     Bitrate         Retr
[  5]   0.00-11.27  sec   256 KBytes   186 Kbits/sec    0            sender
[ 96.750575 0:44 starry_kernel::task::ops:398] Task(44, "iperf3") exit with code: 0
-----------------------------------------------------------
Server listening on 5201 (test #3)
-----------------------------------------------------------
