root@starry:/root # ip addr
[ 35.105267 0:25 starry_kernel::syscall::task::wait:244] sys_waitpid <= pid: -1, options: WaitPidOptions(WUNTRACED)
[ 35.105434 0:41 starry_kernel::task::user:25] Enter user space: ip=0x6013d7ae, sp=0x3fffff570
1: lo: <LOOPBACK,UP,LOWER_UP> mtu 1500 qdisc noqueue state UP qlen 1000
    link/loopback 00:00:00:00:00:00 brd 00:00:00:00:00:00
    inet 127.0.0.1/8 scope host dynamic lo
2: wlan0: <BROADCAST,MULTICAST,UP,LOWER_UP> mtu 1500 qdisc mq state UP qlen 1000
    link/ether 38:7a:cc:9b:2c:c8 brd ff:ff:ff:ff:ff:ff
    inet 192.168.50.1/24 brd 192.168.50.255 scope global dynamic wlan0
[ 35.131037 0:41 starry_kernel::task::ops:398] Task(41, "busybox") exit with code: 0
[ 35.134831 0:41 starry_kernel::task::signal:570] Send signal SIGCHLD to process 1
[ 35.135283 0:25 starry_kernel::syscall::task::wait:244] sys_waitpid <= pid: -1, options: WaitPidOptions(WUNTRACED)
[ 35.135421 0:25 starry_kernel::syscall::task::wait:244] sys_waitpid <= pid: -1, options: WaitPidOptions(WNOHANG | WUNTRACED)
root@starry:/root # iperf3 -s 1
[ 47.831642 0:25 starry_kernel::syscall::task::wait:244] sys_waitpid <= pid: -1, options: WaitPidOptions(WUNTRACED)
[ 47.831823 0:42 starry_kernel::task::user:25] Enter user space: ip=0x6013d7ae, sp=0x3fffff570
-----------------------------------------------------------
Server listening on 5201 (test #1)
-----------------------------------------------------------
Accepted connection from 192.168.50.2, port 62190
[  5] local 192.168.50.1 port 5201 connected to 192.168.50.2 port 62202
[ 50.047002 0:43 starry_kernel::task::user:25] Enter user space: ip=0x601524d0, sp=0x428af0
[ ID] Interval           Transfer     Bitrate
[  5]   0.00-1.00   sec  1.38 MBytes  11.5 Mbits/sec
[  5]   1.00-2.00   sec  1.50 MBytes  12.6 Mbits/sec
[  5]   2.00-3.00   sec  1.50 MBytes  12.6 Mbits/sec
[  5]   3.00-4.00   sec  1.50 MBytes  12.6 Mbits/sec
[ 54.816083 0:15 ax_net::device::ethernet:485] wlan0: ARP 192.168.50.2 -> 90-de-80-92-bc-cd
[  5]   4.00-5.00   sec  1.38 MBytes  11.5 Mbits/sec
[  5]   5.00-6.00   sec  1.50 MBytes  12.6 Mbits/sec
[  5]   6.00-7.00   sec  1.50 MBytes  12.6 Mbits/sec
[  5]   7.00-8.00   sec  1.38 MBytes  11.5 Mbits/sec
[  5]   8.00-9.00   sec  1.50 MBytes  12.6 Mbits/sec
[  5]   9.00-10.00  sec  1.50 MBytes  12.6 Mbits/sec
[  5]  10.00-10.05  sec   128 KBytes  22.7 Mbits/sec
- - - - - - - - - - - - - - - - - - - - - - - - -
[ ID] Interval           Transfer     Bitrate
[  5]   0.00-10.05  sec  14.8 MBytes  12.3 Mbits/sec                  receiver
[ 60.097130 0:43 starry_kernel::task::ops:398] Task(43, "iperf3") exit with code: 0
-----------------------------------------------------------
Server listening on 5201 (test #2)
-----------------------------------------------------------
Accepted connection from 192.168.50.2, port 62136
[  5] local 192.168.50.1 port 5201 connected to 192.168.50.2 port 62142
[ 64.137198 0:44 starry_kernel::task::user:25] Enter user space: ip=0x601524d0, sp=0x428af0
[ ID] Interval           Transfer     Bitrate         Retr  Cwnd
[  5]   0.00-1.00   sec  1.25 MBytes  10.5 Mbits/sec    0   0.00 Bytes
[  5]   1.00-2.00   sec  1.38 MBytes  11.5 Mbits/sec    0   0.00 Bytes
[  5]   2.00-3.00   sec  1.25 MBytes  10.5 Mbits/sec    0   0.00 Bytes
[  5]   3.00-4.00   sec  1.38 MBytes  11.5 Mbits/sec    0   0.00 Bytes
[  5]   4.00-5.00   sec  1.25 MBytes  10.5 Mbits/sec    0   0.00 Bytes
[  5]   5.00-6.00   sec  1.38 MBytes  11.5 Mbits/sec    0   0.00 Bytes
[  5]   6.00-7.00   sec  1.25 MBytes  10.5 Mbits/sec    0   0.00 Bytes
[  5]   7.00-8.00   sec  1.25 MBytes  10.5 Mbits/sec    0   0.00 Bytes
[  5]   8.00-9.00   sec  1.38 MBytes  11.5 Mbits/sec    0   0.00 Bytes
[  5]   9.00-10.00  sec  1.38 MBytes  11.5 Mbits/sec    0   0.00 Bytes
- - - - - - - - - - - - - - - - - - - - - - - - -
[ ID] Interval           Transfer     Bitrate         Retr
[  5]   0.00-10.02  sec  13.1 MBytes  11.0 Mbits/sec    0            sender
[ 74.231803 0:44 starry_kernel::task::ops:398] Task(44, "iperf3") exit with code: 0
-----------------------------------------------------------
Server listening on 5201 (test #3)
-----------------------------------------------------------

