U-Boot 2021.10 (Jan 22 2026 - 14:08:22 +0800) soph

DRAM:  254 MiB
gd->relocaddr=0x88a33000. offset=0x8833000
MMC:   cv-sd@4310000: 0, wifi-sd@4320000: 1
Loading Environment from nowhere... OK
In:    serial
Out:   serial
Err:   serial
Net:
Warning: ethernet@4070000 (eth0) using random MAC address - ca:54:39:71:8a:b0
eth0: ethernet@4070000
Hit any key to stop autoboot:  0
Device: cv-sd@4310000
Manufacturer ID: 3
OEM: 5344
Name: SK64G
Bus Speed: 25000000
Mode: SD High Speed (50MHz)
Rd Block Len: 512
SD version 3.0
High Capacity: Yes
Capacity: 59.5 GiB
Bus Width: 4-bit
Erase Group Size: 512 Bytes
** Unable to read file uEnv.txt **
Failed to load 'uEnv.txt'
cvi_vo_probe: Warning: cannot get power GPIO: ret=-2
** Unable to read file board **
Failed to load 'board'
Failed to load file: board
Init panel zct2133v1-800x1280
dm_gpio_set_value(disp_power_ct_gpio, deassert) failed: -2switch to partitions #0, OK
mmc0 is current device
** Unable to read file logo.jpeg **
Failed to load 'logo.jpeg'

start jpeg dec task!, bs_addr 0000000084080000, yuv_addr 0000000088d30000, size 524288
[ERR] JpegDecodeHeader = 1307, DONE_DEC_HEADER
[ERR] JpegDecodeHeader = 1439, fail
[ERR] JPU_DecGetInitialInfo = 209, JpegDecodeHeader
jpeg_decode_helper = 251, JPU_DecGetInitialInfo failed Error code is 0x1, inst=0
Boot from SD dev 0 ...
switch to partitions #0, OK
mmc0 is current device
17502104 bytes read in 1573 ms (10.6 MiB/s)
## Loading kernel from FIT Image at 81800000 ...
   Using 'config-sg2002_licheervnano_sd' configuration
   Trying 'kernel-1' kernel subimage
     Description:  StarryOS kernel
     Type:         Kernel Image
     Compression:  uncompressed
     Data Start:   0x818000d4
     Data Size:    14950304 Bytes = 14.3 MiB
     Architecture: RISC-V
     OS:           Linux
     Load Address: 0x80200000
     Entry Point:  0x80200000
     Hash algo:    crc32
     Hash value:   af5454bc
   Verifying Hash Integrity ... crc32+ OK
## Loading ramdisk from FIT Image at 81800000 ...
   Using 'config-sg2002_licheervnano_sd' configuration
   Trying 'ramdisk-1' ramdisk subimage
     Description:  cvitek ramdisk
     Type:         RAMDisk Image
     Compression:  uncompressed
     Data Start:   0x82642154
     Data Size:    2527648 Bytes = 2.4 MiB
     Architecture: RISC-V
     OS:           Linux
     Load Address: unavailable
     Entry Point:  unavailable
     Hash algo:    crc32
     Hash value:   1330f105
   Verifying Hash Integrity ... crc32+ OK
## Loading fdt from FIT Image at 81800000 ...
   Using 'config-sg2002_licheervnano_sd' configuration
   Trying 'fdt-sg2002_licheervnano_sd' fdt subimage
     Description:  cvitek device tree - sg2002_licheervnano_sd
     Type:         Flat Device Tree
     Compression:  uncompressed
     Data Start:   0x828ab3e0
     Data Size:    22679 Bytes = 22.1 KiB
     Architecture: RISC-V
     Hash algo:    sha256
     Hash value:   8d71cc1298be070dc0e7c229efe5930243511d099456b21cff87d3a945de0596
   Verifying Hash Integrity ... sha256+ OK
   Booting using the fdt blob at 0x828ab3e0
   Loading Kernel Image
   Decompressing 14950304 bytes used 19ms
   Loading Ramdisk to 87e81000, end 880ea1a0 ... OK
ERROR: reserving fdt memory region failed (addr=80000000 size=40000 flags=0)
   Loading Device Tree to 0000000087e78000, end 0000000087e80896 ... OK

Starting kernel ...

RISC-V64 SBI kernel entry.
root=/dev/mmcblk0p2 rootwait rw console=ttyS0,115200 earlycon=sbi riscv.fwsz=0x80000 release loglevel=0
VM Load @PA:0x80200000
VM Load Offset: 0x100200000
Memory Map:
  Rsv    0x00000080000000 - 0x00000080080000 (512 KiB)
  Free   0x00000080080000 - 0x00000080200000 (1.5 MiB)
  KImg   0x00000080200000 - 0x00000081200000 (16 MiB)
  Free   0x00000081200000 - 0x00000087e81000 (108.5 MiB)
  Rsv    0x00000087e81000 - 0x000000880eb000 (2.41 MiB)
  Free   0x000000880eb000 - 0x0000008fe00000 (125.08 MiB)
Initialize RAM allocator: 0x81200000..0x87e81000
Reserving CPU-local areas
CPU-local area stride: 0x41000 bytes
Total CPU-local allocation: 0x41000 bytes (1 CPUs)
Flushed RAM used range to memory map: 0x81200000..0x81207000, current: 0x81207000
Flushed RAM used range to memory map: 0x81207000..0x81248000, current: 0x81248000
CPU-local areas allocated at 0x81207000 - 0x81248000
Mapping early memory regions...
Ram                 : [0x0000000080000000, 0x000000008fe00000) -> [0x0000000080000000, 0x000000008fe00000) (254 MiB)
Ram                 : [0xffffffc080000000, 0xffffffc08fe00000) -> [0x0000000080000000, 0x000000008fe00000) (254 MiB)
KImage              : [0xffffffff80000000, 0xffffffff81000000) -> [0x0000000080200000, 0x0000000081200000) (16 MiB)
PerCpu              : [0xffffffe081207000, 0xffffffe081248000) -> [0x0000000081207000, 0x0000000081248000) (260 KiB)
Boot page table at physical address: 0x81248000
MMU Entry point at physical address: 0x804fb3c8
Enabling MMU...
MMU enabled, jumping to 0xffffffff802fb3c8, sp=0xffffffe081248000
Trap vector at 0xffffffff802f6e3c
Memory Map:
  Rsv    0x00000080000000 - 0x00000080080000 (512 KiB)
  Free   0x00000080080000 - 0x00000080200000 (1.5 MiB)
  KImg   0x00000080200000 - 0x00000081200000 (16 MiB)
  Rsv    0x00000081200000 - 0x00000081207000 (28 KiB)
  PerCPU 0x00000081207000 - 0x00000081248000 (260 KiB)
  Rsv    0x00000081248000 - 0x00000081354000 (1.05 MiB)
  Free   0x00000081354000 - 0x00000087e81000 (107.18 MiB)
  Rsv    0x00000087e81000 - 0x000000880eb000 (2.41 MiB)
  Free   0x000000880eb000 - 0x0000008fe00000 (125.08 MiB)
Jumping to main entry point at 0xffffffff802ea544 with SP 0xffffffe081248000

       d8888                            .d88888b.   .d8888b.
      d88888                           d88P" "Y88b d88P  Y88b
     d88P888                           888     888 Y88b.
    d88P 888 888d888  .d8888b  .d88b.  888     888  "Y888b.
   d88P  888 888P"   d88P"    d8P  Y8b 888     888     "Y88b.
  d88P   888 888     888      88888888 888     888       "888
 d8888888888 888     Y88b.    Y8b.     Y88b. .d88P Y88b  d88P
d88P     888 888      "Y8888P  "Y8888   "Y88888P"   "Y8888P"

arch = riscv64
platform = LicheeRv Nano
target = riscv64gc-unknown-none-elf
build_mode =
log_level = info
backtrace = false
smp = 1

[  5.130075 0 ax_runtime:233] Logging is enabled.
[  5.136614 0 ax_runtime:234] Primary CPU 0 started, arg = 0x81200000.
[  5.145037 0 ax_runtime:236] Found physcial memory regions:
[  5.152592 0 ax_runtime:238]   [PA:0x80000000, PA:0x80080000) reserved (READ | WRITE | EXECUTE | RESERVED)
[  5.164301 0 ax_runtime:238]   [PA:0x80080000, PA:0x80200000) free memory (READ | WRITE | FREE)
[  5.175053 0 ax_runtime:238]   [PA:0x80200000, PA:0x81200000) reserved (READ | WRITE | EXECUTE | RESERVED)
[  5.186791 0 ax_runtime:238]   [PA:0x81200000, PA:0x81207000) reserved (READ | WRITE | EXECUTE | RESERVED)
[  5.198528 0 ax_runtime:238]   [PA:0x81207000, PA:0x81248000) reserved (READ | WRITE | EXECUTE | RESERVED)
[  5.210266 0 ax_runtime:238]   [PA:0x81248000, PA:0x81354000) reserved (READ | WRITE | EXECUTE | RESERVED)
[  5.222003 0 ax_runtime:238]   [PA:0x81354000, PA:0x87e81000) free memory (READ | WRITE | FREE)
[  5.232755 0 ax_runtime:238]   [PA:0x87e81000, PA:0x880eb000) reserved (READ | WRITE | EXECUTE | RESERVED)
[  5.244493 0 ax_runtime:238]   [PA:0x880eb000, PA:0x8fe00000) free memory (READ | WRITE | FREE)
[  5.255245 0 ax_runtime:373] Initialize global memory allocator...
[  5.263399 0 ax_runtime:374]   use buddy-slab-allocator allocator.
[  5.271554 0 ax_alloc::buddy_slab:158] Initialize global memory allocator, start_vaddr: 0xffffffc0880eb000, size: 0x7d15000
[  5.285015 0 ax_alloc::buddy_slab:424] global allocator initialized
[  5.293097 0 ax_alloc::buddy_slab:168] Add memory region, start_vaddr: 0xffffffc080080000, size: 0x180000
[  5.304746 0 buddy_slab_allocator::global:151] GlobalAllocator: skip region 0xffffffc080080000+0x180000, no allocator-visible memory after 2097152 alignment
[  5.320963 0 ax_alloc::buddy_slab:168] Add memory region, start_vaddr: 0xffffffc081354000, size: 0x6b2d000
[  5.332873 0 ax_runtime:273] kernel aspace: [VA:0xffffffc000000000, VA:0xffffffffffffffff)
[  5.343015 0 ax_mm:107] Initialize virtual memory management...
[  5.353096 0 ax_runtime:285] Initialize platform devices...
[  5.379489 0 somehal::driver:5] Initializing rdrive with FDT at 0xffffffc081200000
[  5.460497 0 ax_task::api:175] Initialize scheduling...
[  5.467635 0:2 ax_task::api:183]   use Round-robin scheduler.
[  5.475231 0:2 ax_runtime:304] Initialize interrupt handlers...
[  5.483293 0:2 ax_runtime::devices:2] Probe platform devices...
[  5.495933 0:2 ax_driver::serial::ns16550:49] Probing NS16550 serial device: serial@04140000
[  5.506587 0:2 ax_driver::serial::ns16550:92] NS16550 serial@0xffffffc004140000 registered successfully
[  5.518101 0:2 ax_driver::serial::ns16550:49] Probing NS16550 serial device: serial@04150000
[  5.528644 0:2 ax_driver::serial::ns16550:92] NS16550 serial@0xffffffc004150000 registered successfully
[  5.540157 0:2 ax_driver::serial::ns16550:49] Probing NS16550 serial device: serial@04160000
[  5.550686 0:2 ax_driver::serial::ns16550:92] NS16550 serial@0xffffffc004160000 registered successfully
[  5.562193 0:2 ax_driver::serial::ns16550:49] Probing NS16550 serial device: serial@04170000
[  5.572720 0:2 ax_driver::serial::ns16550:92] NS16550 serial@0xffffffc004170000 registered successfully
[  5.586503 0:2 ax_driver::block::cvsd:66] cvsd probe: node=cv-sd@4310000, src=375000000Hz min=400000Hz max=25000000Hz bus_width=Bit4 no_1v8=true no_mmc=true no_sdio=true cd_gpio=true
[  5.605232 0:2 ax_driver::block::cvsd:97] cvsd block device registered irq=None
[  5.615036 0:2 ax_driver::net::aic8800:70] [wifi] SDIO1 resources prepared (node=wifi-sd@4320000, controller=0x4320000, src=375000000Hz, bus=Bit4)
[  5.630400 0:2 ax_driver::net::aic8800:98] [wifi] wlan0 device registered (probe stage done)
[  5.641472 0:2 ax_runtime::serial:898] serial runtime NS16550 UART ready: cpu=0, irq=Some(Source(FdtInterrupt(FdtIrqSpec { controller: 116, cells: [44, 4] }))), polling=false
[  5.659386 0:2 ax_runtime::serial:898] serial runtime NS16550 UART ready: cpu=0, irq=Some(Source(FdtInterrupt(FdtIrqSpec { controller: 116, cells: [45, 4] }))), polling=false
[  5.677292 0:2 ax_runtime::serial:898] serial runtime NS16550 UART ready: cpu=0, irq=Some(Source(FdtInterrupt(FdtIrqSpec { controller: 116, cells: [46, 4] }))), polling=false
[  5.695260 0:2 ax_runtime::serial:898] serial runtime NS16550 UART ready: cpu=0, irq=Some(Source(FdtInterrupt(FdtIrqSpec { controller: 116, cells: [47, 4] }))), polling=false
[  7.290792 0:2 ax_runtime:315] runtime console active: serial0, ttyS0
Boot at 1970-01-01 00:00:07.290824680 UTC

[  7.291265 0:9 sdmmc_protocol::sdio::init::state_machine:102] sdio: submit bus op ResetAll
[  7.291555 0:9 ax_fs_ng::block::runtime::hctx:237] prepared block hctx 0 on CPU 0 with hardware depth 1
[  7.291722 0:9 ax_fs_ng::block::runtime::lifecycle::device:325] block device cvsd IRQ source 0 (IrqId { domain: IrqDomainId(7), hwirq: HwIrq(36) }) fixed to CPU 0 for queue mask 0x1
[  7.292650 0:10 sdmmc_protocol::sdio::init::state_machine:102] sdio: submit bus op PowerOn
[  7.302892 0:10 sdmmc_protocol::sdio::init::state_machine:102] sdio: submit bus op SwitchVoltage(V330)
[  7.304638 0:10 sdmmc_protocol::sdio::init::state_machine:63] sdio: submit bus op SetBusWidth(Bit1)
[  7.304730 0:10 sdmmc_protocol::sdio::init::state_machine:63] sdio: submit bus op SetClock(Identification)
[  7.328073 0:10 sdmmc_protocol::sdio::init::state_machine::identify:175] sdio: detected Sd ocr=0xc1ff8000
[  7.329864 0:10 sdmmc_protocol::sdio::init::state_machine::identify:340] sdio: CSD capacity_blocks=Some(124735488)
[  7.330350 0:10 sdmmc_protocol::sdio::init::state_machine::identify:354] sdio: switch SD bus width to 4-bit
[  7.331236 0:10 sdmmc_protocol::sdio::init::state_machine:63] sdio: submit bus op SetBusWidth(Bit4)
[  7.331702 0:10 sdmmc_protocol::sdio::init::state_machine:63] sdio: submit bus op SetClock(Default)
[  7.335846 0:10 sdmmc_protocol::sdio::init::state_machine::sd:185] sdio: SD speed selected HighSpeed
[  7.336314 0:10 sdmmc_protocol::sdio::init::state_machine:237] sdio: init done kind=Sd sd_v2=true high_capacity=true rca=0xaaaa ocr=0xc1ff8000 host_bus_width=Bit4 ext_csd_bus_width=None ext_csd_timing=None
[  7.336355 0:10 sdmmc_protocol::rdif::queue:173] sdmmc block init complete: kind=Sd high_capacity=true rca=43690 capacity_blocks=124735488 cache_enabled=false
[  7.339025 0:2 ax_fs_ng::root:349]     partition 1 name=None fs=None lba 2048..133120
[  7.340568 0:2 ax_fs_ng::root:349]     partition 2 name=None fs=Some(Ext4) lba 133120..4331520
[  7.340616 0:2 ax_fs_ng::root:365]   block device 0 (cvsd) has Mbr partition table with 2 partitions
[  7.341240 0:2 ax_fs_ng::root:475]   matched root by device path on disk0 partition 2 (<unnamed>, fs=ext4, lba 133120..4331520)
[  7.341300 0:2 ax_fs_ng:95] Initialize filesystem subsystem...
[  7.341321 0:2 ax_fs_ng:96]   selected root device: disk0 partition 2 (<unnamed>, fs=ext4, lba 133120..4331520)
[  7.433832 0:2 ax_fs_ng:108]   filesystem type: "ext4"
[  7.459046 0:2 ax_runtime:346] Primary CPU 0 init OK.
[  7.459369 0:2 ax_fs_ng::block::runtime::lifecycle::device:418] block device cvsd online with 1 hctxs across 1 CPUs
[  7.461020 0:2 ax_runtime::irq:193] registered wlan0-g0-s0 IRQ IrqId { domain: IrqDomainId(7), hwirq: HwIrq(38) } on fixed CPU 0
[  7.461205 0:11 aic8800::rdif::device::endpoints::startup:90] [wifi] AIC owner startup timeout armed for 60s
[  7.461264 0:11 aic8800::rdif::device::endpoints::startup:98] [wifi] AIC owner startup waiting 1ms for SDIO1 reset settle
[  7.462335 0:11 aic8800::rdif::device::endpoints::startup:157] [wifi] AIC owner reset settle complete; starting SDIO card enumeration
[  7.462391 0:11 aic8800::rdif::owner::progress:99] [wifi] SDIO completion IRQ enabled; submitting IO-card initialization
[  7.501015 0:11 aic8800::rdif::owner::progress:398] [wifi] detected supported AIC SDIO variant Aic8800D80
[  9.069170 0:2 ax_net:319] Initialize network subsystem...
[  9.070074 0:2 ax_net:341]   use NIC 0: "wlan0"
[  9.070939 0:2 ax_net:384]   Wi-Fi control for wlan0 is owned by CPU 0
[  9.070975 0:2 ax_net:396] wlan0:
[  9.070994 0:2 ax_net:397]   id:   2
[  9.071012 0:2 ax_net:398]   mac:  38-7a-cc-9b-2c-c8
[  9.071044 0:2 ax_net:415]   mode: dhcp
[  9.071079 0:2 ax_net:464] Device: lo
[  9.071104 0:2 ax_net:464] Device: wlan0
[  9.071155 0:2 ax_net::service:529] wlan0: DHCP enabled
[ 11.088959 0:2 ax_net:924] DHCP bootstrap timed out


[ 11.089157 0:2 ax_tracepoint:327] tracepoint_data_start: 0xffffffff805db4c0, tracepoint_data_end: 0xffffffff805db550
[ 11.089213 0:2 ax_tracepoint:370] tracepoint_data_len: 6
[ 11.089244 0:2 ax_tracepoint:389] tracepoint registered: sched:sched_process_exit
[ 11.089275 0:2 ax_tracepoint:389] tracepoint registered: sched:sched_process_fork
[ 11.089303 0:2 ax_tracepoint:389] tracepoint registered: sched:sched_switch
[ 11.089330 0:2 ax_tracepoint:389] tracepoint registered: syscalls:sys_clone
[ 11.089357 0:2 ax_tracepoint:389] tracepoint registered: syscalls:sys_enter_openat
[ 11.089384 0:2 ax_tracepoint:389] tracepoint registered: syscalls:sys_mkdirat
Initialized 6 tracepoints
kmod subsystem initialized
[ 11.089621 0:2 starry_kernel::pseudofs:86] Initialize pseudofs...
[ 11.090198 0:2 starry_kernel::pseudofs::dev::tty::serial:244] ttyS0 registered: path=/serial@04140000, alias=Some(0), paddr=0x4140000, irq=Some(Source(FdtInterrupt(FdtIrqSpec { controller: 116, cells: [44, 4] })))
[ 11.090441 0:2 starry_kernel::pseudofs::dev::tty::serial:244] ttyS1 registered: path=/serial@04150000, alias=Some(1), paddr=0x4150000, irq=Some(Source(FdtInterrupt(FdtIrqSpec { controller: 116, cells: [45, 4] })))
[ 11.090653 0:2 starry_kernel::pseudofs::dev::tty::serial:244] ttyS2 registered: path=/serial@04160000, alias=Some(2), paddr=0x4160000, irq=Some(Source(FdtInterrupt(FdtIrqSpec { controller: 116, cells: [46, 4] })))
Welcome to Starry OS!
[ 11.090857 0:2 starry_kernel::pseudofs::dev::tty::serial:244] ttyS3 registered: path=/serial@04170000, alias=Some(3), paddr=0x4170000, irq=Some(Source(FdtInterrupt(FdtIrqSpec { controller: 116, cells: [47, 4] })))
USER=root
[ 11.090915 0:2 starry_kernel::pseudofs::dev::tty::serial:188] /dev/console bound to runtime console ttyS0
HOSTNAME=starry
[ 11.094263 0:2 sg2002_tpu::tpu::device:181] TPU device initialized
SHLVL=1
[ 11.094407 0:2 starry_kernel::pseudofs::dev::tpu::device:236] [TPU] TDMA IRQ IrqId { domain: IrqDomainId(7), hwirq: HwIrq(76) } registered and enabled
HOME=/root
[ 11.094445 0:2 starry_kernel::pseudofs::dev::tpu::device:316] [TPU] resource tdma=[0xc100000, +0x1000) tiu=[0xc101000, +0x1000) irq=Some(IrqId { domain: IrqDomainId(7), hwirq: HwIrq(76) }) irq_wait=true source=fdt
TERM=xterm-256color
[ 11.097102 0:2 starry_kernel::pseudofs::usbfs:55] usbfs: initializing manager
PATH=/usr/local/sbin:/usr/local/bin:/usr/sbin:/usr/bin:/sbin:/bin
[ 11.099149 0:2 starry_kernel::dyn_debug:65] debug_init: initializing dynamic debug sites
PWD=/
[ 11.146473 0:2 starry_kernel::task::timer:394] Initialize alarm...

[ 11.456090 0:21 starry_kernel::syscall::task::wait:360] sys_waitpid <= pid: -1, options: WaitPidOptions(0x0)
Use apk to install packages.
[ 11.535325 0:21 starry_kernel::syscall::task::wait:360] sys_waitpid <= pid: -1, options: WaitPidOptions(0x0)

[ 11.644084 0:21 starry_kernel::syscall::task::wait:360] sys_waitpid <= pid: -1, options: WaitPidOptions(0x0)
[ 11.819159 0:26 starry_kernel::task::ops:348] Task(26, "busybox") exit with code: 0
[ 11.834488 0:26 starry_kernel::task::signal:647] Send signal SIGCHLD to process 1
root@starry:/root # [ 11.835104 0:21 starry_kernel::syscall::task::wait:360] sys_waitpid <= pid: -1, options: WaitPidOptions(0x0)

[ 11.835465 0:21 starry_kernel::syscall::task::wait:360] sys_waitpid <= pid: -1, options: WaitPidOptions(WNOHANG)
root@starry:/root # [ 11.847711 0:21 starry_kernel::syscall::task::wait:360] sys_waitpid <= pid: -1, options: WaitPidOptions(0x0)

[ 11.848485 0:27 starry_kernel::task::user:71] Enter user space: ip=0x6013d7ae, sp=0x3ffffeb80
root@starry:/root # [ 11.911082 0:27 starry_kernel::task::ops:348] Task(27, "busybox") exit with code: 0
[ 11.926623 0:27 starry_kernel::task::signal:647] Send signal SIGCHLD to process 1
[ 11.927240 0:21 starry_kernel::syscall::task::wait:360] sys_waitpid <= pid: -1, options: WaitPidOptions(0x0)
[ 11.927601 0:21 starry_kernel::syscall::task::wait:360] sys_waitpid <= pid: -1, options: WaitPidOptions(WNOHANG)
[ 11.939979 0:21 starry_kernel::syscall::task::wait:360] sys_waitpid <= pid: -1, options: WaitPidOptions(0x0)
[ 11.940751 0:28 starry_kernel::task::user:71] Enter user space: ip=0x6013d7ae, sp=0x3ffffe960
[ 12.003707 0:28 starry_kernel::task::ops:348] Task(28, "busybox") exit with code: 0
[ 12.019097 0:28 starry_kernel::task::signal:647] Send signal SIGCHLD to process 1
[ 12.019714 0:21 starry_kernel::syscall::task::wait:360] sys_waitpid <= pid: -1, options: WaitPidOptions(0x0)
[ 12.020076 0:21 starry_kernel::syscall::task::wait:360] sys_waitpid <= pid: -1, options: WaitPidOptions(WNOHANG)
[ 12.032328 0:21 starry_kernel::syscall::task::wait:360] sys_waitpid <= pid: -1, options: WaitPidOptions(0x0)
[ 12.033101 0:29 starry_kernel::task::user:71] Enter user space: ip=0x6013d7ae, sp=0x3ffffe960
[ 12.097004 0:29 starry_kernel::task::ops:348] Task(29, "busybox") exit with code: 0
[ 12.112476 0:29 starry_kernel::task::signal:647] Send signal SIGCHLD to process 1
[ 12.113094 0:21 starry_kernel::syscall::task::wait:360] sys_waitpid <= pid: -1, options: WaitPidOptions(0x0)
[ 12.113512 0:21 starry_kernel::syscall::task::wait:360] sys_waitpid <= pid: -1, options: WaitPidOptions(WNOHANG)
[ 12.125809 0:21 starry_kernel::syscall::task::wait:360] sys_waitpid <= pid: -1, options: WaitPidOptions(0x0)
[ 12.126582 0:30 starry_kernel::task::user:71] Enter user space: ip=0x6013d7ae, sp=0x3ffffe960
[ 12.189302 0:30 starry_kernel::task::ops:348] Task(30, "busybox") exit with code: 0
[ 12.204911 0:30 starry_kernel::task::signal:647] Send signal SIGCHLD to process 1
[ 12.205523 0:21 starry_kernel::syscall::task::wait:360] sys_waitpid <= pid: -1, options: WaitPidOptions(0x0)
[ 12.205882 0:21 starry_kernel::syscall::task::wait:360] sys_waitpid <= pid: -1, options: WaitPidOptions(WNOHANG)
[ 12.218146 0:21 starry_kernel::syscall::task::wait:360] sys_waitpid <= pid: -1, options: WaitPidOptions(0x0)
[ 12.218911 0:31 starry_kernel::task::user:71] Enter user space: ip=0x6013d7ae, sp=0x3ffffe960
[ 12.282213 0:31 starry_kernel::task::ops:348] Task(31, "busybox") exit with code: 0
[ 12.297796 0:31 starry_kernel::task::signal:647] Send signal SIGCHLD to process 1
[ 12.298410 0:21 starry_kernel::syscall::task::wait:360] sys_waitpid <= pid: -1, options: WaitPidOptions(0x0)
[ 12.298769 0:21 starry_kernel::syscall::task::wait:360] sys_waitpid <= pid: -1, options: WaitPidOptions(WNOHANG)
[ 12.311057 0:21 starry_kernel::syscall::task::wait:360] sys_waitpid <= pid: -1, options: WaitPidOptions(0x0)
[ 12.311828 0:32 starry_kernel::task::user:71] Enter user space: ip=0x6013d7ae, sp=0x3ffffe960
[ 12.376037 0:32 starry_kernel::task::ops:348] Task(32, "busybox") exit with code: 0
[ 12.391522 0:32 starry_kernel::task::signal:647] Send signal SIGCHLD to process 1
[ 12.392139 0:21 starry_kernel::syscall::task::wait:360] sys_waitpid <= pid: -1, options: WaitPidOptions(0x0)
[ 12.392497 0:21 starry_kernel::syscall::task::wait:360] sys_waitpid <= pid: -1, options: WaitPidOptions(WNOHANG)
[ 12.404799 0:21 starry_kernel::syscall::task::wait:360] sys_waitpid <= pid: -1, options: WaitPidOptions(0x0)
[ 12.405567 0:33 starry_kernel::task::user:71] Enter user space: ip=0x6013d7ae, sp=0x3ffffe960
[ 12.468799 0:33 starry_kernel::task::ops:348] Task(33, "busybox") exit with code: 0
[ 12.484237 0:33 starry_kernel::task::signal:647] Send signal SIGCHLD to process 1
[ 12.484851 0:21 starry_kernel::syscall::task::wait:360] sys_waitpid <= pid: -1, options: WaitPidOptions(0x0)
[ 12.485210 0:21 starry_kernel::syscall::task::wait:360] sys_waitpid <= pid: -1, options: WaitPidOptions(WNOHANG)
[ 12.497484 0:21 starry_kernel::syscall::task::wait:360] sys_waitpid <= pid: -1, options: WaitPidOptions(0x0)
[ 12.498254 0:34 starry_kernel::task::user:71] Enter user space: ip=0x6013d7ae, sp=0x3ffffe960
[ 12.561122 0:34 starry_kernel::task::ops:348] Task(34, "busybox") exit with code: 0
[ 12.576572 0:34 starry_kernel::task::signal:647] Send signal SIGCHLD to process 1
[ 12.577187 0:21 starry_kernel::syscall::task::wait:360] sys_waitpid <= pid: -1, options: WaitPidOptions(0x0)
[ 12.577548 0:21 starry_kernel::syscall::task::wait:360] sys_waitpid <= pid: -1, options: WaitPidOptions(WNOHANG)
[ 12.589777 0:21 starry_kernel::syscall::task::wait:360] sys_waitpid <= pid: -1, options: WaitPidOptions(0x0)
[ 12.590544 0:35 starry_kernel::task::user:71] Enter user space: ip=0x6013d7ae, sp=0x3ffffe960
[ 12.654876 0:35 starry_kernel::task::ops:348] Task(35, "busybox") exit with code: 0
[ 12.670131 0:35 starry_kernel::task::signal:647] Send signal SIGCHLD to process 1
[ 12.670744 0:21 starry_kernel::syscall::task::wait:360] sys_waitpid <= pid: -1, options: WaitPidOptions(0x0)
[ 12.671102 0:21 starry_kernel::syscall::task::wait:360] sys_waitpid <= pid: -1, options: WaitPidOptions(WNOHANG)
[ 12.689348 0:21 starry_kernel::syscall::task::wait:360] sys_waitpid <= pid: -1, options: WaitPidOptions(0x0)
[ 12.689752 0:36 starry_kernel::task::user:71] Enter user space: ip=0x6013d7ae, sp=0x3ffffed40
[ 12.733785 0:36 starry_kernel::task::ops:348] Task(36, "busybox") exit with code: 0
[ 12.749136 0:36 starry_kernel::task::signal:647] Send signal SIGCHLD to process 1
[ 12.749749 0:21 starry_kernel::syscall::task::wait:360] sys_waitpid <= pid: -1, options: WaitPidOptions(0x0)
[ 12.750107 0:21 starry_kernel::syscall::task::wait:360] sys_waitpid <= pid: -1, options: WaitPidOptions(WNOHANG)

root@starry:/root # ip addr
[ 15.868776 0:21 starry_kernel::syscall::task::wait:360] sys_waitpid <= pid: -1, options: WaitPidOptions(WUNTRACED)
1: lo: <LOOPBACK,UP,LOWER_UP> mtu 1500 qdisc noqueue state UP qlen 1000
[ 15.869162 0:37 starry_kernel::task::user:71] Enter user space: ip=0x6013d7ae, sp=0x3fffff570
    link/loopback 00:00:00:00:00:00 brd 00:00:00:00:00:00
[ 15.923470 0:37 starry_kernel::task::ops:348] Task(37, "busybox") exit with code: 0
    inet 127.0.0.1/8 scope host dynamic lo
[ 15.939317 0:37 starry_kernel::task::signal:647] Send signal SIGCHLD to process 1
2: wlan0: <BROADCAST,MULTICAST,UP,LOWER_UP> mtu 1500 qdisc mq state UP qlen 1000
[ 15.940026 0:21 starry_kernel::syscall::task::wait:360] sys_waitpid <= pid: -1, options: WaitPidOptions(WUNTRACED)
    link/ether 38:7a:cc:9b:2c:c8 brd ff:ff:ff:ff:ff:ff
[ 15.940375 0:21 starry_kernel::syscall::task::wait:360] sys_waitpid <= pid: -1, options: WaitPidOptions(WNOHANG | WUNTRACED)
root@starry:/root #
root@starry:/root # wifi-ctl wlan0 ap SG2002 6
[ 34.588319 0:21 starry_kernel::syscall::task::wait:360] sys_waitpid <= pid: -1, options: WaitPidOptions(WUNTRACED)
wlan0: switched to access-point ssid=SG2002
[ 34.588705 0:38 starry_kernel::task::user:71] Enter user space: ip=0x6013d7ae, sp=0x3fffff570
root@starry:/root # [ 34.611800 0:38 ax_net:246] [wifi] wlan0: submitting control transaction
[ 34.913069 0:11 aic8800::rdif::owner::output:228] [wifi] control result queued for network runtime
[ 34.913365 0:11 aic8800::rdif::device::endpoints::control:95] [wifi] control result consumed by network runtime
[ 34.913575 0:38 ax_net:251] [wifi] wlan0: control transaction complete
[ 34.913703 0:38 ax_net::service:678] dev 0: reconfigured as AP 192.168.50.1/24, DHCP server lease 192.168.50.2
[ 34.915350 0:38 starry_kernel::task::ops:348] Task(38, "wifi-ctl") exit with code: 0
[ 34.917893 0:38 starry_kernel::task::signal:647] Send signal SIGCHLD to process 1
[ 34.918504 0:21 starry_kernel::syscall::task::wait:360] sys_waitpid <= pid: -1, options: WaitPidOptions(WUNTRACED)
[ 34.918852 0:21 starry_kernel::syscall::task::wait:360] sys_waitpid <= pid: -1, options: WaitPidOptions(WNOHANG | WUNTRACED)

root@starry:/root #
root@starry:/root #
root@starry:/root # ip addr
[ 75.181665 0:21 starry_kernel::syscall::task::wait:360] sys_waitpid <= pid: -1, options: WaitPidOptions(WUNTRACED)
1: lo: <LOOPBACK,UP,LOWER_UP> mtu 1500 qdisc noqueue state UP qlen 1000
[ 75.182541 0:39 starry_kernel::task::user:71] Enter user space: ip=0x6013d7ae, sp=0x3fffff570
    link/loopback 00:00:00:00:00:00 brd 00:00:00:00:00:00
[ 75.236931 0:39 starry_kernel::task::ops:348] Task(39, "busybox") exit with code: 0
    inet 192.168.50.1/24 scope host dynamic lo
[ 75.253208 0:39 starry_kernel::task::signal:647] Send signal SIGCHLD to process 1
2: wlan0: <BROADCAST,MULTICAST,UP,LOWER_UP> mtu 1500 qdisc mq state UP qlen 1000
[ 75.254007 0:21 starry_kernel::syscall::task::wait:360] sys_waitpid <= pid: -1, options: WaitPidOptions(WUNTRACED)
    link/ether 38:7a:cc:9b:2c:c8 brd ff:ff:ff:ff:ff:ff
[ 75.254358 0:21 starry_kernel::syscall::task::wait:360] sys_waitpid <= pid: -1, options: WaitPidOptions(WNOHANG | WUNTRACED)
root@starry:/root #
