asta@Astalia:~$ iperf3 -c 192.168.137.239
Connecting to host 192.168.137.239, port 5201
[  5] local 172.25.36.69 port 48862 connected to 192.168.137.239 port 5201
[ ID] Interval           Transfer     Bitrate         Retr  Cwnd
[  5]   0.00-1.00   sec  6.88 MBytes  57.5 Mbits/sec    0    146 KBytes
[  5]   1.00-2.01   sec  3.38 MBytes  28.2 Mbits/sec    0    146 KBytes
[  5]   2.01-3.01   sec  3.25 MBytes  27.3 Mbits/sec    0    146 KBytes
[  5]   3.01-4.01   sec  3.25 MBytes  27.2 Mbits/sec    0    146 KBytes
[  5]   4.01-5.01   sec  3.38 MBytes  28.1 Mbits/sec    0    146 KBytes
[  5]   5.01-6.01   sec  3.25 MBytes  27.3 Mbits/sec    0    146 KBytes
[  5]   6.01-7.01   sec  3.38 MBytes  28.4 Mbits/sec    0    146 KBytes
[  5]   7.01-8.01   sec  3.25 MBytes  27.4 Mbits/sec    0    146 KBytes
[  5]   8.01-9.01   sec  3.25 MBytes  27.0 Mbits/sec    0    146 KBytes
[  5]   9.01-10.01  sec  3.25 MBytes  27.3 Mbits/sec    0    146 KBytes
- - - - - - - - - - - - - - - - - - - - - - - - -
[ ID] Interval           Transfer     Bitrate         Retr
[  5]   0.00-10.01  sec  36.5 MBytes  30.6 Mbits/sec    0             sender
[  5]   0.00-9.64   sec  33.5 MBytes  29.1 Mbits/sec                  receiver

iperf Done.
asta@Astalia:~$ iperf3 -c 192.168.137.239 -R
Connecting to host 192.168.137.239, port 5201
Reverse mode, remote host 192.168.137.239 is sending
[  5] local 172.25.36.69 port 41944 connected to 192.168.137.239 port 5201
[ ID] Interval           Transfer     Bitrate
[  5]   0.00-1.00   sec  1.88 MBytes  15.7 Mbits/sec
[  5]   1.00-2.00   sec  2.00 MBytes  16.8 Mbits/sec
[  5]   2.00-3.01   sec  1.88 MBytes  15.6 Mbits/sec
[  5]   3.01-4.01   sec  2.12 MBytes  17.9 Mbits/sec
[  5]   4.01-5.01   sec  2.00 MBytes  16.7 Mbits/sec
[  5]   5.01-6.02   sec  2.00 MBytes  16.7 Mbits/sec
[  5]   6.02-7.00   sec  1.88 MBytes  16.0 Mbits/sec
[  5]   7.00-8.01   sec  2.12 MBytes  17.8 Mbits/sec
[  5]   8.01-9.01   sec  2.00 MBytes  16.8 Mbits/sec
[  5]   9.01-10.01  sec  2.00 MBytes  16.8 Mbits/sec
- - - - - - - - - - - - - - - - - - - - - - - - -
[ ID] Interval           Transfer     Bitrate         Retr
[  5]   0.00-9.64   sec  20.0 MBytes  17.4 Mbits/sec    0             sender
[  5]   0.00-10.01  sec  19.9 MBytes  16.7 Mbits/sec                  receiver

iperf Done.
asta@Astalia:~$ iperf3 -c 192.168.137.239 --bidir
Connecting to host 192.168.137.239, port 5201
[  5] local 172.25.36.69 port 32808 connected to 192.168.137.239 port 5201
[  7] local 172.25.36.69 port 32812 connected to 192.168.137.239 port 5201
[ ID][Role] Interval           Transfer     Bitrate         Retr  Cwnd
[  5][TX-C]   0.00-1.00   sec  4.12 MBytes  34.5 Mbits/sec    0    132 KBytes
[  7][RX-C]   0.00-1.00   sec  1.25 MBytes  10.5 Mbits/sec
[  5][TX-C]   1.00-2.00   sec  1.00 MBytes  8.40 Mbits/sec    0    132 KBytes
[  7][RX-C]   1.00-2.00   sec  1.38 MBytes  11.5 Mbits/sec
[  5][TX-C]   2.00-3.04   sec  1.00 MBytes  8.10 Mbits/sec    0    132 KBytes
[  7][RX-C]   2.00-3.04   sec  1.25 MBytes  10.1 Mbits/sec
[  5][TX-C]   3.04-4.01   sec  1.00 MBytes  8.65 Mbits/sec    0    132 KBytes
[  7][RX-C]   3.04-4.01   sec  1.12 MBytes  9.73 Mbits/sec
[  5][TX-C]   4.01-5.02   sec  1.00 MBytes  8.28 Mbits/sec    0    132 KBytes
[  7][RX-C]   4.01-5.02   sec  1.00 MBytes  8.28 Mbits/sec
[  5][TX-C]   5.02-6.00   sec  1.00 MBytes  8.54 Mbits/sec    0    132 KBytes
[  7][RX-C]   5.02-6.00   sec  1.25 MBytes  10.7 Mbits/sec
[  5][TX-C]   6.00-7.01   sec  1.00 MBytes  8.28 Mbits/sec    0    132 KBytes
[  7][RX-C]   6.00-7.01   sec  1.00 MBytes  8.28 Mbits/sec
[  5][TX-C]   7.01-8.01   sec  1.00 MBytes  8.40 Mbits/sec    0    132 KBytes
[  7][RX-C]   7.01-8.01   sec  1.38 MBytes  11.5 Mbits/sec
[  5][TX-C]   8.01-9.01   sec  1.00 MBytes  8.43 Mbits/sec    0    132 KBytes
[  7][RX-C]   8.01-9.01   sec  1.25 MBytes  10.5 Mbits/sec
[  5][TX-C]   9.01-10.00  sec  1.00 MBytes  8.45 Mbits/sec    0    132 KBytes
[  7][RX-C]   9.01-10.00  sec  1.00 MBytes  8.45 Mbits/sec
- - - - - - - - - - - - - - - - - - - - - - - - -
[ ID][Role] Interval           Transfer     Bitrate         Retr
[  5][TX-C]   0.00-10.00  sec  13.1 MBytes  11.0 Mbits/sec    0             sender
[  5][TX-C]   0.00-9.63   sec  10.5 MBytes  9.14 Mbits/sec                  receiver
[  7][RX-C]   0.00-10.00  sec  12.0 MBytes  10.1 Mbits/sec    0             sender
[  7][RX-C]   0.00-9.63   sec  11.9 MBytes  10.3 Mbits/sec                  receiver

iperf Done.
asta@Astalia:~$ iperf3 -c 192.168.137.239 -P 3 -t 10
Connecting to host 192.168.137.239, port 5201
[  5] local 172.25.36.69 port 46292 connected to 192.168.137.239 port 5201
[  7] local 172.25.36.69 port 46306 connected to 192.168.137.239 port 5201
[  9] local 172.25.36.69 port 46310 connected to 192.168.137.239 port 5201
[ ID] Interval           Transfer     Bitrate         Retr  Cwnd
[  5]   0.00-1.00   sec  5.00 MBytes  41.9 Mbits/sec    0    135 KBytes
[  7]   0.00-1.00   sec  4.50 MBytes  37.7 Mbits/sec    0    135 KBytes
[  9]   0.00-1.00   sec  4.25 MBytes  35.6 Mbits/sec    0    142 KBytes
[SUM]   0.00-1.00   sec  13.8 MBytes   115 Mbits/sec    0
- - - - - - - - - - - - - - - - - - - - - - - - -
[  5]   1.00-2.00   sec  1.00 MBytes  8.38 Mbits/sec    0    135 KBytes
[  7]   1.00-2.00   sec  1.00 MBytes  8.38 Mbits/sec    0    135 KBytes
[  9]   1.00-2.00   sec  2.12 MBytes  17.8 Mbits/sec    0    142 KBytes
[SUM]   1.00-2.00   sec  4.12 MBytes  34.6 Mbits/sec    0
- - - - - - - - - - - - - - - - - - - - - - - - -
[  5]   2.00-3.00   sec  1.00 MBytes  8.38 Mbits/sec    0    135 KBytes
[  7]   2.00-3.00   sec  2.12 MBytes  17.8 Mbits/sec    0    135 KBytes
[  9]   2.00-3.00   sec  1.12 MBytes  9.43 Mbits/sec    0    142 KBytes
[SUM]   2.00-3.00   sec  4.25 MBytes  35.6 Mbits/sec    0
- - - - - - - - - - - - - - - - - - - - - - - - -
[  5]   3.00-4.01   sec  2.12 MBytes  17.8 Mbits/sec    0    135 KBytes
[  7]   3.00-4.01   sec  1.00 MBytes  8.36 Mbits/sec    0    135 KBytes
[  9]   3.00-4.01   sec  2.12 MBytes  17.8 Mbits/sec    0    142 KBytes
[SUM]   3.00-4.01   sec  5.25 MBytes  43.9 Mbits/sec    0
- - - - - - - - - - - - - - - - - - - - - - - - -
[  5]   4.01-5.01   sec  1.00 MBytes  8.33 Mbits/sec    0    135 KBytes
[  7]   4.01-5.01   sec  2.00 MBytes  16.7 Mbits/sec    0    135 KBytes
[  9]   4.01-5.01   sec  1.00 MBytes  8.33 Mbits/sec    0    142 KBytes
[SUM]   4.01-5.01   sec  4.00 MBytes  33.3 Mbits/sec    0
- - - - - - - - - - - - - - - - - - - - - - - - -
[  5]   5.01-6.00   sec  2.00 MBytes  17.0 Mbits/sec    0    135 KBytes
[  7]   5.01-6.00   sec  1.00 MBytes  8.50 Mbits/sec    0    135 KBytes
[  9]   5.01-6.00   sec  1.12 MBytes  9.56 Mbits/sec    0    142 KBytes
[SUM]   5.01-6.00   sec  4.12 MBytes  35.1 Mbits/sec    0
- - - - - - - - - - - - - - - - - - - - - - - - -
[  5]   6.00-7.00   sec  1.00 MBytes  8.39 Mbits/sec    0    135 KBytes
[  7]   6.00-7.00   sec  2.00 MBytes  16.8 Mbits/sec    0    135 KBytes
[  9]   6.00-7.00   sec  2.12 MBytes  17.8 Mbits/sec    0    142 KBytes
[SUM]   6.00-7.00   sec  5.12 MBytes  43.0 Mbits/sec    0
- - - - - - - - - - - - - - - - - - - - - - - - -
[  5]   7.00-8.00   sec  2.00 MBytes  16.8 Mbits/sec    0    135 KBytes
[  7]   7.00-8.00   sec  1.00 MBytes  8.39 Mbits/sec    0    135 KBytes
[  9]   7.00-8.00   sec  1.00 MBytes  8.39 Mbits/sec    0    142 KBytes
[SUM]   7.00-8.00   sec  4.00 MBytes  33.6 Mbits/sec    0
- - - - - - - - - - - - - - - - - - - - - - - - -
[  5]   8.00-9.00   sec  2.00 MBytes  16.7 Mbits/sec    1   94.2 KBytes
[  7]   8.00-9.00   sec  2.12 MBytes  17.8 Mbits/sec    0    135 KBytes
[  9]   8.00-9.00   sec  2.12 MBytes  17.8 Mbits/sec    0    142 KBytes
[SUM]   8.00-9.00   sec  6.25 MBytes  52.3 Mbits/sec    1
- - - - - - - - - - - - - - - - - - - - - - - - -
[  5]   9.00-10.01  sec  1.00 MBytes  8.35 Mbits/sec    0   94.2 KBytes
[  7]   9.00-10.01  sec   896 KBytes  7.30 Mbits/sec    0    135 KBytes
[  9]   9.00-10.01  sec  1.12 MBytes  9.39 Mbits/sec    0    142 KBytes
[SUM]   9.00-10.01  sec  3.00 MBytes  25.0 Mbits/sec    0
- - - - - - - - - - - - - - - - - - - - - - - - -
[ ID] Interval           Transfer     Bitrate         Retr
[  5]   0.00-10.01  sec  18.1 MBytes  15.2 Mbits/sec    1             sender
[  5]   0.00-9.99   sec  15.1 MBytes  12.7 Mbits/sec                  receiver
[  7]   0.00-10.01  sec  17.6 MBytes  14.8 Mbits/sec    0             sender
[  7]   0.00-9.99   sec  15.0 MBytes  12.6 Mbits/sec                  receiver
[  9]   0.00-10.01  sec  18.1 MBytes  15.2 Mbits/sec    0             sender
[  9]   0.00-9.99   sec  15.0 MBytes  12.6 Mbits/sec                  receiver
[SUM]   0.00-10.01  sec  53.9 MBytes  45.2 Mbits/sec    1             sender
[SUM]   0.00-9.99   sec  45.1 MBytes  37.9 Mbits/sec                  receiver

iperf Done.
asta@Astalia:~$ iperf3 -c 192.168.137.239 -R -P 3 -t 10
Connecting to host 192.168.137.239, port 5201
Reverse mode, remote host 192.168.137.239 is sending
[  5] local 172.25.36.69 port 58552 connected to 192.168.137.239 port 5201
[  7] local 172.25.36.69 port 58560 connected to 192.168.137.239 port 5201
[  9] local 172.25.36.69 port 58562 connected to 192.168.137.239 port 5201
[ ID] Interval           Transfer     Bitrate
[  5]   0.00-1.02   sec   128 KBytes  1.03 Mbits/sec
[  7]   0.00-1.02   sec   128 KBytes  1.03 Mbits/sec
[  9]   0.00-1.02   sec   128 KBytes  1.03 Mbits/sec
[SUM]   0.00-1.02   sec   384 KBytes  3.10 Mbits/sec
- - - - - - - - - - - - - - - - - - - - - - - - -
[  5]   1.02-2.00   sec   256 KBytes  2.13 Mbits/sec
[  7]   1.02-2.00   sec   256 KBytes  2.13 Mbits/sec
[  9]   1.02-2.00   sec  0.00 Bytes  0.00 bits/sec
[SUM]   1.02-2.00   sec   512 KBytes  4.25 Mbits/sec
- - - - - - - - - - - - - - - - - - - - - - - - -
[  5]   2.00-3.00   sec   256 KBytes  2.10 Mbits/sec
[  7]   2.00-3.00   sec   256 KBytes  2.10 Mbits/sec
[  9]   2.00-3.00   sec  0.00 Bytes  0.00 bits/sec
[SUM]   2.00-3.00   sec   512 KBytes  4.19 Mbits/sec
- - - - - - - - - - - - - - - - - - - - - - - - -
[  5]   3.00-4.00   sec   128 KBytes  1.05 Mbits/sec
[  7]   3.00-4.00   sec   128 KBytes  1.05 Mbits/sec
[  9]   3.00-4.00   sec  0.00 Bytes  0.00 bits/sec
[SUM]   3.00-4.00   sec   256 KBytes  2.10 Mbits/sec
- - - - - - - - - - - - - - - - - - - - - - - - -
[  5]   4.00-5.00   sec   256 KBytes  2.10 Mbits/sec
[  7]   4.00-5.00   sec   256 KBytes  2.10 Mbits/sec
[  9]   4.00-5.00   sec  0.00 Bytes  0.00 bits/sec
[SUM]   4.00-5.00   sec   512 KBytes  4.19 Mbits/sec
- - - - - - - - - - - - - - - - - - - - - - - - -
[  5]   5.00-6.00   sec   256 KBytes  2.10 Mbits/sec
[  7]   5.00-6.00   sec   128 KBytes  1.05 Mbits/sec
[  9]   5.00-6.00   sec  0.00 Bytes  0.00 bits/sec
[SUM]   5.00-6.00   sec   384 KBytes  3.15 Mbits/sec
- - - - - - - - - - - - - - - - - - - - - - - - -
[  5]   6.00-7.00   sec   256 KBytes  2.10 Mbits/sec
[  7]   6.00-7.00   sec   256 KBytes  2.10 Mbits/sec
[  9]   6.00-7.00   sec  0.00 Bytes  0.00 bits/sec
[SUM]   6.00-7.00   sec   512 KBytes  4.20 Mbits/sec
- - - - - - - - - - - - - - - - - - - - - - - - -
[  5]   7.00-8.02   sec   256 KBytes  2.07 Mbits/sec
[  7]   7.00-8.02   sec   256 KBytes  2.07 Mbits/sec
[  9]   7.00-8.02   sec  0.00 Bytes  0.00 bits/sec
[SUM]   7.00-8.02   sec   512 KBytes  4.14 Mbits/sec
- - - - - - - - - - - - - - - - - - - - - - - - -
[  5]   8.02-9.01   sec   256 KBytes  2.11 Mbits/sec
[  7]   8.02-9.01   sec   256 KBytes  2.11 Mbits/sec
[  9]   8.02-9.01   sec  0.00 Bytes  0.00 bits/sec
[SUM]   8.02-9.01   sec   512 KBytes  4.22 Mbits/sec
- - - - - - - - - - - - - - - - - - - - - - - - -
[  5]   9.01-10.00  sec   256 KBytes  2.12 Mbits/sec
[  7]   9.01-10.00  sec   256 KBytes  2.12 Mbits/sec
[  9]   9.01-10.00  sec  0.00 Bytes  0.00 bits/sec
[SUM]   9.01-10.00  sec   512 KBytes  4.23 Mbits/sec
- - - - - - - - - - - - - - - - - - - - - - - - -
[ ID] Interval           Transfer     Bitrate         Retr
[  5]   0.00-9.93   sec  2.38 MBytes  2.01 Mbits/sec    0             sender
[  5]   0.00-10.00  sec  2.25 MBytes  1.89 Mbits/sec                  receiver
[  7]   0.00-9.93   sec  2.25 MBytes  1.90 Mbits/sec    0             sender
[  7]   0.00-10.00  sec  2.12 MBytes  1.78 Mbits/sec                  receiver
[  9]   0.00-9.93   sec   128 KBytes   106 Kbits/sec    0             sender
[  9]   0.00-10.00  sec   128 KBytes   105 Kbits/sec                  receiver
[SUM]   0.00-9.93   sec  4.75 MBytes  4.01 Mbits/sec    0             sender
[SUM]   0.00-10.00  sec  4.50 MBytes  3.77 Mbits/sec                  receiver

iperf Done.
asta@Astalia:~$ iperf3 -c 192.168.137.239 -R
Connecting to host 192.168.137.239, port 5201
Reverse mode, remote host 192.168.137.239 is sending
[  5] local 172.25.36.69 port 48604 connected to 192.168.137.239 port 5201
[ ID] Interval           Transfer     Bitrate
[  5]   0.00-1.00   sec  2.00 MBytes  16.7 Mbits/sec
[  5]   1.00-2.00   sec  1.75 MBytes  14.7 Mbits/sec
[  5]   2.00-3.00   sec  2.12 MBytes  17.8 Mbits/sec
[  5]   3.00-4.00   sec  2.00 MBytes  16.8 Mbits/sec
[  5]   4.00-5.00   sec  2.00 MBytes  16.8 Mbits/sec
[  5]   5.00-6.00   sec  2.12 MBytes  17.8 Mbits/sec
[  5]   6.00-7.00   sec  2.25 MBytes  18.9 Mbits/sec
[  5]   7.00-8.00   sec  2.12 MBytes  17.8 Mbits/sec
[  5]   8.00-9.00   sec  2.00 MBytes  16.7 Mbits/sec
[  5]   9.00-10.00  sec  2.00 MBytes  16.8 Mbits/sec
- - - - - - - - - - - - - - - - - - - - - - - - -
[ ID] Interval           Transfer     Bitrate         Retr
[  5]   0.00-9.96   sec  20.6 MBytes  17.4 Mbits/sec    0             sender
[  5]   0.00-10.00  sec  20.4 MBytes  17.1 Mbits/sec                  receiver

iperf Done.