???
root@starry:/root #
root@starry:/root #
root@starry:/root #
root@starry:/root #
root@starry:/root #
root@starry:/root # iperf3 -s 1
[ 32.765825 0:25 starry_kernel::syscall::task::wait:360] sys_waitpid <= pid: -1, options: WaitPidOptions(WUNTRACED)
[ 32.766389 0:41 starry_kernel::task::user:71] Enter user space: ip=0x6013d7ae, sp=0x3fffff570
-----------------------------------------------------------
Server listening on 5201 (test #1)
-----------------------------------------------------------
[ 46.133051 0:7 aic8800::fdrv::protocol::apm:280] [apm] ME_STA_ADD_CFM: sta_idx=0 status=0
[ 46.133128 0:7 aic8800::fdrv::thread::ap:155] [wifi-ap] STA [90, de, 80, 92, bc, cd] registered: sta_idx=0, aid=1
[ 46.133207 0:7 aic8800::fdrv::thread::ap:174] [wifi-ap] Assoc Response queued -> [90, de, 80, 92, bc, cd]
[ 46.135140 0:7 aic8800::fdrv::thread::ap:192] [wifi-ap] control port OPENED for sta_idx=0
[ 46.148519 0:14 ax_net::dhcp_server:144] [dhcp-srv] Request from 90-de-80-92-bc-cd -> Ack 192.168.50.2
[ 46.582919 0:15 ax_net::device::ethernet:490] wlan0: ARP 192.168.50.2 -> 90-de-80-92-bc-cd
[ 57.308226 0:15 ax_net::device::ethernet:490] wlan0: ARP 192.168.50.2 -> 90-de-80-92-bc-cd
Accepted connection from 192.168.50.2, port 63486
[  5] local 192.168.50.1 port 5201 connected to 192.168.50.2 port 63494
[ 57.556531 0:42 starry_kernel::task::user:71] Enter user space: ip=0x601524d0, sp=0x428af0
[ ID] Interval           Transfer     Bitrate
[  5]   0.00-1.00   sec  1.38 MBytes  11.5 Mbits/sec
[  5]   1.00-2.00   sec  1.50 MBytes  12.6 Mbits/sec
[  5]   2.00-3.00   sec  1.50 MBytes  12.6 Mbits/sec
[  5]   3.00-4.00   sec  1.50 MBytes  12.6 Mbits/sec
[  5]   4.00-5.00   sec  1.50 MBytes  12.6 Mbits/sec
[  5]   5.00-6.00   sec  1.50 MBytes  12.6 Mbits/sec
[  5]   6.00-7.00   sec  1.50 MBytes  12.6 Mbits/sec
[  5]   7.00-8.00   sec  1.50 MBytes  12.6 Mbits/sec
[ 66.020226 0:41 starry_kernel::task::signal:584] Send signal SIGRT1 to thread 3
[  5]   7.00-8.00   sec  1.50 MBytes  12.6 Mbits/sec
[ 66.025837 0:42 starry_kernel::task::ops:348] Task(42, "iperf3") exit with code: 0
- - - - - - - - - - - - - - - - - - - - - - - - -
[ ID] Interval           Transfer     Bitrate
[  5]   0.00-8.00   sec  12.5 MBytes  13.1 Mbits/sec                  receiver
iperf3: the client has terminated
-----------------------------------------------------------
Server listening on 5201 (test #2)
-----------------------------------------------------------
[ 68.104975 0:7 aic8800::fdrv::protocol::apm:280] [apm] ME_STA_ADD_CFM: sta_idx=1 status=0
[ 68.105047 0:7 aic8800::fdrv::thread::ap:155] [wifi-ap] STA [ac, 16, 15, 70, 9e, 3f] registered: sta_idx=1, aid=1
[ 68.105129 0:7 aic8800::fdrv::thread::ap:174] [wifi-ap] Assoc Response queued -> [ac, 16, 15, 70, 9e, 3f]
[ 68.105892 0:7 aic8800::fdrv::thread::ap:192] [wifi-ap] control port OPENED for sta_idx=1
[ 68.263922 0:15 ax_net::device::ethernet:490] wlan0: ARP 192.168.50.2 -> ac-16-15-70-9e-3f
[ 68.267800 0:14 ax_net::dhcp_server:144] [dhcp-srv] Request from ac-16-15-70-9e-3f -> Ack 192.168.50.2
[ 69.477261 0:15 ax_net::device::ethernet:490] wlan0: ARP 192.168.50.2 -> ac-16-15-70-9e-3f


[ 81.229679 0:15 ax_net::device::ethernet:490] wlan0: ARP 192.168.50.2 -> 90-de-80-92-bc-cd
[ 81.978784 0:15 ax_net::device::ethernet:490] wlan0: ARP 192.168.50.2 -> 90-de-80-92-bc-cd
^C[ 88.919361 0:18 starry_kernel::task::signal:732] Send signal SIGINT to process group 2
iperf3: interrupt - the server has terminated by signal Interrupt(2)
[ 88.919419 0:18 starry_kernel::task::signal:647] Send signal SIGINT to process 2
root@starry:/root # [ 88.920936 0:41 starry_kernel::task::ops:348] Task(41, "iperf3") exit with code: 0

[ 88.943992 0:41 starry_kernel::task::signal:647] Send signal SIGCHLD to process 1
root@starry:/root # [ 88.944970 0:25 starry_kernel::syscall::task::wait:360] sys_waitpid <= pid: -1, options: WaitPidOptions(WUNTRACED)

[ 88.945308 0:25 starry_kernel::syscall::task::wait:360] sys_waitpid <= pid: -1, options: WaitPidOptions(WNOHANG | WUNTRACED)
root@starry:/root # [ 91.223416 0:25 starry_kernel::task::signal:584] Send signal SIGINT to thread 1
^C

root@starry:/root # [ 91.384505 0:25 starry_kernel::task::signal:584] Send signal SIGINT to thread 1
^C

root@starry:/root # [ 91.539799 0:25 starry_kernel::task::signal:584] Send signal SIGINT to thread 1
^C

root@starry:/root # [ 91.716717 0:25 starry_kernel::task::signal:584] Send signal SIGINT to thread 1
^C

root@starry:/root # iperf3 -s 1[ 94.077189 0:25 starry_kernel::syscall::task::wait:360] sys_waitpid <= pid: -1, options: WaitPidOptions(WUNTRACED)

[ 94.077907 0:43 starry_kernel::task::user:71] Enter user space: ip=0x6013d7ae, sp=0x3fffff570
-----------------------------------------------------------
Server listening on 5201 (test #1)
-----------------------------------------------------------
Accepted connection from 192.168.50.2, port 635panicked at os/arceos/modules/axtask/src/api.rs:599:5:
sleeping or rescheduling is not allowed in atomic context: caller=os/arceos/modules/axruntime/src/wifi_glue.rs:73:9, reasons=[preempt_disabled], irq_enabled=true, irq_context=false, preempt_count=1, cpu_id=0, task_id=Some(6), task_state=Some(Running)
BACKTRACE_BEGIN kind=panic arch=riscv64 alloc=false dwarf=false
BT_ERROR requires_alloc
BACKTRACE_END
