root@starry:/root # wifi_monitor
[ 23.881128 0:41 kbpf_basic::map:272] bpf map type BPF_MAP_TYPE_CPUMAP not implemented
[ 23.881244 0:41 kbpf_basic::map:272] bpf map type BPF_MAP_TYPE_DEVMAP not implemented
WIFI_MONITOR: kprobe → _RNvNtNtNtCsbh5HI0F01lx_7aic88004fdrv6thread2tx18enqueue_data_frame
WIFI_MONITOR: kprobe → _RNvMNtNtNtCsbh5HI0F01lx_7aic88004fdrv4core14sdio_transportNtB2_13SdioTransport10write_fifo
WIFI_MONITOR: kretprobe → _RNvMNtNtNtCsbh5HI0F01lx_7aic88004fdrv4core14sdio_transportNtB2_13SdioTransport10write_fifo
WIFI_MONITOR: 探针挂载完成
=== wifi_monitor ===
TX_ENQUEUE  cnt=0  bytes=0
SDIO_WR      bytes=0  err=0
SDIO_WR_LAT  0 0 0 0 0 0 0 0 (total=0)
root@starry:/root # ip addr
1: lo: <LOOPBACK,UP,LOWER_UP> mtu 1500 qdisc noqueue state UP qlen 1000
    link/loopback 00:00:00:00:00:00 brd 00:00:00:00:00:00
    inet 127.0.0.1/8 scope host dynamic lo
2: wlan0: <BROADCAST,MULTICAST,UP,LOWER_UP> mtu 1500 qdisc mq state UP qlen 1000
    link/ether 38:7a:cc:9b:2c:c8 brd ff:ff:ff:ff:ff:ff
    inet 192.168.50.1/24 brd 192.168.50.255 scope global dynamic wlan0
root@starry:/root # ip addr
1: lo: <LOOPBACK,UP,LOWER_UP> mtu 1500 qdisc noqueue state UP qlen 1000
    link/loopback 00:00:00:00:00:00 brd 00:00:00:00:00:00
    inet 127.0.0.1/8 scope host dynamic lo
2: wlan0: <BROADCAST,MULTICAST,UP,LOWER_UP> mtu 1500 qdisc mq state UP qlen 1000
    link/ether 38:7a:cc:9b:2c:c8 brd ff:ff:ff:ff:ff:ff
    inet 192.168.50.1/24 brd 192.168.50.255 scope global dynamic wlan0
root@starry:/root # ip addr
1: lo: <LOOPBACK,UP,LOWER_UP> mtu 1500 qdisc noqueue state UP qlen 1000
    link/loopback 00:00:00:00:00:00 brd 00:00:00:00:00:00
    inet 127.0.0.1/8 scope host dynamic lo
2: wlan0: <BROADCAST,MULTICAST,UP,LOWER_UP> mtu 1500 qdisc mq state UP qlen 1000
    link/ether 38:7a:cc:9b:2c:c8 brd ff:ff:ff:ff:ff:ff
    inet 192.168.50.1/24 brd 192.168.50.255 scope global dynamic wlan0
root@starry:/root # wifi_monitor
[ 58.562240 0:45 kbpf_basic::map:272] bpf map type BPF_MAP_TYPE_CPUMAP not implemented
[ 58.562358 0:45 kbpf_basic::map:272] bpf map type BPF_MAP_TYPE_DEVMAP not implemented
WIFI_MONITOR: kprobe → _RNvNtNtNtCsbh5HI0F01lx_7aic88004fdrv6thread2tx18enqueue_data_frame
WIFI_MONITOR: kprobe → _RNvMNtNtNtCsbh5HI0F01lx_7aic88004fdrv4core14sdio_transportNtB2_13SdioTransport10write_fifo
WIFI_MONITOR: kretprobe → _RNvMNtNtNtCsbh5HI0F01lx_7aic88004fdrv4core14sdio_transportNtB2_13SdioTransport10write_fifo
WIFI_MONITOR: 探针挂载完成
=== wifi_monitor ===
TX_ENQUEUE  cnt=0  bytes=0
SDIO_WR      bytes=0  err=0
SDIO_WR_LAT  0 0 0 0 0 0 0 0 (total=0)
root@starry:/root # iperf3 -s 1
-----------------------------------------------------------
Server listening on 5201 (test #1)
-----------------------------------------------------------
Accepted connection from 192.168.50.2, port 52118
[  5] local 192.168.50.1 port 5201 connected to 192.168.50.2 port 52124
[ ID] Interval           Transfer     Bitrate
[  5]   0.00-1.00   sec  1.25 MBytes  10.5 Mbits/sec
[  5]   1.00-2.00   sec  1.38 MBytes  11.5 Mbits/sec
[  5]   2.00-3.00   sec  1.38 MBytes  11.5 Mbits/sec
[  5]   3.00-4.00   sec  1.50 MBytes  12.6 Mbits/sec
[  5]   4.00-5.00   sec  1.50 MBytes  12.6 Mbits/sec
[  5]   5.00-6.00   sec  1.38 MBytes  11.5 Mbits/sec
[  5]   6.00-7.00   sec  1.50 MBytes  12.6 Mbits/sec
[  5]   7.00-8.00   sec  1.50 MBytes  12.6 Mbits/sec
[  5]   8.00-9.00   sec  1.50 MBytes  12.6 Mbits/sec
[  5]   9.00-9.99   sec  1.38 MBytes  11.7 Mbits/sec
- - - - - - - - - - - - - - - - - - - - - - - - -
[ ID] Interval           Transfer     Bitrate
[  5]   0.00-9.99   sec  14.2 MBytes  12.0 Mbits/sec                  receiver
-----------------------------------------------------------
Server listening on 5201 (test #2)
-----------------------------------------------------------


^Ciperf3: interrupt - the server has terminated by signal Interrupt(2)
root@starry:/root #
root@starry:/root #
root@starry:/root # ip addr
1: lo: <LOOPBACK,UP,LOWER_UP> mtu 1500 qdisc noqueue state UP qlen 1000
    link/loopback 00:00:00:00:00:00 brd 00:00:00:00:00:00
    inet 127.0.0.1/8 scope host dynamic lo
2: wlan0: <BROADCAST,MULTICAST,UP,LOWER_UP> mtu 1500 qdisc mq state UP qlen 1000
    link/ether 38:7a:cc:9b:2c:c8 brd ff:ff:ff:ff:ff:ff
    inet 192.168.50.1/24 brd 192.168.50.255 scope global dynamic wlan0
root@starry:/root # cat /proc/net/dev
Inter-|   Receive                                                |  Transmit
 face |bytes    packets errs drop fifo frame compressed multicast|bytes    packets errs drop fifo colls carrier compressed
    lo:       0       0    0    0    0     0          0         0        0       0    0    0    0     0       0          0
 wlan0: 15829751   10676    0    0    0     0          0         0   274853    4567    0    0    0     0       0          0
root@starry:/root # wifi_monitor
[134.696008 0:50 kbpf_basic::map:272] bpf map type BPF_MAP_TYPE_CPUMAP not implemented
[134.696125 0:50 kbpf_basic::map:272] bpf map type BPF_MAP_TYPE_DEVMAP not implemented
WIFI_MONITOR: kprobe → _RNvNtNtNtCsbh5HI0F01lx_7aic88004fdrv6thread2tx18enqueue_data_frame
WIFI_MONITOR: kprobe → _RNvMNtNtNtCsbh5HI0F01lx_7aic88004fdrv4core14sdio_transportNtB2_13SdioTransport10write_fifo
WIFI_MONITOR: kretprobe → _RNvMNtNtNtCsbh5HI0F01lx_7aic88004fdrv4core14sdio_transportNtB2_13SdioTransport10write_fifo
WIFI_MONITOR: 探针挂载完成
=== wifi_monitor ===
TX_ENQUEUE  cnt=0  bytes=0
SDIO_WR      bytes=0  err=0
SDIO_WR_LAT  0 0 0 0 0 0 0 0 (total=0)
root@starry:/root # iperf3 -s 1
-----------------------------------------------------------
Server listening on 5201 (test #1)
-----------------------------------------------------------
Accepted connection from 192.168.50.2, port 52138
[  5] local 192.168.50.1 port 5201 connected to 192.168.50.2 port 52142
[ ID] Interval           Transfer     Bitrate         Retr  Cwnd
[  5]   0.00-1.00   sec  0.00 Bytes  0.00 bits/sec    0   0.00 Bytes
[  5]   1.00-2.00   sec  0.00 Bytes  0.00 bits/sec    0   0.00 Bytes
[  5]   2.00-3.00   sec  0.00 Bytes  0.00 bits/sec    0   0.00 Bytes
[  5]   3.00-4.01   sec  0.00 Bytes  0.00 bits/sec    0   0.00 Bytes
[  5]   4.01-5.01   sec  0.00 Bytes  0.00 bits/sec    0   0.00 Bytes
[  5]   5.01-6.01   sec  0.00 Bytes  0.00 bits/sec    0   0.00 Bytes
[  5]   6.01-7.02   sec  0.00 Bytes  0.00 bits/sec    0   0.00 Bytes
[  5]   7.02-8.02   sec  0.00 Bytes  0.00 bits/sec    0   0.00 Bytes
[  5]   8.02-9.02   sec  0.00 Bytes  0.00 bits/sec    0   0.00 Bytes
[  5]   9.02-10.03  sec   128 KBytes  1.04 Mbits/sec    0   0.00 Bytes
[  5]  10.03-11.03  sec  0.00 Bytes  0.00 bits/sec    0   0.00 Bytes
[  5]  11.03-12.03  sec  0.00 Bytes  0.00 bits/sec    0   0.00 Bytes
[  5]  12.03-12.69  sec  0.00 Bytes  0.00 bits/sec    0   0.00 Bytes
- - - - - - - - - - - - - - - - - - - - - - - - -
[ ID] Interval           Transfer     Bitrate         Retr
[  5]   0.00-12.69  sec   128 KBytes  82.6 Kbits/sec    0            sender
-----------------------------------------------------------
Server listening on 5201 (test #2)
-----------------------------------------------------------

^Ciperf3: interrupt - the server has terminated by signal Interrupt(2)
root@starry:/root #
root@starry:/root # wifi_monitor
[184.275566 0:53 kbpf_basic::map:272] bpf map type BPF_MAP_TYPE_CPUMAP not implemented
[184.275686 0:53 kbpf_basic::map:272] bpf map type BPF_MAP_TYPE_DEVMAP not implemented
WIFI_MONITOR: kprobe → _RNvNtNtNtCsbh5HI0F01lx_7aic88004fdrv6thread2tx18enqueue_data_frame
WIFI_MONITOR: kprobe → _RNvMNtNtNtCsbh5HI0F01lx_7aic88004fdrv4core14sdio_transportNtB2_13SdioTransport10write_fifo
WIFI_MONITOR: kretprobe → _RNvMNtNtNtCsbh5HI0F01lx_7aic88004fdrv4core14sdio_transportNtB2_13SdioTransport10write_fifo
WIFI_MONITOR: 探针挂载完成
=== wifi_monitor ===
TX_ENQUEUE  cnt=0  bytes=0
SDIO_WR      bytes=0  err=0
SDIO_WR_LAT  0 0 0 0 0 0 0 0 (total=0)
root@starry:/root #
